// Vitest Snapshot v1, https://vitest.dev/guide/snapshot.html

exports[`should fetch historical networth 2`] = `
[
  {
    "_id": "1504224000000",
    "_rev": "1-1e90d2489635aa8e3a5ac4d0c0805a12",
    "change": 0,
    "changePercentage": 0,
    "time": 1504224000,
    "value": 173.96,
  },
  {
    "_id": "1504310400000",
    "_rev": "1-1701f0c7796c51088d866a515cda6981",
    "change": 0,
    "changePercentage": 0,
    "time": 1504310400,
    "value": 160.9,
  },
  {
    "_id": "1504396800000",
    "_rev": "1-2b9a4eb26388ab64ecf59183ef376311",
    "change": 0,
    "changePercentage": 0,
    "time": 1504396800,
    "value": 162.23,
  },
  {
    "_id": "1504483200000",
    "_rev": "1-d52fbf4e4a4fffc93ac9bab621088d75",
    "change": 0,
    "changePercentage": 0,
    "time": 1504483200,
    "value": 147.52,
  },
  {
    "_id": "1504569600000",
    "_rev": "1-1efa458fb8ac8361c3e9dd2516740427",
    "change": 0,
    "changePercentage": 0,
    "time": 1504569600,
    "value": 157.1,
  },
  {
    "_id": "1504656000000",
    "_rev": "1-74bfbaaa1be9fe4665654c9c59a71550",
    "change": 0,
    "changePercentage": 0,
    "time": 1504656000,
    "value": 166.22,
  },
  {
    "_id": "1504742400000",
    "_rev": "1-abd2c545dbbc6e1919295dae59e2023c",
    "change": 0,
    "changePercentage": 0,
    "time": 1504742400,
    "value": 342.29,
  },
  {
    "_id": "1504828800000",
    "_rev": "1-e07bfc059361f4a49345dad383f0ce5d",
    "change": 0,
    "changePercentage": 0,
    "time": 1504828800,
    "value": 312.47,
  },
  {
    "_id": "1504915200000",
    "_rev": "1-6988c0417ae5564d8f0a986f5a46c265",
    "change": 0,
    "changePercentage": 0,
    "time": 1504915200,
    "value": 310.72,
  },
  {
    "_id": "1505001600000",
    "_rev": "1-daf56ce189d6fdd3f3ae463bd9bf1a35",
    "change": 0,
    "changePercentage": 0,
    "time": 1505001600,
    "value": 301.35,
  },
  {
    "_id": "1505088000000",
    "_rev": "1-6b55b8611a31e92f54ab623348790b00",
    "change": 0,
    "changePercentage": 0,
    "time": 1505088000,
    "value": 307.04,
  },
  {
    "_id": "1505174400000",
    "_rev": "1-c218fdc24c06ea9de5396a5a4f0aa4bf",
    "change": 0,
    "changePercentage": 0,
    "time": 1505174400,
    "value": 303.78,
  },
  {
    "_id": "1505260800000",
    "_rev": "1-8cc3fd762e07018a5d386bcf17607397",
    "change": 0,
    "changePercentage": 0,
    "time": 1505260800,
    "value": 287.8,
  },
  {
    "_id": "1505347200000",
    "_rev": "1-29b802351f3d853f940391de1748ff82",
    "change": 0,
    "changePercentage": 0,
    "time": 1505347200,
    "value": 232.67,
  },
]
`;
