[
  {
    "_id": "$importId_0xa6cb206757f26bc188607946af4a6d49f81ace2cf328eb2c36290b0083cc4770_FEE",
    "assetId": "ethereum:0x0000000000000000000000000000000000000000:ETH",
    "balance": "0",
    "balanceN": 0,
    "change": "-0.0003213",
    "changeN": -0.0003213,
    "importId": "$importId",
    "operation": "Fee",
    "platform": "ethereum",
    "timestamp": 1604453002000,
    "txId": "$importId_0xa6cb206757f26bc188607946af4a6d49f81ace2cf328eb2c36290b0083cc4770",
    "wallet": "0xf98c96b5d10faafc2324847c82305bd5fd7e5ad3",
  },
  {
    "_id": "$importId_0xa6cb206757f26bc188607946af4a6d49f81ace2cf328eb2c36290b0083cc4770_VALUE",
    "assetId": "ethereum:0x0000000000000000000000000000000000000000:ETH",
    "balance": "0.0003213",
    "balanceN": 0.0003213,
    "change": "-0.468064038",
    "changeN": -0.468064038,
    "importId": "$importId",
    "operation": "Withdraw",
    "platform": "ethereum",
    "timestamp": 1604453002000,
    "txId": "$importId_0xa6cb206757f26bc188607946af4a6d49f81ace2cf328eb2c36290b0083cc4770",
    "wallet": "0xf98c96b5d10faafc2324847c82305bd5fd7e5ad3",
  },
  {
    "_id": "$importId_0x70fb76fa1a862bf0d3946a3e19c980500a9d3545c04834f67137674202acd829_ERC20",
    "assetId": "ethereum:0x58b6a8a3302369daec383334672404ee733ab239:LPT",
    "balance": "2.117826656607921801",
    "balanceN": 2.117826656607922,
    "change": "2.117826656607921801",
    "changeN": 2.117826656607922,
    "importId": "$importId",
    "operation": "Deposit",
    "platform": "ethereum",
    "timestamp": 1537435256000,
    "txId": undefined,
    "wallet": "0xf98c96b5d10faafc2324847c82305bd5fd7e5ad3",
  },
  {
    "_id": "$importId_0x93e256a0728412e50a5b8bd8672ee67b96305297a9498b566a032eccbf504fc9_ERC20",
    "assetId": "ethereum:0x7b2f9706cd8473b4f5b7758b0171a9933fc6c4d6:HEALP",
    "balance": "911",
    "balanceN": 911,
    "change": "911",
    "changeN": 911,
    "importId": "$importId",
    "operation": "Deposit",
    "platform": "ethereum",
    "timestamp": 1529138603000,
    "txId": undefined,
    "wallet": "0xf98c96b5d10faafc2324847c82305bd5fd7e5ad3",
  },
  {
    "_id": "$importId_0xca53366c006469162541313f3e714ca7b91f65ea8c5e69205f7aff27aa1dc1d3_ERC20",
    "assetId": "ethereum:0xa4e8c3ec456107ea67d3075bf9e3df3a75823db0:LOOM",
    "balance": "10",
    "balanceN": 10,
    "change": "10",
    "changeN": 10,
    "importId": "$importId",
    "operation": "Deposit",
    "platform": "ethereum",
    "timestamp": 1521052009000,
    "txId": undefined,
    "wallet": "0xf98c96b5d10faafc2324847c82305bd5fd7e5ad3",
  },
  {
    "_id": "$importId_0xca53366c006469162541313f3e714ca7b91f65ea8c5e69205f7aff27aa1dc1d3_FEE",
    "assetId": "ethereum:0x0000000000000000000000000000000000000000:ETH",
    "balance": "0.468385338",
    "balanceN": 0.468385338,
    "change": "-0.000134622",
    "changeN": -0.000134622,
    "importId": "$importId",
    "operation": "Fee",
    "platform": "ethereum",
    "timestamp": 1521052009000,
    "txId": "$importId_0xca53366c006469162541313f3e714ca7b91f65ea8c5e69205f7aff27aa1dc1d3",
    "wallet": "0xf98c96b5d10faafc2324847c82305bd5fd7e5ad3",
  },
  {
    "_id": "$importId_0xca53366c006469162541313f3e714ca7b91f65ea8c5e69205f7aff27aa1dc1d3_VALUE",
    "assetId": "ethereum:0x0000000000000000000000000000000000000000:ETH",
    "balance": "0.46851996",
    "balanceN": 0.46851996,
    "change": "-0.03",
    "changeN": -0.03,
    "importId": "$importId",
    "operation": "Withdraw",
    "platform": "ethereum",
    "timestamp": 1521052009000,
    "txId": "$importId_0xca53366c006469162541313f3e714ca7b91f65ea8c5e69205f7aff27aa1dc1d3",
    "wallet": "0xf98c96b5d10faafc2324847c82305bd5fd7e5ad3",
  },
  {
    "_id": "$importId_0xf3c35a52ea24d286c1abf5b4f51a27aff17f70ebf62ef9ab616bd8cedd64e4dd_ERC20",
    "assetId": "ethereum:0x1d462414fe14cf489c7a21cac78509f4bf8cd7c0:CAN",
    "balance": "2",
    "balanceN": 2,
    "change": "2",
    "changeN": 2,
    "importId": "$importId",
    "operation": "Deposit",
    "platform": "ethereum",
    "timestamp": 1518786600000,
    "txId": undefined,
    "wallet": "0xf98c96b5d10faafc2324847c82305bd5fd7e5ad3",
  },
  {
    "_id": "$importId_0x56c244f19bcbe2b09b17ce4360c0f53f009202bc791b6d10726346336335b99b_FEE",
    "assetId": "ethereum:0x0000000000000000000000000000000000000000:ETH",
    "balance": "0.49851996",
    "balanceN": 0.49851996,
    "change": "-0.00042",
    "changeN": -0.00042,
    "importId": "$importId",
    "operation": "Fee",
    "platform": "ethereum",
    "timestamp": 1512414810000,
    "txId": "$importId_0x56c244f19bcbe2b09b17ce4360c0f53f009202bc791b6d10726346336335b99b",
    "wallet": "0xf98c96b5d10faafc2324847c82305bd5fd7e5ad3",
  },
  {
    "_id": "$importId_0x56c244f19bcbe2b09b17ce4360c0f53f009202bc791b6d10726346336335b99b_VALUE",
    "assetId": "ethereum:0x0000000000000000000000000000000000000000:ETH",
    "balance": "0.49893996",
    "balanceN": 0.49893996,
    "change": "-1",
    "changeN": -1,
    "importId": "$importId",
    "operation": "Withdraw",
    "platform": "ethereum",
    "timestamp": 1512414810000,
    "txId": "$importId_0x56c244f19bcbe2b09b17ce4360c0f53f009202bc791b6d10726346336335b99b",
    "wallet": "0xf98c96b5d10faafc2324847c82305bd5fd7e5ad3",
  },
  {
    "_id": "$importId_0x08e216f2da99f2961380d164c1df7c792dfc1075d026ec778d2e4e1931c80cf9_ERC20",
    "assetId": "ethereum:0x52903256dd18d85c2dc4a6c999907c9793ea61e3:INSP",
    "balance": "777",
    "balanceN": 777,
    "change": "777",
    "changeN": 777,
    "importId": "$importId",
    "operation": "Deposit",
    "platform": "ethereum",
    "timestamp": 1511796400000,
    "txId": undefined,
    "wallet": "0xf98c96b5d10faafc2324847c82305bd5fd7e5ad3",
  },
  {
    "_id": "$importId_0x5d28d54b66e30c007be9768e6c1852c9df6ab2e903a01479bcfcd19798c85f72_ERC20",
    "assetId": "ethereum:0x519475b31653e46d20cd09f9fdcf3b12bdacb4f5:VIU",
    "balance": "29.9787992",
    "balanceN": 29.9787992,
    "change": "29.9787992",
    "changeN": 29.9787992,
    "importId": "$importId",
    "operation": "Deposit",
    "platform": "ethereum",
    "timestamp": 1510355666000,
    "txId": undefined,
    "wallet": "0xf98c96b5d10faafc2324847c82305bd5fd7e5ad3",
  },
  {
    "_id": "$importId_0xeb18c18def1b7bf9e1f2e831647b9c8fe45de82e9669d7b52143a6c2cb15cc64_ERC20",
    "assetId": "ethereum:0x0cf0ee63788a0849fe5297f3407f701e122cc023:XDATA",
    "balance": "0.21165476692904842",
    "balanceN": 0.21165476692904842,
    "change": "0.21165476692904842",
    "changeN": 0.21165476692904842,
    "importId": "$importId",
    "operation": "Deposit",
    "platform": "ethereum",
    "timestamp": 1509810019000,
    "txId": undefined,
    "wallet": "0xf98c96b5d10faafc2324847c82305bd5fd7e5ad3",
  },
  {
    "_id": "$importId_0x117756c2023161a70a4146feedf5b3a3f0b2028e8bc8542b4c59f994a29e5817_ERC20",
    "assetId": "ethereum:0xab95e915c123fded5bdfb6325e35ef5515f1ea69:XNN",
    "balance": "319.22562200498686051",
    "balanceN": 319.22562200498686,
    "change": "319.22562200498686051",
    "changeN": 319.22562200498686,
    "importId": "$importId",
    "operation": "Deposit",
    "platform": "ethereum",
    "timestamp": 1509139741000,
    "txId": undefined,
    "wallet": "0xf98c96b5d10faafc2324847c82305bd5fd7e5ad3",
  },
  {
    "_id": "$importId_0xb41d6819932845278e7c451400f1778a952b35c6358dc51b49436438753f5113_FEE",
    "assetId": "ethereum:0x0000000000000000000000000000000000000000:ETH",
    "balance": "1.49893996",
    "balanceN": 1.49893996,
    "change": "-0.000441",
    "changeN": -0.000441,
    "importId": "$importId",
    "operation": "Fee",
    "platform": "ethereum",
    "timestamp": 1507383978000,
    "txId": "$importId_0xb41d6819932845278e7c451400f1778a952b35c6358dc51b49436438753f5113",
    "wallet": "0xf98c96b5d10faafc2324847c82305bd5fd7e5ad3",
  },
  {
    "_id": "$importId_0xb41d6819932845278e7c451400f1778a952b35c6358dc51b49436438753f5113_VALUE",
    "assetId": "ethereum:0x0000000000000000000000000000000000000000:ETH",
    "balance": "1.49938096",
    "balanceN": 1.49938096,
    "change": "-0.5",
    "changeN": -0.5,
    "importId": "$importId",
    "operation": "Withdraw",
    "platform": "ethereum",
    "timestamp": 1507383978000,
    "txId": "$importId_0xb41d6819932845278e7c451400f1778a952b35c6358dc51b49436438753f5113",
    "wallet": "0xf98c96b5d10faafc2324847c82305bd5fd7e5ad3",
  },
  {
    "_id": "$importId_0x5681f720f737811e4822936f08b4a8644184bde3ea3efea74614bb44cb78c901_FEE",
    "assetId": "ethereum:0x0000000000000000000000000000000000000000:ETH",
    "balance": "1.99938096",
    "balanceN": 1.99938096,
    "change": "-0.00042102",
    "changeN": -0.00042102,
    "importId": "$importId",
    "operation": "Fee",
    "platform": "ethereum",
    "timestamp": 1504967849000,
    "txId": "$importId_0x5681f720f737811e4822936f08b4a8644184bde3ea3efea74614bb44cb78c901",
    "wallet": "0xf98c96b5d10faafc2324847c82305bd5fd7e5ad3",
  },
  {
    "_id": "$importId_0x5681f720f737811e4822936f08b4a8644184bde3ea3efea74614bb44cb78c901_VALUE",
    "assetId": "ethereum:0x0000000000000000000000000000000000000000:ETH",
    "balance": "1.99980198",
    "balanceN": 1.99980198,
    "change": "-2.801",
    "changeN": -2.801,
    "importId": "$importId",
    "operation": "Withdraw",
    "platform": "ethereum",
    "timestamp": 1504967849000,
    "txId": "$importId_0x5681f720f737811e4822936f08b4a8644184bde3ea3efea74614bb44cb78c901",
    "wallet": "0xf98c96b5d10faafc2324847c82305bd5fd7e5ad3",
  },
  {
    "_id": "$importId_0x76127867634dbb645d21ed2833156da65d2c183a726aca483cc09c7ccebebcb0_FEE",
    "assetId": "ethereum:0x0000000000000000000000000000000000000000:ETH",
    "balance": "4.80080198",
    "balanceN": 4.80080198,
    "change": "-0.00042",
    "changeN": -0.00042,
    "importId": "$importId",
    "operation": "Fee",
    "platform": "ethereum",
    "timestamp": 1504966930000,
    "txId": "$importId_0x76127867634dbb645d21ed2833156da65d2c183a726aca483cc09c7ccebebcb0",
    "wallet": "0xf98c96b5d10faafc2324847c82305bd5fd7e5ad3",
  },
  {
    "_id": "$importId_0x76127867634dbb645d21ed2833156da65d2c183a726aca483cc09c7ccebebcb0_VALUE",
    "assetId": "ethereum:0x0000000000000000000000000000000000000000:ETH",
    "balance": "4.80122198",
    "balanceN": 4.80122198,
    "change": "-0.25",
    "changeN": -0.25,
    "importId": "$importId",
    "operation": "Withdraw",
    "platform": "ethereum",
    "timestamp": 1504966930000,
    "txId": "$importId_0x76127867634dbb645d21ed2833156da65d2c183a726aca483cc09c7ccebebcb0",
    "wallet": "0xf98c96b5d10faafc2324847c82305bd5fd7e5ad3",
  },
  {
    "_id": "$importId_0xfbc404ce56a5b591c989551f39a8b7a5009b022873645d78acee1f8305bd4e34_FEE",
    "assetId": "ethereum:0x0000000000000000000000000000000000000000:ETH",
    "balance": "5.05122198",
    "balanceN": 5.05122198,
    "change": "-0.00042102",
    "changeN": -0.00042102,
    "importId": "$importId",
    "operation": "Fee",
    "platform": "ethereum",
    "timestamp": 1504963955000,
    "txId": "$importId_0xfbc404ce56a5b591c989551f39a8b7a5009b022873645d78acee1f8305bd4e34",
    "wallet": "0xf98c96b5d10faafc2324847c82305bd5fd7e5ad3",
  },
  {
    "_id": "$importId_0xfbc404ce56a5b591c989551f39a8b7a5009b022873645d78acee1f8305bd4e34_VALUE",
    "assetId": "ethereum:0x0000000000000000000000000000000000000000:ETH",
    "balance": "5.051643",
    "balanceN": 5.051643,
    "change": "-0.1",
    "changeN": -0.1,
    "importId": "$importId",
    "operation": "Withdraw",
    "platform": "ethereum",
    "timestamp": 1504963955000,
    "txId": "$importId_0xfbc404ce56a5b591c989551f39a8b7a5009b022873645d78acee1f8305bd4e34",
    "wallet": "0xf98c96b5d10faafc2324847c82305bd5fd7e5ad3",
  },
  {
    "_id": "$importId_0x0a11ffa605919dd2cc1524a0fc3de9b32a78678ccdae8aa91439c6353440503e_VALUE",
    "assetId": "ethereum:0x0000000000000000000000000000000000000000:ETH",
    "balance": "5.151643",
    "balanceN": 5.151643,
    "change": "5.061643",
    "changeN": 5.061643,
    "importId": "$importId",
    "operation": "Deposit",
    "platform": "ethereum",
    "timestamp": 1504959717000,
    "txId": "$importId_0x0a11ffa605919dd2cc1524a0fc3de9b32a78678ccdae8aa91439c6353440503e",
    "wallet": "0xf98c96b5d10faafc2324847c82305bd5fd7e5ad3",
  },
  {
    "_id": "$importId_0xbed75f8508fff302e3d6bd6ecb006f33c27d4d17013d9d93f129cb14896df07c_VALUE",
    "assetId": "ethereum:0x0000000000000000000000000000000000000000:ETH",
    "balance": "0.09",
    "balanceN": 0.09,
    "change": "0.09",
    "changeN": 0.09,
    "importId": "$importId",
    "operation": "Deposit",
    "platform": "ethereum",
    "timestamp": 1504958289000,
    "txId": "$importId_0xbed75f8508fff302e3d6bd6ecb006f33c27d4d17013d9d93f129cb14896df07c",
    "wallet": "0xf98c96b5d10faafc2324847c82305bd5fd7e5ad3",
  },
]