[
  {
    "_id": "0xa6cb206757f26bc188607946af4a6d49f81ace2cf328eb2c36290b0083cc4770_NORMAL",
    "fee": "-0.0003213",
    "feeAsset": "ethereum:0x0000000000000000000000000000000000000000:ETH",
    "feeN": -0.0003213,
    "method": "Transfer",
    "outgoing": "0.468064038",
    "outgoingAsset": "ethereum:0x0000000000000000000000000000000000000000:ETH",
    "outgoingN": 0.468064038,
    "platform": "ethereum",
    "timestamp": 1604453002000,
    "txHash": "0xa6cb206757f26bc188607946af4a6d49f81ace2cf328eb2c36290b0083cc4770",
    "type": "Withdraw",
    "wallet": "0xf98c96b5d10faafc2324847c82305bd5fd7e5ad3",
  },
  {
    "_id": "0x70fb76fa1a862bf0d3946a3e19c980500a9d3545c04834f67137674202acd829_ERC20",
    "contractAddress": "0x58b6a8a3302369daec383334672404ee733ab239",
    "incoming": "2.117826656607921801",
    "incomingAsset": "ethereum:0x58b6a8a3302369daec383334672404ee733ab239:LPT",
    "incomingN": 2.117826656607922,
    "platform": "ethereum",
    "timestamp": 1537435256000,
    "txHash": "0x70fb76fa1a862bf0d3946a3e19c980500a9d3545c04834f67137674202acd829",
    "type": "Deposit",
    "wallet": "0xf98c96b5d10faafc2324847c82305bd5fd7e5ad3",
  },
  {
    "_id": "0x93e256a0728412e50a5b8bd8672ee67b96305297a9498b566a032eccbf504fc9_ERC20",
    "contractAddress": "0x7b2f9706cd8473b4f5b7758b0171a9933fc6c4d6",
    "incoming": "911",
    "incomingAsset": "ethereum:0x7b2f9706cd8473b4f5b7758b0171a9933fc6c4d6:HEALP",
    "incomingN": 911,
    "platform": "ethereum",
    "timestamp": 1529138603000,
    "txHash": "0x93e256a0728412e50a5b8bd8672ee67b96305297a9498b566a032eccbf504fc9",
    "type": "Deposit",
    "wallet": "0xf98c96b5d10faafc2324847c82305bd5fd7e5ad3",
  },
  {
    "_id": "0xca53366c006469162541313f3e714ca7b91f65ea8c5e69205f7aff27aa1dc1d3_NORMAL",
    "fee": "-0.000134622",
    "feeAsset": "ethereum:0x0000000000000000000000000000000000000000:ETH",
    "feeN": -0.000134622,
    "method": "Transfer",
    "outgoing": "0.03",
    "outgoingAsset": "ethereum:0x0000000000000000000000000000000000000000:ETH",
    "outgoingN": 0.03,
    "platform": "ethereum",
    "timestamp": 1521052009000,
    "txHash": "0xca53366c006469162541313f3e714ca7b91f65ea8c5e69205f7aff27aa1dc1d3",
    "type": "Withdraw",
    "wallet": "0xf98c96b5d10faafc2324847c82305bd5fd7e5ad3",
  },
  {
    "_id": "0xca53366c006469162541313f3e714ca7b91f65ea8c5e69205f7aff27aa1dc1d3_ERC20",
    "contractAddress": "0xa4e8c3ec456107ea67d3075bf9e3df3a75823db0",
    "incoming": "10",
    "incomingAsset": "ethereum:0xa4e8c3ec456107ea67d3075bf9e3df3a75823db0:LOOM",
    "incomingN": 10,
    "platform": "ethereum",
    "timestamp": 1521052009000,
    "txHash": "0xca53366c006469162541313f3e714ca7b91f65ea8c5e69205f7aff27aa1dc1d3",
    "type": "Deposit",
    "wallet": "0xf98c96b5d10faafc2324847c82305bd5fd7e5ad3",
  },
  {
    "_id": "0xf3c35a52ea24d286c1abf5b4f51a27aff17f70ebf62ef9ab616bd8cedd64e4dd_ERC20",
    "contractAddress": "0x1d462414fe14cf489c7a21cac78509f4bf8cd7c0",
    "incoming": "2",
    "incomingAsset": "ethereum:0x1d462414fe14cf489c7a21cac78509f4bf8cd7c0:CAN",
    "incomingN": 2,
    "platform": "ethereum",
    "timestamp": 1518786600000,
    "txHash": "0xf3c35a52ea24d286c1abf5b4f51a27aff17f70ebf62ef9ab616bd8cedd64e4dd",
    "type": "Deposit",
    "wallet": "0xf98c96b5d10faafc2324847c82305bd5fd7e5ad3",
  },
  {
    "_id": "0x56c244f19bcbe2b09b17ce4360c0f53f009202bc791b6d10726346336335b99b_NORMAL",
    "fee": "-0.00042",
    "feeAsset": "ethereum:0x0000000000000000000000000000000000000000:ETH",
    "feeN": -0.00042,
    "method": "Transfer",
    "outgoing": "1",
    "outgoingAsset": "ethereum:0x0000000000000000000000000000000000000000:ETH",
    "outgoingN": 1,
    "platform": "ethereum",
    "timestamp": 1512414810000,
    "txHash": "0x56c244f19bcbe2b09b17ce4360c0f53f009202bc791b6d10726346336335b99b",
    "type": "Withdraw",
    "wallet": "0xf98c96b5d10faafc2324847c82305bd5fd7e5ad3",
  },
  {
    "_id": "0x08e216f2da99f2961380d164c1df7c792dfc1075d026ec778d2e4e1931c80cf9_ERC20",
    "contractAddress": "0x52903256dd18d85c2dc4a6c999907c9793ea61e3",
    "incoming": "777",
    "incomingAsset": "ethereum:0x52903256dd18d85c2dc4a6c999907c9793ea61e3:INSP",
    "incomingN": 777,
    "platform": "ethereum",
    "timestamp": 1511796400000,
    "txHash": "0x08e216f2da99f2961380d164c1df7c792dfc1075d026ec778d2e4e1931c80cf9",
    "type": "Deposit",
    "wallet": "0xf98c96b5d10faafc2324847c82305bd5fd7e5ad3",
  },
  {
    "_id": "0x5d28d54b66e30c007be9768e6c1852c9df6ab2e903a01479bcfcd19798c85f72_ERC20",
    "contractAddress": "0x519475b31653e46d20cd09f9fdcf3b12bdacb4f5",
    "incoming": "29.9787992",
    "incomingAsset": "ethereum:0x519475b31653e46d20cd09f9fdcf3b12bdacb4f5:VIU",
    "incomingN": 29.9787992,
    "platform": "ethereum",
    "timestamp": 1510355666000,
    "txHash": "0x5d28d54b66e30c007be9768e6c1852c9df6ab2e903a01479bcfcd19798c85f72",
    "type": "Deposit",
    "wallet": "0xf98c96b5d10faafc2324847c82305bd5fd7e5ad3",
  },
  {
    "_id": "0xeb18c18def1b7bf9e1f2e831647b9c8fe45de82e9669d7b52143a6c2cb15cc64_ERC20",
    "contractAddress": "0x0cf0ee63788a0849fe5297f3407f701e122cc023",
    "incoming": "0.21165476692904842",
    "incomingAsset": "ethereum:0x0cf0ee63788a0849fe5297f3407f701e122cc023:XDATA",
    "incomingN": 0.21165476692904842,
    "platform": "ethereum",
    "timestamp": 1509810019000,
    "txHash": "0xeb18c18def1b7bf9e1f2e831647b9c8fe45de82e9669d7b52143a6c2cb15cc64",
    "type": "Deposit",
    "wallet": "0xf98c96b5d10faafc2324847c82305bd5fd7e5ad3",
  },
  {
    "_id": "0x117756c2023161a70a4146feedf5b3a3f0b2028e8bc8542b4c59f994a29e5817_ERC20",
    "contractAddress": "0xab95e915c123fded5bdfb6325e35ef5515f1ea69",
    "incoming": "319.22562200498686051",
    "incomingAsset": "ethereum:0xab95e915c123fded5bdfb6325e35ef5515f1ea69:XNN",
    "incomingN": 319.22562200498686,
    "platform": "ethereum",
    "timestamp": 1509139741000,
    "txHash": "0x117756c2023161a70a4146feedf5b3a3f0b2028e8bc8542b4c59f994a29e5817",
    "type": "Deposit",
    "wallet": "0xf98c96b5d10faafc2324847c82305bd5fd7e5ad3",
  },
  {
    "_id": "0xb41d6819932845278e7c451400f1778a952b35c6358dc51b49436438753f5113_NORMAL",
    "fee": "-0.000441",
    "feeAsset": "ethereum:0x0000000000000000000000000000000000000000:ETH",
    "feeN": -0.000441,
    "method": "Transfer",
    "outgoing": "0.5",
    "outgoingAsset": "ethereum:0x0000000000000000000000000000000000000000:ETH",
    "outgoingN": 0.5,
    "platform": "ethereum",
    "timestamp": 1507383978000,
    "txHash": "0xb41d6819932845278e7c451400f1778a952b35c6358dc51b49436438753f5113",
    "type": "Withdraw",
    "wallet": "0xf98c96b5d10faafc2324847c82305bd5fd7e5ad3",
  },
  {
    "_id": "0x5681f720f737811e4822936f08b4a8644184bde3ea3efea74614bb44cb78c901_NORMAL",
    "fee": "-0.00042102",
    "feeAsset": "ethereum:0x0000000000000000000000000000000000000000:ETH",
    "feeN": -0.00042102,
    "method": "Transfer",
    "outgoing": "2.801",
    "outgoingAsset": "ethereum:0x0000000000000000000000000000000000000000:ETH",
    "outgoingN": 2.801,
    "platform": "ethereum",
    "timestamp": 1504967849000,
    "txHash": "0x5681f720f737811e4822936f08b4a8644184bde3ea3efea74614bb44cb78c901",
    "type": "Withdraw",
    "wallet": "0xf98c96b5d10faafc2324847c82305bd5fd7e5ad3",
  },
  {
    "_id": "0x76127867634dbb645d21ed2833156da65d2c183a726aca483cc09c7ccebebcb0_NORMAL",
    "fee": "-0.00042",
    "feeAsset": "ethereum:0x0000000000000000000000000000000000000000:ETH",
    "feeN": -0.00042,
    "method": "Transfer",
    "outgoing": "0.25",
    "outgoingAsset": "ethereum:0x0000000000000000000000000000000000000000:ETH",
    "outgoingN": 0.25,
    "platform": "ethereum",
    "timestamp": 1504966930000,
    "txHash": "0x76127867634dbb645d21ed2833156da65d2c183a726aca483cc09c7ccebebcb0",
    "type": "Withdraw",
    "wallet": "0xf98c96b5d10faafc2324847c82305bd5fd7e5ad3",
  },
  {
    "_id": "0xfbc404ce56a5b591c989551f39a8b7a5009b022873645d78acee1f8305bd4e34_NORMAL",
    "fee": "-0.00042102",
    "feeAsset": "ethereum:0x0000000000000000000000000000000000000000:ETH",
    "feeN": -0.00042102,
    "method": "Transfer",
    "outgoing": "0.1",
    "outgoingAsset": "ethereum:0x0000000000000000000000000000000000000000:ETH",
    "outgoingN": 0.1,
    "platform": "ethereum",
    "timestamp": 1504963955000,
    "txHash": "0xfbc404ce56a5b591c989551f39a8b7a5009b022873645d78acee1f8305bd4e34",
    "type": "Withdraw",
    "wallet": "0xf98c96b5d10faafc2324847c82305bd5fd7e5ad3",
  },
  {
    "_id": "0x0a11ffa605919dd2cc1524a0fc3de9b32a78678ccdae8aa91439c6353440503e_NORMAL",
    "incoming": "5.061643",
    "incomingAsset": "ethereum:0x0000000000000000000000000000000000000000:ETH",
    "incomingN": 5.061643,
    "method": "Transfer",
    "platform": "ethereum",
    "timestamp": 1504959717000,
    "txHash": "0x0a11ffa605919dd2cc1524a0fc3de9b32a78678ccdae8aa91439c6353440503e",
    "type": "Deposit",
    "wallet": "0xf98c96b5d10faafc2324847c82305bd5fd7e5ad3",
  },
  {
    "_id": "0xbed75f8508fff302e3d6bd6ecb006f33c27d4d17013d9d93f129cb14896df07c_NORMAL",
    "incoming": "0.09",
    "incomingAsset": "ethereum:0x0000000000000000000000000000000000000000:ETH",
    "incomingN": 0.09,
    "method": "Transfer",
    "platform": "ethereum",
    "timestamp": 1504958289000,
    "txHash": "0xbed75f8508fff302e3d6bd6ecb006f33c27d4d17013d9d93f129cb14896df07c",
    "type": "Deposit",
    "wallet": "0xf98c96b5d10faafc2324847c82305bd5fd7e5ad3",
  },
]