[
  {
    "_id": "$importId_340417174",
    "account": "Spot",
    "assetId": "binance:MANA",
    "balance": "99.9",
    "balanceN": 99.9,
    "change": "100.00000000",
    "changeN": 100,
    "coin": "MANA",
    "importId": "$importId",
    "operation": "Buy",
    "platform": "binance",
    "remark": "",
    "timestamp": 1514404548000,
    "txId": "$importId_299334120",
    "userId": "11680152",
    "utcTime": "2017-12-27 19:55:48",
    "wallet": "Binance Spot",
  },
  {
    "_id": "$importId_1183754600",
    "account": "Spot",
    "assetId": "binance:ETH",
    "balance": "0.43585882",
    "balanceN": 0.43585882,
    "change": "-0.01095400",
    "changeN": -0.010954,
    "coin": "ETH",
    "importId": "$importId",
    "operation": "Sell",
    "platform": "binance",
    "remark": "",
    "timestamp": 1514404548000,
    "txId": "$importId_299334120",
    "userId": "11680152",
    "utcTime": "2017-12-27 19:55:48",
    "wallet": "Binance Spot",
  },
  {
    "_id": "$importId_998624902",
    "account": "Spot",
    "assetId": "binance:MANA",
    "balance": "-0.10000000",
    "balanceN": -0.1,
    "change": "-0.10000000",
    "changeN": -0.1,
    "coin": "MANA",
    "importId": "$importId",
    "operation": "Fee",
    "platform": "binance",
    "remark": "",
    "timestamp": 1514404548000,
    "txId": "$importId_299334120",
    "userId": "11680152",
    "utcTime": "2017-12-27 19:55:48",
    "wallet": "Binance Spot",
  },
  {
    "_id": "$importId_3891661677",
    "account": "Spot",
    "assetId": "binance:QTUM",
    "balance": "1.998",
    "balanceN": 1.998,
    "change": "2.00000000",
    "changeN": 2,
    "coin": "QTUM",
    "importId": "$importId",
    "operation": "Buy",
    "platform": "binance",
    "remark": "",
    "timestamp": 1514392632000,
    "txId": "$importId_3159699232",
    "userId": "11680152",
    "utcTime": "2017-12-27 16:37:12",
    "wallet": "Binance Spot",
  },
  {
    "_id": "$importId_1268283947",
    "account": "Spot",
    "assetId": "binance:QTUM",
    "balance": "-0.00200000",
    "balanceN": -0.002,
    "change": "-0.00200000",
    "changeN": -0.002,
    "coin": "QTUM",
    "importId": "$importId",
    "operation": "Fee",
    "platform": "binance",
    "remark": "",
    "timestamp": 1514392632000,
    "txId": "$importId_3159699232",
    "userId": "11680152",
    "utcTime": "2017-12-27 16:37:12",
    "wallet": "Binance Spot",
  },
  {
    "_id": "$importId_4178536654",
    "account": "Spot",
    "assetId": "binance:ETH",
    "balance": "0.44681282",
    "balanceN": 0.44681282,
    "change": "-0.12700200",
    "changeN": -0.127002,
    "coin": "ETH",
    "importId": "$importId",
    "operation": "Sell",
    "platform": "binance",
    "remark": "",
    "timestamp": 1514392632000,
    "txId": "$importId_3159699232",
    "userId": "11680152",
    "utcTime": "2017-12-27 16:37:12",
    "wallet": "Binance Spot",
  },
  {
    "_id": "$importId_2374295992",
    "account": "Spot",
    "assetId": "binance:XLM",
    "balance": "99.9",
    "balanceN": 99.9,
    "change": "100.00000000",
    "changeN": 100,
    "coin": "XLM",
    "importId": "$importId",
    "operation": "Buy",
    "platform": "binance",
    "remark": "",
    "timestamp": 1514374453000,
    "txId": "$importId_1393704455",
    "userId": "11680152",
    "utcTime": "2017-12-27 11:34:13",
    "wallet": "Binance Spot",
  },
  {
    "_id": "$importId_514922037",
    "account": "Spot",
    "assetId": "binance:ETH",
    "balance": "0.57381482",
    "balanceN": 0.57381482,
    "change": "-0.02900200",
    "changeN": -0.029002,
    "coin": "ETH",
    "importId": "$importId",
    "operation": "Sell",
    "platform": "binance",
    "remark": "",
    "timestamp": 1514374453000,
    "txId": "$importId_1393704455",
    "userId": "11680152",
    "utcTime": "2017-12-27 11:34:13",
    "wallet": "Binance Spot",
  },
  {
    "_id": "$importId_2726884250",
    "account": "Spot",
    "assetId": "binance:XLM",
    "balance": "-0.10000000",
    "balanceN": -0.1,
    "change": "-0.10000000",
    "changeN": -0.1,
    "coin": "XLM",
    "importId": "$importId",
    "operation": "Fee",
    "platform": "binance",
    "remark": "",
    "timestamp": 1514374453000,
    "txId": "$importId_1393704455",
    "userId": "11680152",
    "utcTime": "2017-12-27 11:34:13",
    "wallet": "Binance Spot",
  },
  {
    "_id": "$importId_4002344385",
    "account": "Spot",
    "assetId": "binance:ETH",
    "balance": "0.60281682",
    "balanceN": 0.60281682,
    "change": "0.04982364",
    "changeN": 0.04982364,
    "coin": "ETH",
    "importId": "$importId",
    "operation": "Buy",
    "platform": "binance",
    "remark": "",
    "timestamp": 1514369676000,
    "txId": "$importId_4147607242",
    "userId": "11680152",
    "utcTime": "2017-12-27 10:14:36",
    "wallet": "Binance Spot",
  },
  {
    "_id": "$importId_2805558143",
    "account": "Spot",
    "assetId": "binance:ETH",
    "balance": "0.55299318",
    "balanceN": 0.55299318,
    "change": "-0.00004982",
    "changeN": -0.00004982,
    "coin": "ETH",
    "importId": "$importId",
    "operation": "Fee",
    "platform": "binance",
    "remark": "",
    "timestamp": 1514369676000,
    "txId": "$importId_4147607242",
    "userId": "11680152",
    "utcTime": "2017-12-27 10:14:36",
    "wallet": "Binance Spot",
  },
  {
    "_id": "$importId_626589160",
    "account": "Spot",
    "assetId": "binance:IOTA",
    "balance": "50.84",
    "balanceN": 50.84,
    "change": "-9.00000000",
    "changeN": -9,
    "coin": "IOTA",
    "importId": "$importId",
    "operation": "Sell",
    "platform": "binance",
    "remark": "",
    "timestamp": 1514369676000,
    "txId": "$importId_4147607242",
    "userId": "11680152",
    "utcTime": "2017-12-27 10:14:36",
    "wallet": "Binance Spot",
  },
  {
    "_id": "$importId_1336250931",
    "account": "Spot",
    "assetId": "binance:ETH",
    "balance": "0.553043",
    "balanceN": 0.553043,
    "change": "0.49823640",
    "changeN": 0.4982364,
    "coin": "ETH",
    "importId": "$importId",
    "operation": "Buy",
    "platform": "binance",
    "remark": "",
    "timestamp": 1514369670000,
    "txId": "$importId_4147428496",
    "userId": "11680152",
    "utcTime": "2017-12-27 10:14:30",
    "wallet": "Binance Spot",
  },
  {
    "_id": "$importId_3414812845",
    "account": "Spot",
    "assetId": "binance:ETH",
    "balance": "0.0548066",
    "balanceN": 0.0548066,
    "change": "0.05535960",
    "changeN": 0.0553596,
    "coin": "ETH",
    "importId": "$importId",
    "operation": "Buy",
    "platform": "binance",
    "remark": "",
    "timestamp": 1514369670000,
    "txId": "$importId_4147428496",
    "userId": "11680152",
    "utcTime": "2017-12-27 10:14:30",
    "wallet": "Binance Spot",
  },
  {
    "_id": "$importId_2992751082",
    "account": "Spot",
    "assetId": "binance:ETH",
    "balance": "-0.000553",
    "balanceN": -0.000553,
    "change": "-0.00005536",
    "changeN": -0.00005536,
    "coin": "ETH",
    "importId": "$importId",
    "operation": "Fee",
    "platform": "binance",
    "remark": "",
    "timestamp": 1514369670000,
    "txId": "$importId_4147428496",
    "userId": "11680152",
    "utcTime": "2017-12-27 10:14:30",
    "wallet": "Binance Spot",
  },
  {
    "_id": "$importId_1549293840",
    "account": "Spot",
    "assetId": "binance:ETH",
    "balance": "-0.00049764",
    "balanceN": -0.00049764,
    "change": "-0.00049824",
    "changeN": -0.00049824,
    "coin": "ETH",
    "importId": "$importId",
    "operation": "Fee",
    "platform": "binance",
    "remark": "",
    "timestamp": 1514369670000,
    "txId": "$importId_4147428496",
    "userId": "11680152",
    "utcTime": "2017-12-27 10:14:30",
    "wallet": "Binance Spot",
  },
  {
    "_id": "$importId_913389638",
    "account": "Spot",
    "assetId": "binance:IOTA",
    "balance": "59.84",
    "balanceN": 59.84,
    "change": "-10.00000000",
    "changeN": -10,
    "coin": "IOTA",
    "importId": "$importId",
    "operation": "Sell",
    "platform": "binance",
    "remark": "",
    "timestamp": 1514369670000,
    "txId": "$importId_4147428496",
    "userId": "11680152",
    "utcTime": "2017-12-27 10:14:30",
    "wallet": "Binance Spot",
  },
  {
    "_id": "$importId_1044423501",
    "account": "Spot",
    "assetId": "binance:IOTA",
    "balance": "69.84",
    "balanceN": 69.84,
    "change": "-90.00000000",
    "changeN": -90,
    "coin": "IOTA",
    "importId": "$importId",
    "operation": "Sell",
    "platform": "binance",
    "remark": "",
    "timestamp": 1514369670000,
    "txId": "$importId_4147428496",
    "userId": "11680152",
    "utcTime": "2017-12-27 10:14:30",
    "wallet": "Binance Spot",
  },
  {
    "_id": "$importId_2549739997",
    "account": "Spot",
    "assetId": "binance:ETF",
    "balance": "6.0E-7",
    "balanceN": 6e-7,
    "change": "6.0E-7",
    "changeN": 6e-7,
    "coin": "ETF",
    "importId": "$importId",
    "operation": "Gift",
    "platform": "binance",
    "remark": "ETH ETF 分发",
    "timestamp": 1513513203000,
    "txId": undefined,
    "userId": "11680152",
    "utcTime": "2017-12-17 12:20:03",
    "wallet": "Binance Spot",
  },
  {
    "_id": "$importId_4123245986",
    "account": "Spot",
    "assetId": "binance:IOTA",
    "balance": "159.84",
    "balanceN": 159.84,
    "change": "80.00000000",
    "changeN": 80,
    "coin": "IOTA",
    "importId": "$importId",
    "operation": "Buy",
    "platform": "binance",
    "remark": "",
    "timestamp": 1512424741000,
    "txId": "$importId_4235031565",
    "userId": "11680152",
    "utcTime": "2017-12-04 21:59:01",
    "wallet": "Binance Spot",
  },
  {
    "_id": "$importId_56422237",
    "account": "Spot",
    "assetId": "binance:IOTA",
    "balance": "79.84",
    "balanceN": 79.84,
    "change": "-0.08000000",
    "changeN": -0.08,
    "coin": "IOTA",
    "importId": "$importId",
    "operation": "Fee",
    "platform": "binance",
    "remark": "",
    "timestamp": 1512424741000,
    "txId": "$importId_4235031565",
    "userId": "11680152",
    "utcTime": "2017-12-04 21:59:01",
    "wallet": "Binance Spot",
  },
  {
    "_id": "$importId_2020753082",
    "account": "Spot",
    "assetId": "binance:ETH",
    "balance": "0.0000006",
    "balanceN": 6e-7,
    "change": "-0.50400560",
    "changeN": -0.5040056,
    "coin": "ETH",
    "importId": "$importId",
    "operation": "Sell",
    "platform": "binance",
    "remark": "",
    "timestamp": 1512424741000,
    "txId": "$importId_4235031565",
    "userId": "11680152",
    "utcTime": "2017-12-04 21:59:01",
    "wallet": "Binance Spot",
  },
  {
    "_id": "$importId_560430787",
    "account": "Spot",
    "assetId": "binance:IOTA",
    "balance": "79.92",
    "balanceN": 79.92,
    "change": "80.00000000",
    "changeN": 80,
    "coin": "IOTA",
    "importId": "$importId",
    "operation": "Buy",
    "platform": "binance",
    "remark": "",
    "timestamp": 1512420670000,
    "txId": "$importId_659128462",
    "userId": "11680152",
    "utcTime": "2017-12-04 20:51:10",
    "wallet": "Binance Spot",
  },
  {
    "_id": "$importId_3632515649",
    "account": "Spot",
    "assetId": "binance:IOTA",
    "balance": "-0.08000000",
    "balanceN": -0.08,
    "change": "-0.08000000",
    "changeN": -0.08,
    "coin": "IOTA",
    "importId": "$importId",
    "operation": "Fee",
    "platform": "binance",
    "remark": "",
    "timestamp": 1512420670000,
    "txId": "$importId_659128462",
    "userId": "11680152",
    "utcTime": "2017-12-04 20:51:10",
    "wallet": "Binance Spot",
  },
  {
    "_id": "$importId_821360799",
    "account": "Spot",
    "assetId": "binance:ETH",
    "balance": "0.5040062",
    "balanceN": 0.5040062,
    "change": "-0.49603680",
    "changeN": -0.4960368,
    "coin": "ETH",
    "importId": "$importId",
    "operation": "Sell",
    "platform": "binance",
    "remark": "",
    "timestamp": 1512420670000,
    "txId": "$importId_659128462",
    "userId": "11680152",
    "utcTime": "2017-12-04 20:51:10",
    "wallet": "Binance Spot",
  },
  {
    "_id": "$importId_2832898010",
    "account": "Spot",
    "assetId": "binance:ETH",
    "balance": "1.000043",
    "balanceN": 1.000043,
    "change": "1.00000000",
    "changeN": 1,
    "coin": "ETH",
    "importId": "$importId",
    "operation": "Deposit",
    "platform": "binance",
    "remark": "",
    "timestamp": 1512415302000,
    "txId": undefined,
    "userId": "11680152",
    "utcTime": "2017-12-04 19:21:42",
    "wallet": "Binance Spot",
  },
  {
    "_id": "$importId_3104915036",
    "account": "Spot",
    "assetId": "binance:ETH",
    "balance": "0.00004300",
    "balanceN": 0.000043,
    "change": "0.00004300",
    "changeN": 0.000043,
    "coin": "ETH",
    "importId": "$importId",
    "operation": "Deposit",
    "platform": "binance",
    "remark": "",
    "timestamp": 1512414795000,
    "txId": undefined,
    "userId": "11680152",
    "utcTime": "2017-12-04 19:13:15",
    "wallet": "Binance Spot",
  },
]