[
  {
    "binance:ETH": "6e-7",
    "binance:IOTA": "159.84",
    "timestamp": 1512345600000,
  },
  {
    "binance:ETH": "6e-7",
    "binance:IOTA": "159.84",
    "timestamp": 1512432000000,
  },
  {
    "binance:ETH": "6e-7",
    "binance:IOTA": "159.84",
    "timestamp": 1512518400000,
  },
  {
    "binance:ETH": "6e-7",
    "binance:IOTA": "159.84",
    "timestamp": 1512604800000,
  },
  {
    "binance:ETH": "6e-7",
    "binance:IOTA": "159.84",
    "timestamp": 1512691200000,
  },
  {
    "binance:ETH": "6e-7",
    "binance:IOTA": "159.84",
    "timestamp": 1512777600000,
  },
  {
    "binance:ETH": "6e-7",
    "binance:IOTA": "159.84",
    "timestamp": 1512864000000,
  },
  {
    "binance:ETH": "6e-7",
    "binance:IOTA": "159.84",
    "timestamp": 1512950400000,
  },
  {
    "binance:ETH": "6e-7",
    "binance:IOTA": "159.84",
    "timestamp": 1513036800000,
  },
  {
    "binance:ETH": "6e-7",
    "binance:IOTA": "159.84",
    "timestamp": 1513123200000,
  },
  {
    "binance:ETH": "6e-7",
    "binance:IOTA": "159.84",
    "timestamp": 1513209600000,
  },
  {
    "binance:ETH": "6e-7",
    "binance:IOTA": "159.84",
    "timestamp": 1513296000000,
  },
  {
    "binance:ETH": "6e-7",
    "binance:IOTA": "159.84",
    "timestamp": 1513382400000,
  },
  {
    "binance:ETF": "6.0E-7",
    "binance:ETH": "6e-7",
    "binance:IOTA": "159.84",
    "timestamp": 1513468800000,
  },
  {
    "binance:ETF": "6.0E-7",
    "binance:ETH": "6e-7",
    "binance:IOTA": "159.84",
    "timestamp": 1513555200000,
  },
  {
    "binance:ETF": "6.0E-7",
    "binance:ETH": "6e-7",
    "binance:IOTA": "159.84",
    "timestamp": 1513641600000,
  },
  {
    "binance:ETF": "6.0E-7",
    "binance:ETH": "6e-7",
    "binance:IOTA": "159.84",
    "timestamp": 1513728000000,
  },
  {
    "binance:ETF": "6.0E-7",
    "binance:ETH": "6e-7",
    "binance:IOTA": "159.84",
    "timestamp": 1513814400000,
  },
  {
    "binance:ETF": "6.0E-7",
    "binance:ETH": "6e-7",
    "binance:IOTA": "159.84",
    "timestamp": 1513900800000,
  },
  {
    "binance:ETF": "6.0E-7",
    "binance:ETH": "6e-7",
    "binance:IOTA": "159.84",
    "timestamp": 1513987200000,
  },
  {
    "binance:ETF": "6.0E-7",
    "binance:ETH": "6e-7",
    "binance:IOTA": "159.84",
    "timestamp": 1514073600000,
  },
  {
    "binance:ETF": "6.0E-7",
    "binance:ETH": "6e-7",
    "binance:IOTA": "159.84",
    "timestamp": 1514160000000,
  },
  {
    "binance:ETF": "6.0E-7",
    "binance:ETH": "6e-7",
    "binance:IOTA": "159.84",
    "timestamp": 1514246400000,
  },
  {
    "binance:ETF": "6.0E-7",
    "binance:ETH": "0.43585882",
    "binance:IOTA": "50.84",
    "binance:MANA": "99.9",
    "binance:QTUM": "1.998",
    "binance:XLM": "99.9",
    "timestamp": 1514332800000,
  },
]