[
  {
    "_id": "299334120",
    "fee": "0.1",
    "feeAsset": "binance:MANA",
    "feeN": 0.1,
    "incoming": "100",
    "incomingAsset": "binance:MANA",
    "incomingN": 100,
    "outgoing": "0.010954",
    "outgoingAsset": "binance:ETH",
    "outgoingN": 0.010954,
    "platform": "binance",
    "price": "9129.08526565638",
    "priceN": 9129.08526565638,
    "timestamp": 1514404548000,
    "type": "Swap",
    "wallet": "Binance Spot",
  },
  {
    "_id": "3159699232",
    "fee": "0.002",
    "feeAsset": "binance:QTUM",
    "feeN": 0.002,
    "incoming": "2",
    "incomingAsset": "binance:QTUM",
    "incomingN": 2,
    "outgoing": "0.127002",
    "outgoingAsset": "binance:ETH",
    "outgoingN": 0.127002,
    "platform": "binance",
    "price": "15.74778349947245",
    "priceN": 15.74778349947245,
    "timestamp": 1514392632000,
    "type": "Swap",
    "wallet": "Binance Spot",
  },
  {
    "_id": "1393704455",
    "fee": "0.1",
    "feeAsset": "binance:XLM",
    "feeN": 0.1,
    "incoming": "100",
    "incomingAsset": "binance:XLM",
    "incomingN": 100,
    "outgoing": "0.029002",
    "outgoingAsset": "binance:ETH",
    "outgoingN": 0.029002,
    "platform": "binance",
    "price": "3448.0380663402525",
    "priceN": 3448.0380663402525,
    "timestamp": 1514374453000,
    "type": "Swap",
    "wallet": "Binance Spot",
  },
  {
    "_id": "4147607242",
    "fee": "0.00004982",
    "feeAsset": "binance:ETH",
    "feeN": 0.00004982,
    "incoming": "0.04982364",
    "incomingAsset": "binance:ETH",
    "incomingN": 0.04982364,
    "outgoing": "9",
    "outgoingAsset": "binance:IOTA",
    "outgoingN": 9,
    "platform": "binance",
    "price": "0.00553596",
    "priceN": 0.00553596,
    "timestamp": 1514369676000,
    "type": "Swap",
    "wallet": "Binance Spot",
  },
  {
    "_id": "4147428496",
    "fee": "0.0005535999999999999",
    "feeAsset": "binance:ETH",
    "feeN": 0.0005535999999999999,
    "incoming": "0.553596",
    "incomingAsset": "binance:ETH",
    "incomingN": 0.553596,
    "outgoing": "100",
    "outgoingAsset": "binance:IOTA",
    "outgoingN": 100,
    "platform": "binance",
    "price": "0.0055359599999999995",
    "priceN": 0.0055359599999999995,
    "timestamp": 1514369670000,
    "type": "Swap",
    "wallet": "Binance Spot",
  },
  {
    "_id": "4235031565",
    "fee": "0.08",
    "feeAsset": "binance:IOTA",
    "feeN": 0.08,
    "incoming": "80",
    "incomingAsset": "binance:IOTA",
    "incomingN": 80,
    "outgoing": "0.5040056",
    "outgoingAsset": "binance:ETH",
    "outgoingN": 0.5040056,
    "platform": "binance",
    "price": "158.72839508132446",
    "priceN": 158.72839508132446,
    "timestamp": 1512424741000,
    "type": "Swap",
    "wallet": "Binance Spot",
  },
  {
    "_id": "659128462",
    "fee": "0.08",
    "feeAsset": "binance:IOTA",
    "feeN": 0.08,
    "incoming": "80",
    "incomingAsset": "binance:IOTA",
    "incomingN": 80,
    "outgoing": "0.4960368",
    "outgoingAsset": "binance:ETH",
    "outgoingN": 0.4960368,
    "platform": "binance",
    "price": "161.27835676707858",
    "priceN": 161.27835676707858,
    "timestamp": 1512420670000,
    "type": "Swap",
    "wallet": "Binance Spot",
  },
]