// Vitest Snapshot v1, https://vitest.dev/guide/snapshot.html

exports[`should fetch historical balances 2`] = `
[
  {
    "BTC": 0.035979259,
    "_id": "1498867200000",
    "_rev": "1-15c81300c0d8e274ef580953f32762ce",
    "timestamp": 1498867200000,
  },
  {
    "BTC": 0.035979259,
    "_id": "1498953600000",
    "_rev": "1-34e71d07484303266cc51afd68db3a8d",
    "timestamp": 1498953600000,
  },
  {
    "BTC": 0.035979259,
    "_id": "1499040000000",
    "_rev": "1-4f244f5474c20fd237fab3d898a8ba3d",
    "timestamp": 1499040000000,
  },
  {
    "BTC": 0.035979259,
    "_id": "1499126400000",
    "_rev": "1-d0ad91addd89dfd2ea85084886ef31a4",
    "timestamp": 1499126400000,
  },
  {
    "BTC": 0.035979259,
    "_id": "1499212800000",
    "_rev": "1-a3c853bac5dfbf203d2f554decf9e925",
    "timestamp": 1499212800000,
  },
  {
    "BTC": 0.035979259,
    "_id": "1499299200000",
    "_rev": "1-65c4bd62bc2d54df21aabebe517ce56b",
    "timestamp": 1499299200000,
  },
  {
    "BTC": 0.072958518,
    "_id": "1499385600000",
    "_rev": "2-e6c86db56d5b9f4c14315090a485ba9d",
    "timestamp": 1499385600000,
  },
  {
    "BTC": 0.072958518,
    "_id": "1499472000000",
    "_rev": "1-80a0bf987ef43e4b9783b6fbc99d294a",
    "timestamp": 1499472000000,
  },
  {
    "BTC": 0.072958518,
    "_id": "1499558400000",
    "_rev": "1-75a20de6252314c2908e75661bc72b34",
    "timestamp": 1499558400000,
  },
  {
    "BTC": 0.072958518,
    "_id": "1499644800000",
    "_rev": "1-d1690d8220f67168df907e3d79a4ecfc",
    "timestamp": 1499644800000,
  },
  {
    "BTC": 0.072958518,
    "_id": "1499731200000",
    "_rev": "1-a1a858bf861a17be3cfddaa9ed80179c",
    "timestamp": 1499731200000,
  },
  {
    "BTC": 0.072958518,
    "_id": "1499817600000",
    "_rev": "1-a8dd38c7db98ef6143d236868670d58a",
    "timestamp": 1499817600000,
  },
  {
    "BTC": 0.072958518,
    "_id": "1499904000000",
    "_rev": "1-5951b6d3def143470edfc758a669a8fa",
    "timestamp": 1499904000000,
  },
  {
    "BTC": 0.072958518,
    "_id": "1499990400000",
    "_rev": "1-0a1ff762b5e924bc9bf945f9ae815a6f",
    "timestamp": 1499990400000,
  },
]
`;

exports[`should fetch latest balances 1`] = `
[
  {
    "_id": "1499990400000_BTC",
    "balance": 0.072958518,
    "price": undefined,
    "symbol": "BTC",
    "value": undefined,
  },
]
`;

exports[`should not have balances computed 1`] = `
[
  {
    "_id": "1217276216_2903060452_0",
    "_rev": "1-9563eb7da39f8735f46ea11fbcf9fd55",
    "change": "0.036979259",
    "changeN": 0.036979259,
    "integration": "coinmama",
    "operation": "Buy with Credit Card",
    "symbol": "BTC",
    "timestamp": 1499433076000,
    "wallet": "Spot",
  },
  {
    "_id": "1217276216_1332563442_0",
    "_rev": "1-b5576d4e5c403eced534343ae7af054b",
    "change": "0.035979259",
    "changeN": 0.035979259,
    "integration": "coinmama",
    "operation": "Buy with Credit Card",
    "symbol": "BTC",
    "timestamp": 1498911076000,
    "wallet": "Spot",
  },
]
`;
