[
  {
    "_id": "3090763006_3337412441",
    "_rev": "1-4079695bdaa4eb2143b04e1bf101adb5",
    "assetId": "ethereum:0x58b6a8a3302369daec383334672404ee733ab239:LPT",
    "blockNumber": "6365702",
    "change": "2.117826656607921801",
    "changeN": 2.117826656607922,
    "contractAddress": "0x58b6a8a3302369daec383334672404ee733ab239",
    "from": "0x8e306b005773bee6ba6a6e8972bc79d766cc15c8",
    "importId": "3090763006",
    "importIndex": 7,
    "integration": "ethereum",
    "operation": "Deposit",
    "timestamp": 1537435256000,
    "to": "0xf98c96b5d10faafc2324847c82305bd5fd7e5ad3",
    "tokenName": "Livepeer Token",
    "tokenSymbol": "LPT",
    "tokenValue": "2.117826656607921801",
    "tokenValueHistorical": "N/A",
    "txHash": "0x70fb76fa1a862bf0d3946a3e19c980500a9d3545c04834f67137674202acd829",
    "wallet": "0xf98c96b5d10faafc2324847c82305bd5fd7e5ad3",
  },
  {
    "_id": "3090763006_3390716220",
    "_rev": "1-74798257265e43181c0160b45c67b059",
    "assetId": "ethereum:0x7b2f9706cd8473b4f5b7758b0171a9933fc6c4d6:HEALP",
    "blockNumber": "5798082",
    "change": "911",
    "changeN": 911,
    "contractAddress": "0x7b2f9706cd8473b4f5b7758b0171a9933fc6c4d6",
    "from": "0x0000000000000000000000000000000000000000",
    "importId": "3090763006",
    "importIndex": 6,
    "integration": "ethereum",
    "operation": "Deposit",
    "timestamp": 1529138603000,
    "to": "0xf98c96b5d10faafc2324847c82305bd5fd7e5ad3",
    "tokenName": "An Etheal Promo",
    "tokenSymbol": "HEALP",
    "tokenValue": "911",
    "tokenValueHistorical": "N/A",
    "txHash": "0x93e256a0728412e50a5b8bd8672ee67b96305297a9498b566a032eccbf504fc9",
    "wallet": "0xf98c96b5d10faafc2324847c82305bd5fd7e5ad3",
  },
  {
    "_id": "3090763006_821303067",
    "_rev": "1-c5524dec5856dafe81e1797303a65e4b",
    "assetId": "ethereum:0xa4e8c3ec456107ea67d3075bf9e3df3a75823db0:LOOM",
    "blockNumber": "5255185",
    "change": "10",
    "changeN": 10,
    "contractAddress": "0xa4e8c3ec456107ea67d3075bf9e3df3a75823db0",
    "from": "0xf652d990e50af27d8d423ac80631b4f5ef6d4113",
    "importId": "3090763006",
    "importIndex": 5,
    "integration": "ethereum",
    "operation": "Deposit",
    "timestamp": 1521052009000,
    "to": "0xf98c96b5d10faafc2324847c82305bd5fd7e5ad3",
    "tokenName": "Loom",
    "tokenSymbol": "LOOM",
    "tokenValue": "10",
    "tokenValueHistorical": "$0.79",
    "txHash": "0xca53366c006469162541313f3e714ca7b91f65ea8c5e69205f7aff27aa1dc1d3",
    "wallet": "0xf98c96b5d10faafc2324847c82305bd5fd7e5ad3",
  },
  {
    "_id": "3090763006_3293730455",
    "_rev": "1-7f3cbf83a7a470dff2ce9117fced170a",
    "assetId": "ethereum:0x1d462414fe14cf489c7a21cac78509f4bf8cd7c0:CAN",
    "blockNumber": "5100803",
    "change": "2",
    "changeN": 2,
    "contractAddress": "0x1d462414fe14cf489c7a21cac78509f4bf8cd7c0",
    "from": "0x00f8d333dd93fb291d627bb80f09392b37241f91",
    "importId": "3090763006",
    "importIndex": 4,
    "integration": "ethereum",
    "operation": "Deposit",
    "timestamp": 1518786600000,
    "to": "0xf98c96b5d10faafc2324847c82305bd5fd7e5ad3",
    "tokenName": "CanYaCoin",
    "tokenSymbol": "CAN",
    "tokenValue": "2",
    "tokenValueHistorical": "$1.32",
    "txHash": "0xf3c35a52ea24d286c1abf5b4f51a27aff17f70ebf62ef9ab616bd8cedd64e4dd",
    "wallet": "0xf98c96b5d10faafc2324847c82305bd5fd7e5ad3",
  },
  {
    "_id": "3090763006_3542233293",
    "_rev": "1-c886fab81cec3a4f8ebbc9f3ea0a2eed",
    "assetId": "ethereum:0x52903256dd18d85c2dc4a6c999907c9793ea61e3:INSP",
    "blockNumber": "4632419",
    "change": "777",
    "changeN": 777,
    "contractAddress": "0x52903256dd18d85c2dc4a6c999907c9793ea61e3",
    "from": "0x0000000000000000000000000000000000000000",
    "importId": "3090763006",
    "importIndex": 3,
    "integration": "ethereum",
    "operation": "Deposit",
    "timestamp": 1511796400000,
    "to": "0xf98c96b5d10faafc2324847c82305bd5fd7e5ad3",
    "tokenName": "INS Promo",
    "tokenSymbol": "INSP",
    "tokenValue": "777",
    "tokenValueHistorical": "N/A",
    "txHash": "0x08e216f2da99f2961380d164c1df7c792dfc1075d026ec778d2e4e1931c80cf9",
    "wallet": "0xf98c96b5d10faafc2324847c82305bd5fd7e5ad3",
  },
  {
    "_id": "3090763006_85862324",
    "_rev": "1-5d739a7966d2ec755ef2edb5ba279f8b",
    "assetId": "ethereum:0x519475b31653e46d20cd09f9fdcf3b12bdacb4f5:VIU",
    "blockNumber": "4528943",
    "change": "29.9787992",
    "changeN": 29.9787992,
    "contractAddress": "0x519475b31653e46d20cd09f9fdcf3b12bdacb4f5",
    "from": "0xae2b80f7f4d285caa658a285233550d19c8e7847",
    "importId": "3090763006",
    "importIndex": 2,
    "integration": "ethereum",
    "operation": "Deposit",
    "timestamp": 1510355666000,
    "to": "0xf98c96b5d10faafc2324847c82305bd5fd7e5ad3",
    "tokenName": "VIU",
    "tokenSymbol": "VIU",
    "tokenValue": "29.9787992",
    "tokenValueHistorical": "N/A",
    "txHash": "0x5d28d54b66e30c007be9768e6c1852c9df6ab2e903a01479bcfcd19798c85f72",
    "wallet": "0xf98c96b5d10faafc2324847c82305bd5fd7e5ad3",
  },
  {
    "_id": "3090763006_418399487",
    "_rev": "1-ee236b729f6cd9b3c1ece2b8f3f5b292",
    "assetId": "ethereum:0x0cf0ee63788a0849fe5297f3407f701e122cc023:XDATA",
    "blockNumber": "4489555",
    "change": "0.21165476692904842",
    "changeN": 0.21165476692904842,
    "contractAddress": "0x0cf0ee63788a0849fe5297f3407f701e122cc023",
    "from": "0x5586aec6f58086524753d594cec08c4318314299",
    "importId": "3090763006",
    "importIndex": 1,
    "integration": "ethereum",
    "operation": "Deposit",
    "timestamp": 1509810019000,
    "to": "0xf98c96b5d10faafc2324847c82305bd5fd7e5ad3",
    "tokenName": "Streamr (old)",
    "tokenSymbol": "XDATA",
    "tokenValue": "0.21165476692904842",
    "tokenValueHistorical": "$0.02",
    "txHash": "0xeb18c18def1b7bf9e1f2e831647b9c8fe45de82e9669d7b52143a6c2cb15cc64",
    "wallet": "0xf98c96b5d10faafc2324847c82305bd5fd7e5ad3",
  },
  {
    "_id": "3090763006_618946868",
    "_rev": "1-41a75f6099d107db624052268dd27e7b",
    "assetId": "ethereum:0xab95e915c123fded5bdfb6325e35ef5515f1ea69:XNN",
    "blockNumber": "4441567",
    "change": "319.22562200498686051",
    "changeN": 319.22562200498686,
    "contractAddress": "0xab95e915c123fded5bdfb6325e35ef5515f1ea69",
    "from": "0xb59fdff77a6175dfa4fe7af4281a52f61611eaa2",
    "importId": "3090763006",
    "importIndex": 0,
    "integration": "ethereum",
    "operation": "Deposit",
    "timestamp": 1509139741000,
    "to": "0xf98c96b5d10faafc2324847c82305bd5fd7e5ad3",
    "tokenName": "XENON",
    "tokenSymbol": "XNN",
    "tokenValue": "319.22562200498686051",
    "tokenValueHistorical": "N/A",
    "txHash": "0x117756c2023161a70a4146feedf5b3a3f0b2028e8bc8542b4c59f994a29e5817",
    "wallet": "0xf98c96b5d10faafc2324847c82305bd5fd7e5ad3",
  },
]