[
  {
    "_id": "32174469_2471540929_1",
    "_rev": "2-5e07319b0609a204612ec28ceeda0dbb",
    "assetId": "ethereum:0x0000000000000000000000000000000000000000:ETH",
    "balance": "0",
    "balanceN": 0,
    "change": "-0.0003213",
    "changeN": -0.0003213,
    "importId": "32174469",
    "importIndex": 8.1,
    "integration": "ethereum",
    "operation": "Fee",
    "timestamp": 1604453002000,
    "txId": "32174469_2471540929",
    "wallet": "0xf98c96b5d10faafc2324847c82305bd5fd7e5ad3",
  },
  {
    "_id": "32174469_2471540929_0",
    "_rev": "2-b283298d5b827535ce9aff3a50c18385",
    "assetId": "ethereum:0x0000000000000000000000000000000000000000:ETH",
    "balance": "0.0003213",
    "balanceN": 0.0003213,
    "change": "-0.468064038",
    "changeN": -0.468064038,
    "importId": "32174469",
    "importIndex": 8,
    "integration": "ethereum",
    "operation": "Withdraw",
    "timestamp": 1604453002000,
    "txId": "32174469_2471540929",
    "wallet": "0xf98c96b5d10faafc2324847c82305bd5fd7e5ad3",
  },
  {
    "_id": "3090763006_3337412441",
    "_rev": "2-d8ee5b901704c68b7173db2a78b345f7",
    "assetId": "ethereum:0x58b6a8a3302369daec383334672404ee733ab239:LPT",
    "balance": "2.117826656607921801",
    "balanceN": 2.117826656607922,
    "blockNumber": "6365702",
    "change": "2.117826656607921801",
    "changeN": 2.117826656607922,
    "contractAddress": "0x58b6a8a3302369daec383334672404ee733ab239",
    "from": "0x8e306b005773bee6ba6a6e8972bc79d766cc15c8",
    "importId": "3090763006",
    "importIndex": 7,
    "integration": "ethereum",
    "operation": "Deposit",
    "timestamp": 1537435256000,
    "to": "0xf98c96b5d10faafc2324847c82305bd5fd7e5ad3",
    "tokenName": "Livepeer Token",
    "tokenSymbol": "LPT",
    "tokenValue": "2.117826656607921801",
    "tokenValueHistorical": "N/A",
    "txHash": "0x70fb76fa1a862bf0d3946a3e19c980500a9d3545c04834f67137674202acd829",
    "wallet": "0xf98c96b5d10faafc2324847c82305bd5fd7e5ad3",
  },
  {
    "_id": "3090763006_3390716220",
    "_rev": "2-304a9b707a6dd6ca2dfe2e2a10ba96ac",
    "assetId": "ethereum:0x7b2f9706cd8473b4f5b7758b0171a9933fc6c4d6:HEALP",
    "balance": "911",
    "balanceN": 911,
    "blockNumber": "5798082",
    "change": "911",
    "changeN": 911,
    "contractAddress": "0x7b2f9706cd8473b4f5b7758b0171a9933fc6c4d6",
    "from": "0x0000000000000000000000000000000000000000",
    "importId": "3090763006",
    "importIndex": 6,
    "integration": "ethereum",
    "operation": "Deposit",
    "timestamp": 1529138603000,
    "to": "0xf98c96b5d10faafc2324847c82305bd5fd7e5ad3",
    "tokenName": "An Etheal Promo",
    "tokenSymbol": "HEALP",
    "tokenValue": "911",
    "tokenValueHistorical": "N/A",
    "txHash": "0x93e256a0728412e50a5b8bd8672ee67b96305297a9498b566a032eccbf504fc9",
    "wallet": "0xf98c96b5d10faafc2324847c82305bd5fd7e5ad3",
  },
  {
    "_id": "32174469_4171546297_1",
    "_rev": "2-fdc1402c61420dd168439b9bc191c8fd",
    "assetId": "ethereum:0x0000000000000000000000000000000000000000:ETH",
    "balance": "0.468385338",
    "balanceN": 0.468385338,
    "change": "-0.000134622",
    "changeN": -0.000134622,
    "importId": "32174469",
    "importIndex": 7.1,
    "integration": "ethereum",
    "operation": "Fee",
    "timestamp": 1521052009000,
    "txId": "32174469_4171546297",
    "wallet": "0xf98c96b5d10faafc2324847c82305bd5fd7e5ad3",
  },
  {
    "_id": "32174469_4171546297_0",
    "_rev": "2-dd2dde5542494264ee39bab2bba3c05b",
    "assetId": "ethereum:0x0000000000000000000000000000000000000000:ETH",
    "balance": "0.46851996",
    "balanceN": 0.46851996,
    "change": "-0.03",
    "changeN": -0.03,
    "importId": "32174469",
    "importIndex": 7,
    "integration": "ethereum",
    "operation": "Withdraw",
    "timestamp": 1521052009000,
    "txId": "32174469_4171546297",
    "wallet": "0xf98c96b5d10faafc2324847c82305bd5fd7e5ad3",
  },
  {
    "_id": "3090763006_821303067",
    "_rev": "2-88623886e9fd2e901b21dfe024961196",
    "assetId": "ethereum:0xa4e8c3ec456107ea67d3075bf9e3df3a75823db0:LOOM",
    "balance": "10",
    "balanceN": 10,
    "blockNumber": "5255185",
    "change": "10",
    "changeN": 10,
    "contractAddress": "0xa4e8c3ec456107ea67d3075bf9e3df3a75823db0",
    "from": "0xf652d990e50af27d8d423ac80631b4f5ef6d4113",
    "importId": "3090763006",
    "importIndex": 5,
    "integration": "ethereum",
    "operation": "Deposit",
    "timestamp": 1521052009000,
    "to": "0xf98c96b5d10faafc2324847c82305bd5fd7e5ad3",
    "tokenName": "Loom",
    "tokenSymbol": "LOOM",
    "tokenValue": "10",
    "tokenValueHistorical": "$0.79",
    "txHash": "0xca53366c006469162541313f3e714ca7b91f65ea8c5e69205f7aff27aa1dc1d3",
    "wallet": "0xf98c96b5d10faafc2324847c82305bd5fd7e5ad3",
  },
  {
    "_id": "3090763006_3293730455",
    "_rev": "2-8263a002d1babeb84628c769c7ef110e",
    "assetId": "ethereum:0x1d462414fe14cf489c7a21cac78509f4bf8cd7c0:CAN",
    "balance": "2",
    "balanceN": 2,
    "blockNumber": "5100803",
    "change": "2",
    "changeN": 2,
    "contractAddress": "0x1d462414fe14cf489c7a21cac78509f4bf8cd7c0",
    "from": "0x00f8d333dd93fb291d627bb80f09392b37241f91",
    "importId": "3090763006",
    "importIndex": 4,
    "integration": "ethereum",
    "operation": "Deposit",
    "timestamp": 1518786600000,
    "to": "0xf98c96b5d10faafc2324847c82305bd5fd7e5ad3",
    "tokenName": "CanYaCoin",
    "tokenSymbol": "CAN",
    "tokenValue": "2",
    "tokenValueHistorical": "$1.32",
    "txHash": "0xf3c35a52ea24d286c1abf5b4f51a27aff17f70ebf62ef9ab616bd8cedd64e4dd",
    "wallet": "0xf98c96b5d10faafc2324847c82305bd5fd7e5ad3",
  },
  {
    "_id": "32174469_3745186990_1",
    "_rev": "2-3b23162c65975c1be989e06aaf034b1d",
    "assetId": "ethereum:0x0000000000000000000000000000000000000000:ETH",
    "balance": "0.49851996",
    "balanceN": 0.49851996,
    "change": "-0.00042",
    "changeN": -0.00042,
    "importId": "32174469",
    "importIndex": 6.1,
    "integration": "ethereum",
    "operation": "Fee",
    "timestamp": 1512414810000,
    "txId": "32174469_3745186990",
    "wallet": "0xf98c96b5d10faafc2324847c82305bd5fd7e5ad3",
  },
  {
    "_id": "32174469_3745186990_0",
    "_rev": "2-56c4cdf9ec13a45e331c5915e82e2f56",
    "assetId": "ethereum:0x0000000000000000000000000000000000000000:ETH",
    "balance": "0.49893996",
    "balanceN": 0.49893996,
    "change": "-1",
    "changeN": -1,
    "importId": "32174469",
    "importIndex": 6,
    "integration": "ethereum",
    "operation": "Withdraw",
    "timestamp": 1512414810000,
    "txId": "32174469_3745186990",
    "wallet": "0xf98c96b5d10faafc2324847c82305bd5fd7e5ad3",
  },
  {
    "_id": "3090763006_3542233293",
    "_rev": "2-f7268e609c9e6e76bfe4f0c8050a13c0",
    "assetId": "ethereum:0x52903256dd18d85c2dc4a6c999907c9793ea61e3:INSP",
    "balance": "777",
    "balanceN": 777,
    "blockNumber": "4632419",
    "change": "777",
    "changeN": 777,
    "contractAddress": "0x52903256dd18d85c2dc4a6c999907c9793ea61e3",
    "from": "0x0000000000000000000000000000000000000000",
    "importId": "3090763006",
    "importIndex": 3,
    "integration": "ethereum",
    "operation": "Deposit",
    "timestamp": 1511796400000,
    "to": "0xf98c96b5d10faafc2324847c82305bd5fd7e5ad3",
    "tokenName": "INS Promo",
    "tokenSymbol": "INSP",
    "tokenValue": "777",
    "tokenValueHistorical": "N/A",
    "txHash": "0x08e216f2da99f2961380d164c1df7c792dfc1075d026ec778d2e4e1931c80cf9",
    "wallet": "0xf98c96b5d10faafc2324847c82305bd5fd7e5ad3",
  },
  {
    "_id": "3090763006_85862324",
    "_rev": "2-55a732a7f27b6d3107cf52dab1ae2ca8",
    "assetId": "ethereum:0x519475b31653e46d20cd09f9fdcf3b12bdacb4f5:VIU",
    "balance": "29.9787992",
    "balanceN": 29.9787992,
    "blockNumber": "4528943",
    "change": "29.9787992",
    "changeN": 29.9787992,
    "contractAddress": "0x519475b31653e46d20cd09f9fdcf3b12bdacb4f5",
    "from": "0xae2b80f7f4d285caa658a285233550d19c8e7847",
    "importId": "3090763006",
    "importIndex": 2,
    "integration": "ethereum",
    "operation": "Deposit",
    "timestamp": 1510355666000,
    "to": "0xf98c96b5d10faafc2324847c82305bd5fd7e5ad3",
    "tokenName": "VIU",
    "tokenSymbol": "VIU",
    "tokenValue": "29.9787992",
    "tokenValueHistorical": "N/A",
    "txHash": "0x5d28d54b66e30c007be9768e6c1852c9df6ab2e903a01479bcfcd19798c85f72",
    "wallet": "0xf98c96b5d10faafc2324847c82305bd5fd7e5ad3",
  },
  {
    "_id": "3090763006_418399487",
    "_rev": "2-471adf4b3a1ee05abe42702c4f7dd4b2",
    "assetId": "ethereum:0x0cf0ee63788a0849fe5297f3407f701e122cc023:XDATA",
    "balance": "0.21165476692904842",
    "balanceN": 0.21165476692904842,
    "blockNumber": "4489555",
    "change": "0.21165476692904842",
    "changeN": 0.21165476692904842,
    "contractAddress": "0x0cf0ee63788a0849fe5297f3407f701e122cc023",
    "from": "0x5586aec6f58086524753d594cec08c4318314299",
    "importId": "3090763006",
    "importIndex": 1,
    "integration": "ethereum",
    "operation": "Deposit",
    "timestamp": 1509810019000,
    "to": "0xf98c96b5d10faafc2324847c82305bd5fd7e5ad3",
    "tokenName": "Streamr (old)",
    "tokenSymbol": "XDATA",
    "tokenValue": "0.21165476692904842",
    "tokenValueHistorical": "$0.02",
    "txHash": "0xeb18c18def1b7bf9e1f2e831647b9c8fe45de82e9669d7b52143a6c2cb15cc64",
    "wallet": "0xf98c96b5d10faafc2324847c82305bd5fd7e5ad3",
  },
  {
    "_id": "3090763006_618946868",
    "_rev": "2-ca9a1eec03dfa096a3436e7ed7c63685",
    "assetId": "ethereum:0xab95e915c123fded5bdfb6325e35ef5515f1ea69:XNN",
    "balance": "319.22562200498686051",
    "balanceN": 319.22562200498686,
    "blockNumber": "4441567",
    "change": "319.22562200498686051",
    "changeN": 319.22562200498686,
    "contractAddress": "0xab95e915c123fded5bdfb6325e35ef5515f1ea69",
    "from": "0xb59fdff77a6175dfa4fe7af4281a52f61611eaa2",
    "importId": "3090763006",
    "importIndex": 0,
    "integration": "ethereum",
    "operation": "Deposit",
    "timestamp": 1509139741000,
    "to": "0xf98c96b5d10faafc2324847c82305bd5fd7e5ad3",
    "tokenName": "XENON",
    "tokenSymbol": "XNN",
    "tokenValue": "319.22562200498686051",
    "tokenValueHistorical": "N/A",
    "txHash": "0x117756c2023161a70a4146feedf5b3a3f0b2028e8bc8542b4c59f994a29e5817",
    "wallet": "0xf98c96b5d10faafc2324847c82305bd5fd7e5ad3",
  },
  {
    "_id": "32174469_1010805629_1",
    "_rev": "2-d8a20c56750f13f36eb888b3dea5f48a",
    "assetId": "ethereum:0x0000000000000000000000000000000000000000:ETH",
    "balance": "1.49893996",
    "balanceN": 1.49893996,
    "change": "-0.000441",
    "changeN": -0.000441,
    "importId": "32174469",
    "importIndex": 5.1,
    "integration": "ethereum",
    "operation": "Fee",
    "timestamp": 1507383978000,
    "txId": "32174469_1010805629",
    "wallet": "0xf98c96b5d10faafc2324847c82305bd5fd7e5ad3",
  },
  {
    "_id": "32174469_1010805629_0",
    "_rev": "2-9d39b13cf894584a620c4b4e6a43c894",
    "assetId": "ethereum:0x0000000000000000000000000000000000000000:ETH",
    "balance": "1.49938096",
    "balanceN": 1.49938096,
    "change": "-0.5",
    "changeN": -0.5,
    "importId": "32174469",
    "importIndex": 5,
    "integration": "ethereum",
    "operation": "Withdraw",
    "timestamp": 1507383978000,
    "txId": "32174469_1010805629",
    "wallet": "0xf98c96b5d10faafc2324847c82305bd5fd7e5ad3",
  },
  {
    "_id": "32174469_3666988626_1",
    "_rev": "2-d6b2c947457eff2f2a02fef8b6fd45e5",
    "assetId": "ethereum:0x0000000000000000000000000000000000000000:ETH",
    "balance": "1.99938096",
    "balanceN": 1.99938096,
    "change": "-0.00042102",
    "changeN": -0.00042102,
    "importId": "32174469",
    "importIndex": 4.1,
    "integration": "ethereum",
    "operation": "Fee",
    "timestamp": 1504967849000,
    "txId": "32174469_3666988626",
    "wallet": "0xf98c96b5d10faafc2324847c82305bd5fd7e5ad3",
  },
  {
    "_id": "32174469_3666988626_0",
    "_rev": "2-b3ce6ad27b27ea263e7c497a200f1ba5",
    "assetId": "ethereum:0x0000000000000000000000000000000000000000:ETH",
    "balance": "1.99980198",
    "balanceN": 1.99980198,
    "change": "-2.801",
    "changeN": -2.801,
    "importId": "32174469",
    "importIndex": 4,
    "integration": "ethereum",
    "operation": "Withdraw",
    "timestamp": 1504967849000,
    "txId": "32174469_3666988626",
    "wallet": "0xf98c96b5d10faafc2324847c82305bd5fd7e5ad3",
  },
  {
    "_id": "32174469_677045801_1",
    "_rev": "2-82c669e258cf957a507c9862f95bb2ea",
    "assetId": "ethereum:0x0000000000000000000000000000000000000000:ETH",
    "balance": "4.80080198",
    "balanceN": 4.80080198,
    "change": "-0.00042",
    "changeN": -0.00042,
    "importId": "32174469",
    "importIndex": 3.1,
    "integration": "ethereum",
    "operation": "Fee",
    "timestamp": 1504966930000,
    "txId": "32174469_677045801",
    "wallet": "0xf98c96b5d10faafc2324847c82305bd5fd7e5ad3",
  },
  {
    "_id": "32174469_677045801_0",
    "_rev": "2-0ea6b4993cdcd3e3814ee23afa3a115a",
    "assetId": "ethereum:0x0000000000000000000000000000000000000000:ETH",
    "balance": "4.80122198",
    "balanceN": 4.80122198,
    "change": "-0.25",
    "changeN": -0.25,
    "importId": "32174469",
    "importIndex": 3,
    "integration": "ethereum",
    "operation": "Withdraw",
    "timestamp": 1504966930000,
    "txId": "32174469_677045801",
    "wallet": "0xf98c96b5d10faafc2324847c82305bd5fd7e5ad3",
  },
  {
    "_id": "32174469_1496232788_1",
    "_rev": "2-1ff0f12ac9c1fb37d512d334ec29ee26",
    "assetId": "ethereum:0x0000000000000000000000000000000000000000:ETH",
    "balance": "5.05122198",
    "balanceN": 5.05122198,
    "change": "-0.00042102",
    "changeN": -0.00042102,
    "importId": "32174469",
    "importIndex": 2.1,
    "integration": "ethereum",
    "operation": "Fee",
    "timestamp": 1504963955000,
    "txId": "32174469_1496232788",
    "wallet": "0xf98c96b5d10faafc2324847c82305bd5fd7e5ad3",
  },
  {
    "_id": "32174469_1496232788_0",
    "_rev": "2-f581eb4daf23a64197981272e0b9b720",
    "assetId": "ethereum:0x0000000000000000000000000000000000000000:ETH",
    "balance": "5.051643",
    "balanceN": 5.051643,
    "change": "-0.1",
    "changeN": -0.1,
    "importId": "32174469",
    "importIndex": 2,
    "integration": "ethereum",
    "operation": "Withdraw",
    "timestamp": 1504963955000,
    "txId": "32174469_1496232788",
    "wallet": "0xf98c96b5d10faafc2324847c82305bd5fd7e5ad3",
  },
  {
    "_id": "32174469_4131431469_0",
    "_rev": "2-03b353fa6c5ea282c2c01fff0b4b6287",
    "assetId": "ethereum:0x0000000000000000000000000000000000000000:ETH",
    "balance": "5.151643",
    "balanceN": 5.151643,
    "change": "5.061643",
    "changeN": 5.061643,
    "importId": "32174469",
    "importIndex": 1,
    "integration": "ethereum",
    "operation": "Deposit",
    "timestamp": 1504959717000,
    "txId": "32174469_4131431469",
    "wallet": "0xf98c96b5d10faafc2324847c82305bd5fd7e5ad3",
  },
  {
    "_id": "32174469_1605478640_0",
    "_rev": "2-83c74313a484a7a05a95ac0ad57d897f",
    "assetId": "ethereum:0x0000000000000000000000000000000000000000:ETH",
    "balance": "0.09",
    "balanceN": 0.09,
    "change": "0.09",
    "changeN": 0.09,
    "importId": "32174469",
    "importIndex": 0,
    "integration": "ethereum",
    "operation": "Deposit",
    "timestamp": 1504958289000,
    "txId": "32174469_1605478640",
    "wallet": "0xf98c96b5d10faafc2324847c82305bd5fd7e5ad3",
  },
]