[
  {
    "_id": "32174469_2471540929_0",
    "_rev": "1-8557120560ef1a85bb274baae38dd312",
    "assetId": "ethereum:0x0000000000000000000000000000000000000000:ETH",
    "change": "-0.468064038",
    "changeN": -0.468064038,
    "importId": "32174469",
    "importIndex": 8,
    "integration": "ethereum",
    "operation": "Withdraw",
    "timestamp": 1604453002000,
    "txId": "32174469_2471540929",
    "wallet": "Spot",
  },
  {
    "_id": "32174469_2471540929_1",
    "_rev": "1-8c2272b108f6cd8d15704884df080095",
    "assetId": "ethereum:0x0000000000000000000000000000000000000000:ETH",
    "change": "-0.0003213",
    "changeN": -0.0003213,
    "importId": "32174469",
    "importIndex": 8.1,
    "integration": "ethereum",
    "operation": "Fee",
    "timestamp": 1604453002000,
    "txId": "32174469_2471540929",
    "wallet": "Spot",
  },
  {
    "_id": "32174469_4171546297_0",
    "_rev": "1-976d92b5530e073e69e4e272b06ae70e",
    "assetId": "ethereum:0x0000000000000000000000000000000000000000:ETH",
    "change": "-0.03",
    "changeN": -0.03,
    "importId": "32174469",
    "importIndex": 7,
    "integration": "ethereum",
    "operation": "Withdraw",
    "timestamp": 1521052009000,
    "txId": "32174469_4171546297",
    "wallet": "Spot",
  },
  {
    "_id": "32174469_4171546297_1",
    "_rev": "1-c92973504104a5ff86023ecf2697a9d0",
    "assetId": "ethereum:0x0000000000000000000000000000000000000000:ETH",
    "change": "-0.000134622",
    "changeN": -0.000134622,
    "importId": "32174469",
    "importIndex": 7.1,
    "integration": "ethereum",
    "operation": "Fee",
    "timestamp": 1521052009000,
    "txId": "32174469_4171546297",
    "wallet": "Spot",
  },
  {
    "_id": "32174469_3745186990_0",
    "_rev": "1-aff0f8c34fd3afe955ede740192daa16",
    "assetId": "ethereum:0x0000000000000000000000000000000000000000:ETH",
    "change": "-1",
    "changeN": -1,
    "importId": "32174469",
    "importIndex": 6,
    "integration": "ethereum",
    "operation": "Withdraw",
    "timestamp": 1512414810000,
    "txId": "32174469_3745186990",
    "wallet": "Spot",
  },
  {
    "_id": "32174469_3745186990_1",
    "_rev": "1-d76c412356fc01d322c4ae690423bbe5",
    "assetId": "ethereum:0x0000000000000000000000000000000000000000:ETH",
    "change": "-0.00042",
    "changeN": -0.00042,
    "importId": "32174469",
    "importIndex": 6.1,
    "integration": "ethereum",
    "operation": "Fee",
    "timestamp": 1512414810000,
    "txId": "32174469_3745186990",
    "wallet": "Spot",
  },
  {
    "_id": "32174469_1010805629_0",
    "_rev": "1-04ec28c17682c1f9caf5c73a19781f0e",
    "assetId": "ethereum:0x0000000000000000000000000000000000000000:ETH",
    "change": "-0.5",
    "changeN": -0.5,
    "importId": "32174469",
    "importIndex": 5,
    "integration": "ethereum",
    "operation": "Withdraw",
    "timestamp": 1507383978000,
    "txId": "32174469_1010805629",
    "wallet": "Spot",
  },
  {
    "_id": "32174469_1010805629_1",
    "_rev": "1-f0f5fe298f1dcdc8b2830f03079e8b9e",
    "assetId": "ethereum:0x0000000000000000000000000000000000000000:ETH",
    "change": "-0.000441",
    "changeN": -0.000441,
    "importId": "32174469",
    "importIndex": 5.1,
    "integration": "ethereum",
    "operation": "Fee",
    "timestamp": 1507383978000,
    "txId": "32174469_1010805629",
    "wallet": "Spot",
  },
  {
    "_id": "32174469_3666988626_0",
    "_rev": "1-c26ed3550cdead13d9efdf1c03e48f92",
    "assetId": "ethereum:0x0000000000000000000000000000000000000000:ETH",
    "change": "-2.801",
    "changeN": -2.801,
    "importId": "32174469",
    "importIndex": 4,
    "integration": "ethereum",
    "operation": "Withdraw",
    "timestamp": 1504967849000,
    "txId": "32174469_3666988626",
    "wallet": "Spot",
  },
  {
    "_id": "32174469_3666988626_1",
    "_rev": "1-bda1b142c530d4a20c64b6e0dc1bd710",
    "assetId": "ethereum:0x0000000000000000000000000000000000000000:ETH",
    "change": "-0.00042102",
    "changeN": -0.00042102,
    "importId": "32174469",
    "importIndex": 4.1,
    "integration": "ethereum",
    "operation": "Fee",
    "timestamp": 1504967849000,
    "txId": "32174469_3666988626",
    "wallet": "Spot",
  },
  {
    "_id": "32174469_677045801_0",
    "_rev": "1-22bdaea76b59636fb2241cc4266ac0db",
    "assetId": "ethereum:0x0000000000000000000000000000000000000000:ETH",
    "change": "-0.25",
    "changeN": -0.25,
    "importId": "32174469",
    "importIndex": 3,
    "integration": "ethereum",
    "operation": "Withdraw",
    "timestamp": 1504966930000,
    "txId": "32174469_677045801",
    "wallet": "Spot",
  },
  {
    "_id": "32174469_677045801_1",
    "_rev": "1-f97239bfaa230f76319ea4215b7a23dc",
    "assetId": "ethereum:0x0000000000000000000000000000000000000000:ETH",
    "change": "-0.00042",
    "changeN": -0.00042,
    "importId": "32174469",
    "importIndex": 3.1,
    "integration": "ethereum",
    "operation": "Fee",
    "timestamp": 1504966930000,
    "txId": "32174469_677045801",
    "wallet": "Spot",
  },
  {
    "_id": "32174469_1496232788_0",
    "_rev": "1-3415519124905702edfa1faad8fe51c8",
    "assetId": "ethereum:0x0000000000000000000000000000000000000000:ETH",
    "change": "-0.1",
    "changeN": -0.1,
    "importId": "32174469",
    "importIndex": 2,
    "integration": "ethereum",
    "operation": "Withdraw",
    "timestamp": 1504963955000,
    "txId": "32174469_1496232788",
    "wallet": "Spot",
  },
  {
    "_id": "32174469_1496232788_1",
    "_rev": "1-4d1e27ecab11bbcd5018156dd6626be6",
    "assetId": "ethereum:0x0000000000000000000000000000000000000000:ETH",
    "change": "-0.00042102",
    "changeN": -0.00042102,
    "importId": "32174469",
    "importIndex": 2.1,
    "integration": "ethereum",
    "operation": "Fee",
    "timestamp": 1504963955000,
    "txId": "32174469_1496232788",
    "wallet": "Spot",
  },
  {
    "_id": "32174469_4131431469_0",
    "_rev": "1-4799096d331e568954c892ee62cf6ff8",
    "assetId": "ethereum:0x0000000000000000000000000000000000000000:ETH",
    "change": "5.061643",
    "changeN": 5.061643,
    "importId": "32174469",
    "importIndex": 1,
    "integration": "ethereum",
    "operation": "Deposit",
    "timestamp": 1504959717000,
    "txId": "32174469_4131431469",
    "wallet": "Spot",
  },
  {
    "_id": "32174469_1605478640_0",
    "_rev": "1-671bfe25565add97e68a8200fd5f7b30",
    "assetId": "ethereum:0x0000000000000000000000000000000000000000:ETH",
    "change": "0.09",
    "changeN": 0.09,
    "importId": "32174469",
    "importIndex": 0,
    "integration": "ethereum",
    "operation": "Deposit",
    "timestamp": 1504958289000,
    "txId": "32174469_1605478640",
    "wallet": "Spot",
  },
]