[
  {
    "_id": "1504915200000",
    "_rev": "1-53ea67c6aa258027e45bc6b88aecdc20",
    "ethereum:0x0000000000000000000000000000000000000000:ETH": "1.99938096",
    "timestamp": 1504915200000,
  },
  {
    "_id": "1505001600000",
    "_rev": "1-f25d6b9bce551b8db1f6d93189946f3a",
    "ethereum:0x0000000000000000000000000000000000000000:ETH": "1.99938096",
    "timestamp": 1505001600000,
  },
  {
    "_id": "1505088000000",
    "_rev": "1-d8b335f1ac0585e27bbcd572f77b8ac8",
    "ethereum:0x0000000000000000000000000000000000000000:ETH": "1.99938096",
    "timestamp": 1505088000000,
  },
  {
    "_id": "1505174400000",
    "_rev": "1-275a930682f9135275c9583a14a8603f",
    "ethereum:0x0000000000000000000000000000000000000000:ETH": "1.99938096",
    "timestamp": 1505174400000,
  },
  {
    "_id": "1505260800000",
    "_rev": "1-186fe7a5abfaa520350df3ee926f86d0",
    "ethereum:0x0000000000000000000000000000000000000000:ETH": "1.99938096",
    "timestamp": 1505260800000,
  },
  {
    "_id": "1505347200000",
    "_rev": "1-c3fc85c0b9bf99ae1a4d6d121f8672f1",
    "ethereum:0x0000000000000000000000000000000000000000:ETH": "1.99938096",
    "timestamp": 1505347200000,
  },
  {
    "_id": "1505433600000",
    "_rev": "1-00c7b8e55369b02fc7cf21d1d8ccee89",
    "ethereum:0x0000000000000000000000000000000000000000:ETH": "1.99938096",
    "timestamp": 1505433600000,
  },
  {
    "_id": "1505520000000",
    "_rev": "1-c8d615de07f96bd053e62b98b3bab908",
    "ethereum:0x0000000000000000000000000000000000000000:ETH": "1.99938096",
    "timestamp": 1505520000000,
  },
  {
    "_id": "1505606400000",
    "_rev": "1-594ecb359bb1702afbdf381431a9249c",
    "ethereum:0x0000000000000000000000000000000000000000:ETH": "1.99938096",
    "timestamp": 1505606400000,
  },
  {
    "_id": "1505692800000",
    "_rev": "1-a05b83a56f8dd510ccc87b5cd4dd1e02",
    "ethereum:0x0000000000000000000000000000000000000000:ETH": "1.99938096",
    "timestamp": 1505692800000,
  },
  {
    "_id": "1505779200000",
    "_rev": "1-7ee1ac62e75abe780791c92bb72bb872",
    "ethereum:0x0000000000000000000000000000000000000000:ETH": "1.99938096",
    "timestamp": 1505779200000,
  },
  {
    "_id": "1505865600000",
    "_rev": "1-e9ec3528159ae6a4de1758b65628473b",
    "ethereum:0x0000000000000000000000000000000000000000:ETH": "1.99938096",
    "timestamp": 1505865600000,
  },
  {
    "_id": "1505952000000",
    "_rev": "1-13cd08e889eb3a575cf511cbf1002088",
    "ethereum:0x0000000000000000000000000000000000000000:ETH": "1.99938096",
    "timestamp": 1505952000000,
  },
  {
    "_id": "1506038400000",
    "_rev": "1-f3d1442aca4a92f3989caa63dd018e79",
    "ethereum:0x0000000000000000000000000000000000000000:ETH": "1.99938096",
    "timestamp": 1506038400000,
  },
  {
    "_id": "1506124800000",
    "_rev": "1-541022a3f0a7fd484086db12280132e3",
    "ethereum:0x0000000000000000000000000000000000000000:ETH": "1.99938096",
    "timestamp": 1506124800000,
  },
  {
    "_id": "1506211200000",
    "_rev": "1-8aae2dc6d6df7748de734d406a1e79f8",
    "ethereum:0x0000000000000000000000000000000000000000:ETH": "1.99938096",
    "timestamp": 1506211200000,
  },
  {
    "_id": "1506297600000",
    "_rev": "1-5c813bfe7e7d45e0557927d7d95e3535",
    "ethereum:0x0000000000000000000000000000000000000000:ETH": "1.99938096",
    "timestamp": 1506297600000,
  },
  {
    "_id": "1506384000000",
    "_rev": "1-2820ed24df1607b364da86195fdd6a1d",
    "ethereum:0x0000000000000000000000000000000000000000:ETH": "1.99938096",
    "timestamp": 1506384000000,
  },
  {
    "_id": "1506470400000",
    "_rev": "1-5074b429e607abaa0b349210a39c6af8",
    "ethereum:0x0000000000000000000000000000000000000000:ETH": "1.99938096",
    "timestamp": 1506470400000,
  },
  {
    "_id": "1506556800000",
    "_rev": "1-335ea7194d0a7f0a30f4ec758e289a21",
    "ethereum:0x0000000000000000000000000000000000000000:ETH": "1.99938096",
    "timestamp": 1506556800000,
  },
  {
    "_id": "1506643200000",
    "_rev": "1-23101fcd6f25ef09ed3223b4a596f99b",
    "ethereum:0x0000000000000000000000000000000000000000:ETH": "1.99938096",
    "timestamp": 1506643200000,
  },
  {
    "_id": "1506729600000",
    "_rev": "1-55361f118beb3339d422c0b8638a7036",
    "ethereum:0x0000000000000000000000000000000000000000:ETH": "1.99938096",
    "timestamp": 1506729600000,
  },
  {
    "_id": "1506816000000",
    "_rev": "1-2b1ca28b18bb77881ee7380fdc8b5c4f",
    "ethereum:0x0000000000000000000000000000000000000000:ETH": "1.99938096",
    "timestamp": 1506816000000,
  },
  {
    "_id": "1506902400000",
    "_rev": "1-0f989e8e09fbd1565f655c702525bb91",
    "ethereum:0x0000000000000000000000000000000000000000:ETH": "1.99938096",
    "timestamp": 1506902400000,
  },
  {
    "_id": "1506988800000",
    "_rev": "1-b7f7720e8415add63b35de629b04e470",
    "ethereum:0x0000000000000000000000000000000000000000:ETH": "1.99938096",
    "timestamp": 1506988800000,
  },
  {
    "_id": "1507075200000",
    "_rev": "1-0453a6f9d334f5b5db87d7da45a56955",
    "ethereum:0x0000000000000000000000000000000000000000:ETH": "1.99938096",
    "timestamp": 1507075200000,
  },
  {
    "_id": "1507161600000",
    "_rev": "1-d5196aa9bfcee369389952c8aefe8593",
    "ethereum:0x0000000000000000000000000000000000000000:ETH": "1.99938096",
    "timestamp": 1507161600000,
  },
  {
    "_id": "1507248000000",
    "_rev": "1-1e7c3c7ebe1248395f93e9a3a3f5cd9e",
    "ethereum:0x0000000000000000000000000000000000000000:ETH": "1.99938096",
    "timestamp": 1507248000000,
  },
  {
    "_id": "1507334400000",
    "_rev": "1-d02bad60b84684fc33eb2d9740a95290",
    "ethereum:0x0000000000000000000000000000000000000000:ETH": "1.49893996",
    "timestamp": 1507334400000,
  },
  {
    "_id": "1507420800000",
    "_rev": "1-57ff3ad39ef1d690c08c2824e850fea0",
    "ethereum:0x0000000000000000000000000000000000000000:ETH": "1.49893996",
    "timestamp": 1507420800000,
  },
  {
    "_id": "1507507200000",
    "_rev": "1-1f76f95d8c7f5391cdf575bacb81c4c6",
    "ethereum:0x0000000000000000000000000000000000000000:ETH": "1.49893996",
    "timestamp": 1507507200000,
  },
  {
    "_id": "1507593600000",
    "_rev": "1-12d0383d06f0fe1e7eae55caf30895a4",
    "ethereum:0x0000000000000000000000000000000000000000:ETH": "1.49893996",
    "timestamp": 1507593600000,
  },
  {
    "_id": "1507680000000",
    "_rev": "1-3f615f859e6c26bbf33ae7d5bb930b67",
    "ethereum:0x0000000000000000000000000000000000000000:ETH": "1.49893996",
    "timestamp": 1507680000000,
  },
  {
    "_id": "1507766400000",
    "_rev": "1-18889f9dbb8419765dc75ab6c4ee3645",
    "ethereum:0x0000000000000000000000000000000000000000:ETH": "1.49893996",
    "timestamp": 1507766400000,
  },
  {
    "_id": "1507852800000",
    "_rev": "1-ed1a3432144a8b1581a520614663fb7e",
    "ethereum:0x0000000000000000000000000000000000000000:ETH": "1.49893996",
    "timestamp": 1507852800000,
  },
  {
    "_id": "1507939200000",
    "_rev": "1-aa0e21fe2067c4034af8fd417dc16be7",
    "ethereum:0x0000000000000000000000000000000000000000:ETH": "1.49893996",
    "timestamp": 1507939200000,
  },
  {
    "_id": "1508025600000",
    "_rev": "1-d74803b1f78565a400aeed18f4fef984",
    "ethereum:0x0000000000000000000000000000000000000000:ETH": "1.49893996",
    "timestamp": 1508025600000,
  },
  {
    "_id": "1508112000000",
    "_rev": "1-31369bce7e2893417c484c1347790df8",
    "ethereum:0x0000000000000000000000000000000000000000:ETH": "1.49893996",
    "timestamp": 1508112000000,
  },
  {
    "_id": "1508198400000",
    "_rev": "1-af9a4351b51b87d6772b6fc78d94a248",
    "ethereum:0x0000000000000000000000000000000000000000:ETH": "1.49893996",
    "timestamp": 1508198400000,
  },
  {
    "_id": "1508284800000",
    "_rev": "1-8d9b849f2412e48aaddc5bc77d27a7da",
    "ethereum:0x0000000000000000000000000000000000000000:ETH": "1.49893996",
    "timestamp": 1508284800000,
  },
  {
    "_id": "1508371200000",
    "_rev": "1-a6620372e3b59295c8c032f1d3825d58",
    "ethereum:0x0000000000000000000000000000000000000000:ETH": "1.49893996",
    "timestamp": 1508371200000,
  },
  {
    "_id": "1508457600000",
    "_rev": "1-3a7b5432108ddb396e6244bfcad5876a",
    "ethereum:0x0000000000000000000000000000000000000000:ETH": "1.49893996",
    "timestamp": 1508457600000,
  },
  {
    "_id": "1508544000000",
    "_rev": "1-1461ea099ddf83a049972732995c488d",
    "ethereum:0x0000000000000000000000000000000000000000:ETH": "1.49893996",
    "timestamp": 1508544000000,
  },
  {
    "_id": "1508630400000",
    "_rev": "1-c949bf955dcef5a309949d66c2ab2197",
    "ethereum:0x0000000000000000000000000000000000000000:ETH": "1.49893996",
    "timestamp": 1508630400000,
  },
  {
    "_id": "1508716800000",
    "_rev": "1-79891ac358f9093141975fab1aadca3b",
    "ethereum:0x0000000000000000000000000000000000000000:ETH": "1.49893996",
    "timestamp": 1508716800000,
  },
  {
    "_id": "1508803200000",
    "_rev": "1-ce7f038f1eefa0cd3ae2bd9f489077ca",
    "ethereum:0x0000000000000000000000000000000000000000:ETH": "1.49893996",
    "timestamp": 1508803200000,
  },
  {
    "_id": "1508889600000",
    "_rev": "1-2d72d78bc29c5e9e000aec07d58889d1",
    "ethereum:0x0000000000000000000000000000000000000000:ETH": "1.49893996",
    "timestamp": 1508889600000,
  },
  {
    "_id": "1508976000000",
    "_rev": "1-7d7ba1ba491e1aaeeec1517fbd4f8a59",
    "ethereum:0x0000000000000000000000000000000000000000:ETH": "1.49893996",
    "timestamp": 1508976000000,
  },
  {
    "_id": "1509062400000",
    "_rev": "1-8eea374f76cae7ff846acb08015486af",
    "ethereum:0x0000000000000000000000000000000000000000:ETH": "1.49893996",
    "ethereum:0xab95e915c123fded5bdfb6325e35ef5515f1ea69:XNN": "319.22562200498686051",
    "timestamp": 1509062400000,
  },
  {
    "_id": "1509148800000",
    "_rev": "1-098fb4432f04211433a4b7336378a7bb",
    "ethereum:0x0000000000000000000000000000000000000000:ETH": "1.49893996",
    "ethereum:0xab95e915c123fded5bdfb6325e35ef5515f1ea69:XNN": "319.22562200498686051",
    "timestamp": 1509148800000,
  },
  {
    "_id": "1509235200000",
    "_rev": "1-12be25b4ba57de8c4b5fecfee0f00de9",
    "ethereum:0x0000000000000000000000000000000000000000:ETH": "1.49893996",
    "ethereum:0xab95e915c123fded5bdfb6325e35ef5515f1ea69:XNN": "319.22562200498686051",
    "timestamp": 1509235200000,
  },
  {
    "_id": "1509321600000",
    "_rev": "1-dc84510ff3aad6c206e24dea2c7d8a68",
    "ethereum:0x0000000000000000000000000000000000000000:ETH": "1.49893996",
    "ethereum:0xab95e915c123fded5bdfb6325e35ef5515f1ea69:XNN": "319.22562200498686051",
    "timestamp": 1509321600000,
  },
  {
    "_id": "1509408000000",
    "_rev": "1-952a98d69bea631e51eec96850460171",
    "ethereum:0x0000000000000000000000000000000000000000:ETH": "1.49893996",
    "ethereum:0xab95e915c123fded5bdfb6325e35ef5515f1ea69:XNN": "319.22562200498686051",
    "timestamp": 1509408000000,
  },
  {
    "_id": "1509494400000",
    "_rev": "1-b72a8bbe83d66be6fa7a8b4f44cfa282",
    "ethereum:0x0000000000000000000000000000000000000000:ETH": "1.49893996",
    "ethereum:0xab95e915c123fded5bdfb6325e35ef5515f1ea69:XNN": "319.22562200498686051",
    "timestamp": 1509494400000,
  },
  {
    "_id": "1509580800000",
    "_rev": "1-5e308b672b09a038d312c99232d87cc9",
    "ethereum:0x0000000000000000000000000000000000000000:ETH": "1.49893996",
    "ethereum:0xab95e915c123fded5bdfb6325e35ef5515f1ea69:XNN": "319.22562200498686051",
    "timestamp": 1509580800000,
  },
  {
    "_id": "1509667200000",
    "_rev": "1-ec814756e38fbbb7e25b101e0e0f9acc",
    "ethereum:0x0000000000000000000000000000000000000000:ETH": "1.49893996",
    "ethereum:0xab95e915c123fded5bdfb6325e35ef5515f1ea69:XNN": "319.22562200498686051",
    "timestamp": 1509667200000,
  },
  {
    "_id": "1509753600000",
    "_rev": "1-c4c5f43dd57e6777e9bf4150a32e16a9",
    "ethereum:0x0000000000000000000000000000000000000000:ETH": "1.49893996",
    "ethereum:0x0cf0ee63788a0849fe5297f3407f701e122cc023:XDATA": "0.21165476692904842",
    "ethereum:0xab95e915c123fded5bdfb6325e35ef5515f1ea69:XNN": "319.22562200498686051",
    "timestamp": 1509753600000,
  },
  {
    "_id": "1509840000000",
    "_rev": "1-ccbb556c27ab1fdc329b8812842a0dee",
    "ethereum:0x0000000000000000000000000000000000000000:ETH": "1.49893996",
    "ethereum:0x0cf0ee63788a0849fe5297f3407f701e122cc023:XDATA": "0.21165476692904842",
    "ethereum:0xab95e915c123fded5bdfb6325e35ef5515f1ea69:XNN": "319.22562200498686051",
    "timestamp": 1509840000000,
  },
  {
    "_id": "1509926400000",
    "_rev": "1-76fcc1817ad5efd3d62d92e2e90c1865",
    "ethereum:0x0000000000000000000000000000000000000000:ETH": "1.49893996",
    "ethereum:0x0cf0ee63788a0849fe5297f3407f701e122cc023:XDATA": "0.21165476692904842",
    "ethereum:0xab95e915c123fded5bdfb6325e35ef5515f1ea69:XNN": "319.22562200498686051",
    "timestamp": 1509926400000,
  },
  {
    "_id": "1510012800000",
    "_rev": "1-804b01ec1cc451ab0e9239b92f0340bc",
    "ethereum:0x0000000000000000000000000000000000000000:ETH": "1.49893996",
    "ethereum:0x0cf0ee63788a0849fe5297f3407f701e122cc023:XDATA": "0.21165476692904842",
    "ethereum:0xab95e915c123fded5bdfb6325e35ef5515f1ea69:XNN": "319.22562200498686051",
    "timestamp": 1510012800000,
  },
  {
    "_id": "1510099200000",
    "_rev": "1-9808c2406824c1f93f1df6e47a62e3eb",
    "ethereum:0x0000000000000000000000000000000000000000:ETH": "1.49893996",
    "ethereum:0x0cf0ee63788a0849fe5297f3407f701e122cc023:XDATA": "0.21165476692904842",
    "ethereum:0xab95e915c123fded5bdfb6325e35ef5515f1ea69:XNN": "319.22562200498686051",
    "timestamp": 1510099200000,
  },
  {
    "_id": "1510185600000",
    "_rev": "1-fc1637056a810bb804ed0174265a830b",
    "ethereum:0x0000000000000000000000000000000000000000:ETH": "1.49893996",
    "ethereum:0x0cf0ee63788a0849fe5297f3407f701e122cc023:XDATA": "0.21165476692904842",
    "ethereum:0xab95e915c123fded5bdfb6325e35ef5515f1ea69:XNN": "319.22562200498686051",
    "timestamp": 1510185600000,
  },
  {
    "_id": "1510272000000",
    "_rev": "1-3c269ae939a3eb6df95d54a1c984d676",
    "ethereum:0x0000000000000000000000000000000000000000:ETH": "1.49893996",
    "ethereum:0x0cf0ee63788a0849fe5297f3407f701e122cc023:XDATA": "0.21165476692904842",
    "ethereum:0x519475b31653e46d20cd09f9fdcf3b12bdacb4f5:VIU": "29.9787992",
    "ethereum:0xab95e915c123fded5bdfb6325e35ef5515f1ea69:XNN": "319.22562200498686051",
    "timestamp": 1510272000000,
  },
  {
    "_id": "1510358400000",
    "_rev": "1-12d091ba02c5fee6ac64a935f70245dc",
    "ethereum:0x0000000000000000000000000000000000000000:ETH": "1.49893996",
    "ethereum:0x0cf0ee63788a0849fe5297f3407f701e122cc023:XDATA": "0.21165476692904842",
    "ethereum:0x519475b31653e46d20cd09f9fdcf3b12bdacb4f5:VIU": "29.9787992",
    "ethereum:0xab95e915c123fded5bdfb6325e35ef5515f1ea69:XNN": "319.22562200498686051",
    "timestamp": 1510358400000,
  },
  {
    "_id": "1510444800000",
    "_rev": "1-f3c02852d60740e06dae3651281fd8fc",
    "ethereum:0x0000000000000000000000000000000000000000:ETH": "1.49893996",
    "ethereum:0x0cf0ee63788a0849fe5297f3407f701e122cc023:XDATA": "0.21165476692904842",
    "ethereum:0x519475b31653e46d20cd09f9fdcf3b12bdacb4f5:VIU": "29.9787992",
    "ethereum:0xab95e915c123fded5bdfb6325e35ef5515f1ea69:XNN": "319.22562200498686051",
    "timestamp": 1510444800000,
  },
  {
    "_id": "1510531200000",
    "_rev": "1-f9e862b22d2bdceb1bfc884e03162926",
    "ethereum:0x0000000000000000000000000000000000000000:ETH": "1.49893996",
    "ethereum:0x0cf0ee63788a0849fe5297f3407f701e122cc023:XDATA": "0.21165476692904842",
    "ethereum:0x519475b31653e46d20cd09f9fdcf3b12bdacb4f5:VIU": "29.9787992",
    "ethereum:0xab95e915c123fded5bdfb6325e35ef5515f1ea69:XNN": "319.22562200498686051",
    "timestamp": 1510531200000,
  },
  {
    "_id": "1510617600000",
    "_rev": "1-6561be8f60e7ce67bd20af908ecc79f8",
    "ethereum:0x0000000000000000000000000000000000000000:ETH": "1.49893996",
    "ethereum:0x0cf0ee63788a0849fe5297f3407f701e122cc023:XDATA": "0.21165476692904842",
    "ethereum:0x519475b31653e46d20cd09f9fdcf3b12bdacb4f5:VIU": "29.9787992",
    "ethereum:0xab95e915c123fded5bdfb6325e35ef5515f1ea69:XNN": "319.22562200498686051",
    "timestamp": 1510617600000,
  },
  {
    "_id": "1510704000000",
    "_rev": "1-d1c344557045b7e118a2018ccabcaf62",
    "ethereum:0x0000000000000000000000000000000000000000:ETH": "1.49893996",
    "ethereum:0x0cf0ee63788a0849fe5297f3407f701e122cc023:XDATA": "0.21165476692904842",
    "ethereum:0x519475b31653e46d20cd09f9fdcf3b12bdacb4f5:VIU": "29.9787992",
    "ethereum:0xab95e915c123fded5bdfb6325e35ef5515f1ea69:XNN": "319.22562200498686051",
    "timestamp": 1510704000000,
  },
  {
    "_id": "1510790400000",
    "_rev": "1-ec3ea0611c737800d314642456830d17",
    "ethereum:0x0000000000000000000000000000000000000000:ETH": "1.49893996",
    "ethereum:0x0cf0ee63788a0849fe5297f3407f701e122cc023:XDATA": "0.21165476692904842",
    "ethereum:0x519475b31653e46d20cd09f9fdcf3b12bdacb4f5:VIU": "29.9787992",
    "ethereum:0xab95e915c123fded5bdfb6325e35ef5515f1ea69:XNN": "319.22562200498686051",
    "timestamp": 1510790400000,
  },
  {
    "_id": "1510876800000",
    "_rev": "1-54d01af75e0db995e50d325aced485db",
    "ethereum:0x0000000000000000000000000000000000000000:ETH": "1.49893996",
    "ethereum:0x0cf0ee63788a0849fe5297f3407f701e122cc023:XDATA": "0.21165476692904842",
    "ethereum:0x519475b31653e46d20cd09f9fdcf3b12bdacb4f5:VIU": "29.9787992",
    "ethereum:0xab95e915c123fded5bdfb6325e35ef5515f1ea69:XNN": "319.22562200498686051",
    "timestamp": 1510876800000,
  },
  {
    "_id": "1510963200000",
    "_rev": "1-bfbe22466b9f397d34b3f635f88ec4ab",
    "ethereum:0x0000000000000000000000000000000000000000:ETH": "1.49893996",
    "ethereum:0x0cf0ee63788a0849fe5297f3407f701e122cc023:XDATA": "0.21165476692904842",
    "ethereum:0x519475b31653e46d20cd09f9fdcf3b12bdacb4f5:VIU": "29.9787992",
    "ethereum:0xab95e915c123fded5bdfb6325e35ef5515f1ea69:XNN": "319.22562200498686051",
    "timestamp": 1510963200000,
  },
  {
    "_id": "1511049600000",
    "_rev": "1-6daa84df373852a3466067f6866b975a",
    "ethereum:0x0000000000000000000000000000000000000000:ETH": "1.49893996",
    "ethereum:0x0cf0ee63788a0849fe5297f3407f701e122cc023:XDATA": "0.21165476692904842",
    "ethereum:0x519475b31653e46d20cd09f9fdcf3b12bdacb4f5:VIU": "29.9787992",
    "ethereum:0xab95e915c123fded5bdfb6325e35ef5515f1ea69:XNN": "319.22562200498686051",
    "timestamp": 1511049600000,
  },
  {
    "_id": "1511136000000",
    "_rev": "1-05b0806d2b67203bdaafb57d1aeae43d",
    "ethereum:0x0000000000000000000000000000000000000000:ETH": "1.49893996",
    "ethereum:0x0cf0ee63788a0849fe5297f3407f701e122cc023:XDATA": "0.21165476692904842",
    "ethereum:0x519475b31653e46d20cd09f9fdcf3b12bdacb4f5:VIU": "29.9787992",
    "ethereum:0xab95e915c123fded5bdfb6325e35ef5515f1ea69:XNN": "319.22562200498686051",
    "timestamp": 1511136000000,
  },
  {
    "_id": "1511222400000",
    "_rev": "1-ee934d4c686d98359ed8e73e25258bae",
    "ethereum:0x0000000000000000000000000000000000000000:ETH": "1.49893996",
    "ethereum:0x0cf0ee63788a0849fe5297f3407f701e122cc023:XDATA": "0.21165476692904842",
    "ethereum:0x519475b31653e46d20cd09f9fdcf3b12bdacb4f5:VIU": "29.9787992",
    "ethereum:0xab95e915c123fded5bdfb6325e35ef5515f1ea69:XNN": "319.22562200498686051",
    "timestamp": 1511222400000,
  },
  {
    "_id": "1511308800000",
    "_rev": "1-cb044bf5fb2e85afcb1e835672993055",
    "ethereum:0x0000000000000000000000000000000000000000:ETH": "1.49893996",
    "ethereum:0x0cf0ee63788a0849fe5297f3407f701e122cc023:XDATA": "0.21165476692904842",
    "ethereum:0x519475b31653e46d20cd09f9fdcf3b12bdacb4f5:VIU": "29.9787992",
    "ethereum:0xab95e915c123fded5bdfb6325e35ef5515f1ea69:XNN": "319.22562200498686051",
    "timestamp": 1511308800000,
  },
  {
    "_id": "1511395200000",
    "_rev": "1-9c27d82c98a2fe27c0610514a9743aa9",
    "ethereum:0x0000000000000000000000000000000000000000:ETH": "1.49893996",
    "ethereum:0x0cf0ee63788a0849fe5297f3407f701e122cc023:XDATA": "0.21165476692904842",
    "ethereum:0x519475b31653e46d20cd09f9fdcf3b12bdacb4f5:VIU": "29.9787992",
    "ethereum:0xab95e915c123fded5bdfb6325e35ef5515f1ea69:XNN": "319.22562200498686051",
    "timestamp": 1511395200000,
  },
  {
    "_id": "1511481600000",
    "_rev": "1-417281eecc089cf2778dca3539c98a9a",
    "ethereum:0x0000000000000000000000000000000000000000:ETH": "1.49893996",
    "ethereum:0x0cf0ee63788a0849fe5297f3407f701e122cc023:XDATA": "0.21165476692904842",
    "ethereum:0x519475b31653e46d20cd09f9fdcf3b12bdacb4f5:VIU": "29.9787992",
    "ethereum:0xab95e915c123fded5bdfb6325e35ef5515f1ea69:XNN": "319.22562200498686051",
    "timestamp": 1511481600000,
  },
  {
    "_id": "1511568000000",
    "_rev": "1-44ed657a164186654e5d370f1da2153d",
    "ethereum:0x0000000000000000000000000000000000000000:ETH": "1.49893996",
    "ethereum:0x0cf0ee63788a0849fe5297f3407f701e122cc023:XDATA": "0.21165476692904842",
    "ethereum:0x519475b31653e46d20cd09f9fdcf3b12bdacb4f5:VIU": "29.9787992",
    "ethereum:0xab95e915c123fded5bdfb6325e35ef5515f1ea69:XNN": "319.22562200498686051",
    "timestamp": 1511568000000,
  },
  {
    "_id": "1511654400000",
    "_rev": "1-870aa45b187a1286fed8d03b26d67021",
    "ethereum:0x0000000000000000000000000000000000000000:ETH": "1.49893996",
    "ethereum:0x0cf0ee63788a0849fe5297f3407f701e122cc023:XDATA": "0.21165476692904842",
    "ethereum:0x519475b31653e46d20cd09f9fdcf3b12bdacb4f5:VIU": "29.9787992",
    "ethereum:0xab95e915c123fded5bdfb6325e35ef5515f1ea69:XNN": "319.22562200498686051",
    "timestamp": 1511654400000,
  },
  {
    "_id": "1511740800000",
    "_rev": "1-6e2c51b976450855271ca129c1e66be9",
    "ethereum:0x0000000000000000000000000000000000000000:ETH": "1.49893996",
    "ethereum:0x0cf0ee63788a0849fe5297f3407f701e122cc023:XDATA": "0.21165476692904842",
    "ethereum:0x519475b31653e46d20cd09f9fdcf3b12bdacb4f5:VIU": "29.9787992",
    "ethereum:0x52903256dd18d85c2dc4a6c999907c9793ea61e3:INSP": "777",
    "ethereum:0xab95e915c123fded5bdfb6325e35ef5515f1ea69:XNN": "319.22562200498686051",
    "timestamp": 1511740800000,
  },
  {
    "_id": "1511827200000",
    "_rev": "1-03c67a5ab2e8c1d59a07578316680dfa",
    "ethereum:0x0000000000000000000000000000000000000000:ETH": "1.49893996",
    "ethereum:0x0cf0ee63788a0849fe5297f3407f701e122cc023:XDATA": "0.21165476692904842",
    "ethereum:0x519475b31653e46d20cd09f9fdcf3b12bdacb4f5:VIU": "29.9787992",
    "ethereum:0x52903256dd18d85c2dc4a6c999907c9793ea61e3:INSP": "777",
    "ethereum:0xab95e915c123fded5bdfb6325e35ef5515f1ea69:XNN": "319.22562200498686051",
    "timestamp": 1511827200000,
  },
  {
    "_id": "1511913600000",
    "_rev": "1-c38d81ee90f0386a62ef27ee311b1901",
    "ethereum:0x0000000000000000000000000000000000000000:ETH": "1.49893996",
    "ethereum:0x0cf0ee63788a0849fe5297f3407f701e122cc023:XDATA": "0.21165476692904842",
    "ethereum:0x519475b31653e46d20cd09f9fdcf3b12bdacb4f5:VIU": "29.9787992",
    "ethereum:0x52903256dd18d85c2dc4a6c999907c9793ea61e3:INSP": "777",
    "ethereum:0xab95e915c123fded5bdfb6325e35ef5515f1ea69:XNN": "319.22562200498686051",
    "timestamp": 1511913600000,
  },
  {
    "_id": "1512000000000",
    "_rev": "1-4f1bf868e76da7fa4df62c27b0757f88",
    "ethereum:0x0000000000000000000000000000000000000000:ETH": "1.49893996",
    "ethereum:0x0cf0ee63788a0849fe5297f3407f701e122cc023:XDATA": "0.21165476692904842",
    "ethereum:0x519475b31653e46d20cd09f9fdcf3b12bdacb4f5:VIU": "29.9787992",
    "ethereum:0x52903256dd18d85c2dc4a6c999907c9793ea61e3:INSP": "777",
    "ethereum:0xab95e915c123fded5bdfb6325e35ef5515f1ea69:XNN": "319.22562200498686051",
    "timestamp": 1512000000000,
  },
  {
    "_id": "1512086400000",
    "_rev": "1-b4d105c7382cdab769d1b81d7072cd00",
    "ethereum:0x0000000000000000000000000000000000000000:ETH": "1.49893996",
    "ethereum:0x0cf0ee63788a0849fe5297f3407f701e122cc023:XDATA": "0.21165476692904842",
    "ethereum:0x519475b31653e46d20cd09f9fdcf3b12bdacb4f5:VIU": "29.9787992",
    "ethereum:0x52903256dd18d85c2dc4a6c999907c9793ea61e3:INSP": "777",
    "ethereum:0xab95e915c123fded5bdfb6325e35ef5515f1ea69:XNN": "319.22562200498686051",
    "timestamp": 1512086400000,
  },
  {
    "_id": "1512172800000",
    "_rev": "1-b50d8873db19d32daa6c0148e6131a76",
    "ethereum:0x0000000000000000000000000000000000000000:ETH": "1.49893996",
    "ethereum:0x0cf0ee63788a0849fe5297f3407f701e122cc023:XDATA": "0.21165476692904842",
    "ethereum:0x519475b31653e46d20cd09f9fdcf3b12bdacb4f5:VIU": "29.9787992",
    "ethereum:0x52903256dd18d85c2dc4a6c999907c9793ea61e3:INSP": "777",
    "ethereum:0xab95e915c123fded5bdfb6325e35ef5515f1ea69:XNN": "319.22562200498686051",
    "timestamp": 1512172800000,
  },
  {
    "_id": "1512259200000",
    "_rev": "1-eb8467ea70080d13d8acffbfe76f6b71",
    "ethereum:0x0000000000000000000000000000000000000000:ETH": "1.49893996",
    "ethereum:0x0cf0ee63788a0849fe5297f3407f701e122cc023:XDATA": "0.21165476692904842",
    "ethereum:0x519475b31653e46d20cd09f9fdcf3b12bdacb4f5:VIU": "29.9787992",
    "ethereum:0x52903256dd18d85c2dc4a6c999907c9793ea61e3:INSP": "777",
    "ethereum:0xab95e915c123fded5bdfb6325e35ef5515f1ea69:XNN": "319.22562200498686051",
    "timestamp": 1512259200000,
  },
  {
    "_id": "1512345600000",
    "_rev": "1-a78fd7ebe0b90657ef2dcd7fa373beb4",
    "ethereum:0x0000000000000000000000000000000000000000:ETH": "0.49851996",
    "ethereum:0x0cf0ee63788a0849fe5297f3407f701e122cc023:XDATA": "0.21165476692904842",
    "ethereum:0x519475b31653e46d20cd09f9fdcf3b12bdacb4f5:VIU": "29.9787992",
    "ethereum:0x52903256dd18d85c2dc4a6c999907c9793ea61e3:INSP": "777",
    "ethereum:0xab95e915c123fded5bdfb6325e35ef5515f1ea69:XNN": "319.22562200498686051",
    "timestamp": 1512345600000,
  },
  {
    "_id": "1512432000000",
    "_rev": "1-023973e727b89688d284e7c39bf74d1c",
    "ethereum:0x0000000000000000000000000000000000000000:ETH": "0.49851996",
    "ethereum:0x0cf0ee63788a0849fe5297f3407f701e122cc023:XDATA": "0.21165476692904842",
    "ethereum:0x519475b31653e46d20cd09f9fdcf3b12bdacb4f5:VIU": "29.9787992",
    "ethereum:0x52903256dd18d85c2dc4a6c999907c9793ea61e3:INSP": "777",
    "ethereum:0xab95e915c123fded5bdfb6325e35ef5515f1ea69:XNN": "319.22562200498686051",
    "timestamp": 1512432000000,
  },
  {
    "_id": "1512518400000",
    "_rev": "1-8df4c81691136fe29de851cd60d3a5f2",
    "ethereum:0x0000000000000000000000000000000000000000:ETH": "0.49851996",
    "ethereum:0x0cf0ee63788a0849fe5297f3407f701e122cc023:XDATA": "0.21165476692904842",
    "ethereum:0x519475b31653e46d20cd09f9fdcf3b12bdacb4f5:VIU": "29.9787992",
    "ethereum:0x52903256dd18d85c2dc4a6c999907c9793ea61e3:INSP": "777",
    "ethereum:0xab95e915c123fded5bdfb6325e35ef5515f1ea69:XNN": "319.22562200498686051",
    "timestamp": 1512518400000,
  },
  {
    "_id": "1512604800000",
    "_rev": "1-b1df9649965b13f6eb099128c3fbdc04",
    "ethereum:0x0000000000000000000000000000000000000000:ETH": "0.49851996",
    "ethereum:0x0cf0ee63788a0849fe5297f3407f701e122cc023:XDATA": "0.21165476692904842",
    "ethereum:0x519475b31653e46d20cd09f9fdcf3b12bdacb4f5:VIU": "29.9787992",
    "ethereum:0x52903256dd18d85c2dc4a6c999907c9793ea61e3:INSP": "777",
    "ethereum:0xab95e915c123fded5bdfb6325e35ef5515f1ea69:XNN": "319.22562200498686051",
    "timestamp": 1512604800000,
  },
  {
    "_id": "1512691200000",
    "_rev": "1-eb9e18360167b69269b95159ac90d2f7",
    "ethereum:0x0000000000000000000000000000000000000000:ETH": "0.49851996",
    "ethereum:0x0cf0ee63788a0849fe5297f3407f701e122cc023:XDATA": "0.21165476692904842",
    "ethereum:0x519475b31653e46d20cd09f9fdcf3b12bdacb4f5:VIU": "29.9787992",
    "ethereum:0x52903256dd18d85c2dc4a6c999907c9793ea61e3:INSP": "777",
    "ethereum:0xab95e915c123fded5bdfb6325e35ef5515f1ea69:XNN": "319.22562200498686051",
    "timestamp": 1512691200000,
  },
  {
    "_id": "1512777600000",
    "_rev": "1-9fd2a279c16ea8f98669ded4f7da160a",
    "ethereum:0x0000000000000000000000000000000000000000:ETH": "0.49851996",
    "ethereum:0x0cf0ee63788a0849fe5297f3407f701e122cc023:XDATA": "0.21165476692904842",
    "ethereum:0x519475b31653e46d20cd09f9fdcf3b12bdacb4f5:VIU": "29.9787992",
    "ethereum:0x52903256dd18d85c2dc4a6c999907c9793ea61e3:INSP": "777",
    "ethereum:0xab95e915c123fded5bdfb6325e35ef5515f1ea69:XNN": "319.22562200498686051",
    "timestamp": 1512777600000,
  },
  {
    "_id": "1512864000000",
    "_rev": "1-e3b0f223e8c08bcb8e3359762319a581",
    "ethereum:0x0000000000000000000000000000000000000000:ETH": "0.49851996",
    "ethereum:0x0cf0ee63788a0849fe5297f3407f701e122cc023:XDATA": "0.21165476692904842",
    "ethereum:0x519475b31653e46d20cd09f9fdcf3b12bdacb4f5:VIU": "29.9787992",
    "ethereum:0x52903256dd18d85c2dc4a6c999907c9793ea61e3:INSP": "777",
    "ethereum:0xab95e915c123fded5bdfb6325e35ef5515f1ea69:XNN": "319.22562200498686051",
    "timestamp": 1512864000000,
  },
  {
    "_id": "1512950400000",
    "_rev": "1-c9b280527d5f7ac694a08c8888e2db20",
    "ethereum:0x0000000000000000000000000000000000000000:ETH": "0.49851996",
    "ethereum:0x0cf0ee63788a0849fe5297f3407f701e122cc023:XDATA": "0.21165476692904842",
    "ethereum:0x519475b31653e46d20cd09f9fdcf3b12bdacb4f5:VIU": "29.9787992",
    "ethereum:0x52903256dd18d85c2dc4a6c999907c9793ea61e3:INSP": "777",
    "ethereum:0xab95e915c123fded5bdfb6325e35ef5515f1ea69:XNN": "319.22562200498686051",
    "timestamp": 1512950400000,
  },
  {
    "_id": "1513036800000",
    "_rev": "1-39baac09d98d2855bc85f1f677f760cc",
    "ethereum:0x0000000000000000000000000000000000000000:ETH": "0.49851996",
    "ethereum:0x0cf0ee63788a0849fe5297f3407f701e122cc023:XDATA": "0.21165476692904842",
    "ethereum:0x519475b31653e46d20cd09f9fdcf3b12bdacb4f5:VIU": "29.9787992",
    "ethereum:0x52903256dd18d85c2dc4a6c999907c9793ea61e3:INSP": "777",
    "ethereum:0xab95e915c123fded5bdfb6325e35ef5515f1ea69:XNN": "319.22562200498686051",
    "timestamp": 1513036800000,
  },
  {
    "_id": "1513123200000",
    "_rev": "1-2efc243ec0a967253dadc022c09d1ac9",
    "ethereum:0x0000000000000000000000000000000000000000:ETH": "0.49851996",
    "ethereum:0x0cf0ee63788a0849fe5297f3407f701e122cc023:XDATA": "0.21165476692904842",
    "ethereum:0x519475b31653e46d20cd09f9fdcf3b12bdacb4f5:VIU": "29.9787992",
    "ethereum:0x52903256dd18d85c2dc4a6c999907c9793ea61e3:INSP": "777",
    "ethereum:0xab95e915c123fded5bdfb6325e35ef5515f1ea69:XNN": "319.22562200498686051",
    "timestamp": 1513123200000,
  },
  {
    "_id": "1513209600000",
    "_rev": "1-6406d4e88ec1864d11f4f7c2155d8093",
    "ethereum:0x0000000000000000000000000000000000000000:ETH": "0.49851996",
    "ethereum:0x0cf0ee63788a0849fe5297f3407f701e122cc023:XDATA": "0.21165476692904842",
    "ethereum:0x519475b31653e46d20cd09f9fdcf3b12bdacb4f5:VIU": "29.9787992",
    "ethereum:0x52903256dd18d85c2dc4a6c999907c9793ea61e3:INSP": "777",
    "ethereum:0xab95e915c123fded5bdfb6325e35ef5515f1ea69:XNN": "319.22562200498686051",
    "timestamp": 1513209600000,
  },
  {
    "_id": "1513296000000",
    "_rev": "1-3ce8caf03b8ece026b2cbd102d7eea26",
    "ethereum:0x0000000000000000000000000000000000000000:ETH": "0.49851996",
    "ethereum:0x0cf0ee63788a0849fe5297f3407f701e122cc023:XDATA": "0.21165476692904842",
    "ethereum:0x519475b31653e46d20cd09f9fdcf3b12bdacb4f5:VIU": "29.9787992",
    "ethereum:0x52903256dd18d85c2dc4a6c999907c9793ea61e3:INSP": "777",
    "ethereum:0xab95e915c123fded5bdfb6325e35ef5515f1ea69:XNN": "319.22562200498686051",
    "timestamp": 1513296000000,
  },
  {
    "_id": "1513382400000",
    "_rev": "1-9b6c383dd3e74680c73b9fb1f835f33f",
    "ethereum:0x0000000000000000000000000000000000000000:ETH": "0.49851996",
    "ethereum:0x0cf0ee63788a0849fe5297f3407f701e122cc023:XDATA": "0.21165476692904842",
    "ethereum:0x519475b31653e46d20cd09f9fdcf3b12bdacb4f5:VIU": "29.9787992",
    "ethereum:0x52903256dd18d85c2dc4a6c999907c9793ea61e3:INSP": "777",
    "ethereum:0xab95e915c123fded5bdfb6325e35ef5515f1ea69:XNN": "319.22562200498686051",
    "timestamp": 1513382400000,
  },
  {
    "_id": "1513468800000",
    "_rev": "1-c5b9e5830dad4c58fbe86639799bc75a",
    "ethereum:0x0000000000000000000000000000000000000000:ETH": "0.49851996",
    "ethereum:0x0cf0ee63788a0849fe5297f3407f701e122cc023:XDATA": "0.21165476692904842",
    "ethereum:0x519475b31653e46d20cd09f9fdcf3b12bdacb4f5:VIU": "29.9787992",
    "ethereum:0x52903256dd18d85c2dc4a6c999907c9793ea61e3:INSP": "777",
    "ethereum:0xab95e915c123fded5bdfb6325e35ef5515f1ea69:XNN": "319.22562200498686051",
    "timestamp": 1513468800000,
  },
]