[
  {
    "_id": "1608595200000",
    "_rev": "1-8ad97a63efbdbd21ecd8c559a94b89f1",
    "ethereum:0x0cf0ee63788a0849fe5297f3407f701e122cc023:XDATA": "0.21165476692904842",
    "ethereum:0x1d462414fe14cf489c7a21cac78509f4bf8cd7c0:CAN": "2",
    "ethereum:0x519475b31653e46d20cd09f9fdcf3b12bdacb4f5:VIU": "29.9787992",
    "ethereum:0x52903256dd18d85c2dc4a6c999907c9793ea61e3:INSP": "777",
    "ethereum:0x58b6a8a3302369daec383334672404ee733ab239:LPT": "2.117826656607921801",
    "ethereum:0x7b2f9706cd8473b4f5b7758b0171a9933fc6c4d6:HEALP": "911",
    "ethereum:0xa4e8c3ec456107ea67d3075bf9e3df3a75823db0:LOOM": "10",
    "ethereum:0xab95e915c123fded5bdfb6325e35ef5515f1ea69:XNN": "319.22562200498686051",
    "timestamp": 1608595200000,
  },
  {
    "_id": "1608681600000",
    "_rev": "1-dfe65d9c62927728e9a228486562aaec",
    "ethereum:0x0cf0ee63788a0849fe5297f3407f701e122cc023:XDATA": "0.21165476692904842",
    "ethereum:0x1d462414fe14cf489c7a21cac78509f4bf8cd7c0:CAN": "2",
    "ethereum:0x519475b31653e46d20cd09f9fdcf3b12bdacb4f5:VIU": "29.9787992",
    "ethereum:0x52903256dd18d85c2dc4a6c999907c9793ea61e3:INSP": "777",
    "ethereum:0x58b6a8a3302369daec383334672404ee733ab239:LPT": "2.117826656607921801",
    "ethereum:0x7b2f9706cd8473b4f5b7758b0171a9933fc6c4d6:HEALP": "911",
    "ethereum:0xa4e8c3ec456107ea67d3075bf9e3df3a75823db0:LOOM": "10",
    "ethereum:0xab95e915c123fded5bdfb6325e35ef5515f1ea69:XNN": "319.22562200498686051",
    "timestamp": 1608681600000,
  },
  {
    "_id": "1608768000000",
    "_rev": "1-bee01e4315ffcc65c56eb572fcc3d4a2",
    "ethereum:0x0cf0ee63788a0849fe5297f3407f701e122cc023:XDATA": "0.21165476692904842",
    "ethereum:0x1d462414fe14cf489c7a21cac78509f4bf8cd7c0:CAN": "2",
    "ethereum:0x519475b31653e46d20cd09f9fdcf3b12bdacb4f5:VIU": "29.9787992",
    "ethereum:0x52903256dd18d85c2dc4a6c999907c9793ea61e3:INSP": "777",
    "ethereum:0x58b6a8a3302369daec383334672404ee733ab239:LPT": "2.117826656607921801",
    "ethereum:0x7b2f9706cd8473b4f5b7758b0171a9933fc6c4d6:HEALP": "911",
    "ethereum:0xa4e8c3ec456107ea67d3075bf9e3df3a75823db0:LOOM": "10",
    "ethereum:0xab95e915c123fded5bdfb6325e35ef5515f1ea69:XNN": "319.22562200498686051",
    "timestamp": 1608768000000,
  },
  {
    "_id": "1608854400000",
    "_rev": "1-f7e5c5a4a859983e905a85243c504663",
    "ethereum:0x0cf0ee63788a0849fe5297f3407f701e122cc023:XDATA": "0.21165476692904842",
    "ethereum:0x1d462414fe14cf489c7a21cac78509f4bf8cd7c0:CAN": "2",
    "ethereum:0x519475b31653e46d20cd09f9fdcf3b12bdacb4f5:VIU": "29.9787992",
    "ethereum:0x52903256dd18d85c2dc4a6c999907c9793ea61e3:INSP": "777",
    "ethereum:0x58b6a8a3302369daec383334672404ee733ab239:LPT": "2.117826656607921801",
    "ethereum:0x7b2f9706cd8473b4f5b7758b0171a9933fc6c4d6:HEALP": "911",
    "ethereum:0xa4e8c3ec456107ea67d3075bf9e3df3a75823db0:LOOM": "10",
    "ethereum:0xab95e915c123fded5bdfb6325e35ef5515f1ea69:XNN": "319.22562200498686051",
    "timestamp": 1608854400000,
  },
  {
    "_id": "1608940800000",
    "_rev": "1-1a636647e4768f09d0ec87ff8d2dd640",
    "ethereum:0x0cf0ee63788a0849fe5297f3407f701e122cc023:XDATA": "0.21165476692904842",
    "ethereum:0x1d462414fe14cf489c7a21cac78509f4bf8cd7c0:CAN": "2",
    "ethereum:0x519475b31653e46d20cd09f9fdcf3b12bdacb4f5:VIU": "29.9787992",
    "ethereum:0x52903256dd18d85c2dc4a6c999907c9793ea61e3:INSP": "777",
    "ethereum:0x58b6a8a3302369daec383334672404ee733ab239:LPT": "2.117826656607921801",
    "ethereum:0x7b2f9706cd8473b4f5b7758b0171a9933fc6c4d6:HEALP": "911",
    "ethereum:0xa4e8c3ec456107ea67d3075bf9e3df3a75823db0:LOOM": "10",
    "ethereum:0xab95e915c123fded5bdfb6325e35ef5515f1ea69:XNN": "319.22562200498686051",
    "timestamp": 1608940800000,
  },
  {
    "_id": "1609027200000",
    "_rev": "1-b41fa2330306c63458eafc020989ef41",
    "ethereum:0x0cf0ee63788a0849fe5297f3407f701e122cc023:XDATA": "0.21165476692904842",
    "ethereum:0x1d462414fe14cf489c7a21cac78509f4bf8cd7c0:CAN": "2",
    "ethereum:0x519475b31653e46d20cd09f9fdcf3b12bdacb4f5:VIU": "29.9787992",
    "ethereum:0x52903256dd18d85c2dc4a6c999907c9793ea61e3:INSP": "777",
    "ethereum:0x58b6a8a3302369daec383334672404ee733ab239:LPT": "2.117826656607921801",
    "ethereum:0x7b2f9706cd8473b4f5b7758b0171a9933fc6c4d6:HEALP": "911",
    "ethereum:0xa4e8c3ec456107ea67d3075bf9e3df3a75823db0:LOOM": "10",
    "ethereum:0xab95e915c123fded5bdfb6325e35ef5515f1ea69:XNN": "319.22562200498686051",
    "timestamp": 1609027200000,
  },
  {
    "_id": "1609113600000",
    "_rev": "1-578d0781fcca4b74ff840d0485e38cdb",
    "ethereum:0x0cf0ee63788a0849fe5297f3407f701e122cc023:XDATA": "0.21165476692904842",
    "ethereum:0x1d462414fe14cf489c7a21cac78509f4bf8cd7c0:CAN": "2",
    "ethereum:0x519475b31653e46d20cd09f9fdcf3b12bdacb4f5:VIU": "29.9787992",
    "ethereum:0x52903256dd18d85c2dc4a6c999907c9793ea61e3:INSP": "777",
    "ethereum:0x58b6a8a3302369daec383334672404ee733ab239:LPT": "2.117826656607921801",
    "ethereum:0x7b2f9706cd8473b4f5b7758b0171a9933fc6c4d6:HEALP": "911",
    "ethereum:0xa4e8c3ec456107ea67d3075bf9e3df3a75823db0:LOOM": "10",
    "ethereum:0xab95e915c123fded5bdfb6325e35ef5515f1ea69:XNN": "319.22562200498686051",
    "timestamp": 1609113600000,
  },
  {
    "_id": "1609200000000",
    "_rev": "1-17664613b2f526957b012d1272f02c84",
    "ethereum:0x0cf0ee63788a0849fe5297f3407f701e122cc023:XDATA": "0.21165476692904842",
    "ethereum:0x1d462414fe14cf489c7a21cac78509f4bf8cd7c0:CAN": "2",
    "ethereum:0x519475b31653e46d20cd09f9fdcf3b12bdacb4f5:VIU": "29.9787992",
    "ethereum:0x52903256dd18d85c2dc4a6c999907c9793ea61e3:INSP": "777",
    "ethereum:0x58b6a8a3302369daec383334672404ee733ab239:LPT": "2.117826656607921801",
    "ethereum:0x7b2f9706cd8473b4f5b7758b0171a9933fc6c4d6:HEALP": "911",
    "ethereum:0xa4e8c3ec456107ea67d3075bf9e3df3a75823db0:LOOM": "10",
    "ethereum:0xab95e915c123fded5bdfb6325e35ef5515f1ea69:XNN": "319.22562200498686051",
    "timestamp": 1609200000000,
  },
  {
    "_id": "1609286400000",
    "_rev": "1-df5be2427026fb21c7bbcdcbb19369e8",
    "ethereum:0x0cf0ee63788a0849fe5297f3407f701e122cc023:XDATA": "0.21165476692904842",
    "ethereum:0x1d462414fe14cf489c7a21cac78509f4bf8cd7c0:CAN": "2",
    "ethereum:0x519475b31653e46d20cd09f9fdcf3b12bdacb4f5:VIU": "29.9787992",
    "ethereum:0x52903256dd18d85c2dc4a6c999907c9793ea61e3:INSP": "777",
    "ethereum:0x58b6a8a3302369daec383334672404ee733ab239:LPT": "2.117826656607921801",
    "ethereum:0x7b2f9706cd8473b4f5b7758b0171a9933fc6c4d6:HEALP": "911",
    "ethereum:0xa4e8c3ec456107ea67d3075bf9e3df3a75823db0:LOOM": "10",
    "ethereum:0xab95e915c123fded5bdfb6325e35ef5515f1ea69:XNN": "319.22562200498686051",
    "timestamp": 1609286400000,
  },
  {
    "_id": "1609372800000",
    "_rev": "1-fca1731b1c79243e0186cd9fc132ee74",
    "ethereum:0x0cf0ee63788a0849fe5297f3407f701e122cc023:XDATA": "0.21165476692904842",
    "ethereum:0x1d462414fe14cf489c7a21cac78509f4bf8cd7c0:CAN": "2",
    "ethereum:0x519475b31653e46d20cd09f9fdcf3b12bdacb4f5:VIU": "29.9787992",
    "ethereum:0x52903256dd18d85c2dc4a6c999907c9793ea61e3:INSP": "777",
    "ethereum:0x58b6a8a3302369daec383334672404ee733ab239:LPT": "2.117826656607921801",
    "ethereum:0x7b2f9706cd8473b4f5b7758b0171a9933fc6c4d6:HEALP": "911",
    "ethereum:0xa4e8c3ec456107ea67d3075bf9e3df3a75823db0:LOOM": "10",
    "ethereum:0xab95e915c123fded5bdfb6325e35ef5515f1ea69:XNN": "319.22562200498686051",
    "timestamp": 1609372800000,
  },
]