[
  {
    "_id": "32174469_2471540929",
    "_rev": "1-16d2111680a5c7072ad9c39076335f18",
    "blockNumber": "11187695",
    "contractAddress": "",
    "errorCode": "",
    "ethCurrentValue": "1182.96827233165",
    "ethHistoricalPrice": "402.66",
    "fee": "-0.0003213",
    "feeAsset": "ethereum:0x0000000000000000000000000000000000000000:ETH",
    "feeN": -0.0003213,
    "from": "0xf98c96b5d10faafc2324847c82305bd5fd7e5ad3",
    "importId": "32174469",
    "importIndex": 8,
    "incoming": "0",
    "incomingAsset": "ethereum:0x0000000000000000000000000000000000000000:ETH",
    "incomingN": 0,
    "method": "Transfer",
    "outgoing": "0.468064038",
    "outgoingAsset": "ethereum:0x0000000000000000000000000000000000000000:ETH",
    "outgoingN": 0.468064038,
    "platform": "ethereum",
    "status": "",
    "timestamp": 1604453002000,
    "to": "0x003dc32fe920a4aaeed12dc87e145f030aa753f3",
    "txHash": "0xa6cb206757f26bc188607946af4a6d49f81ace2cf328eb2c36290b0083cc4770",
    "txnFee": "0.0003213",
    "txnFeeUsd": "0.812042103307583",
    "type": "Withdraw",
    "valueIn": "0",
    "valueOut": "0.468064038",
    "wallet": "0xf98c96b5d10faafc2324847c82305bd5fd7e5ad3",
  },
  {
    "_id": "32174469_4171546297",
    "_rev": "1-c35a4f8acec4439740227333f4e21e3f",
    "blockNumber": "5255185",
    "contractAddress": "",
    "errorCode": "",
    "ethCurrentValue": "75.8209246785792",
    "ethHistoricalPrice": "613.15",
    "fee": "-0.000134622",
    "feeAsset": "ethereum:0x0000000000000000000000000000000000000000:ETH",
    "feeN": -0.000134622,
    "from": "0xf98c96b5d10faafc2324847c82305bd5fd7e5ad3",
    "importId": "32174469",
    "importIndex": 7,
    "incoming": "0",
    "incomingAsset": "ethereum:0x0000000000000000000000000000000000000000:ETH",
    "incomingN": 0,
    "method": "Transfer",
    "outgoing": "0.03",
    "outgoingAsset": "ethereum:0x0000000000000000000000000000000000000000:ETH",
    "outgoingN": 0.03,
    "platform": "ethereum",
    "status": "",
    "timestamp": 1521052009000,
    "to": "0xf652d990e50af27d8d423ac80631b4f5ef6d4113",
    "txHash": "0xca53366c006469162541313f3e714ca7b91f65ea8c5e69205f7aff27aa1dc1d3",
    "txnFee": "0.000134622",
    "txnFeeUsd": "0.340238817402656",
    "type": "Withdraw",
    "valueIn": "0",
    "valueOut": "0.03",
    "wallet": "0xf98c96b5d10faafc2324847c82305bd5fd7e5ad3",
  },
  {
    "_id": "32174469_3745186990",
    "_rev": "1-cff760fcb5cb06c1a6b770e05de961e6",
    "blockNumber": "4675731",
    "contractAddress": "",
    "errorCode": "",
    "ethCurrentValue": "2527.36415595264",
    "ethHistoricalPrice": "466.93",
    "fee": "-0.00042",
    "feeAsset": "ethereum:0x0000000000000000000000000000000000000000:ETH",
    "feeN": -0.00042,
    "from": "0xf98c96b5d10faafc2324847c82305bd5fd7e5ad3",
    "importId": "32174469",
    "importIndex": 6,
    "incoming": "0",
    "incomingAsset": "ethereum:0x0000000000000000000000000000000000000000:ETH",
    "incomingN": 0,
    "method": "Transfer",
    "outgoing": "1",
    "outgoingAsset": "ethereum:0x0000000000000000000000000000000000000000:ETH",
    "outgoingN": 1,
    "platform": "ethereum",
    "status": "",
    "timestamp": 1512414810000,
    "to": "0xae8d7e566ba7bdecd932015475c22cef3ae07768",
    "txHash": "0x56c244f19bcbe2b09b17ce4360c0f53f009202bc791b6d10726346336335b99b",
    "txnFee": "0.00042",
    "txnFeeUsd": "1.06149294550011",
    "type": "Withdraw",
    "valueIn": "0",
    "valueOut": "1",
    "wallet": "0xf98c96b5d10faafc2324847c82305bd5fd7e5ad3",
  },
  {
    "_id": "32174469_1010805629",
    "_rev": "1-186d29b1f2c26c49012a1bbcf7dd8b83",
    "blockNumber": "4344914",
    "contractAddress": "",
    "errorCode": "",
    "ethCurrentValue": "1263.68207797632",
    "ethHistoricalPrice": "311.26",
    "fee": "-0.000441",
    "feeAsset": "ethereum:0x0000000000000000000000000000000000000000:ETH",
    "feeN": -0.000441,
    "from": "0xf98c96b5d10faafc2324847c82305bd5fd7e5ad3",
    "importId": "32174469",
    "importIndex": 5,
    "incoming": "0",
    "incomingAsset": "ethereum:0x0000000000000000000000000000000000000000:ETH",
    "incomingN": 0,
    "method": "Transfer",
    "outgoing": "0.5",
    "outgoingAsset": "ethereum:0x0000000000000000000000000000000000000000:ETH",
    "outgoingN": 0.5,
    "platform": "ethereum",
    "status": "",
    "timestamp": 1507383978000,
    "to": "0x003dc32fe920a4aaeed12dc87e145f030aa753f3",
    "txHash": "0xb41d6819932845278e7c451400f1778a952b35c6358dc51b49436438753f5113",
    "txnFee": "0.000441",
    "txnFeeUsd": "1.11456759277511",
    "type": "Withdraw",
    "valueIn": "0",
    "valueOut": "0.5",
    "wallet": "0xf98c96b5d10faafc2324847c82305bd5fd7e5ad3",
  },
  {
    "_id": "32174469_3666988626",
    "_rev": "1-27cfcbb5e8b7799a290211cc7a2ef6bd",
    "blockNumber": "4255521",
    "contractAddress": "",
    "errorCode": "",
    "ethCurrentValue": "7079.14700082334",
    "ethHistoricalPrice": "303.79",
    "fee": "-0.00042102",
    "feeAsset": "ethereum:0x0000000000000000000000000000000000000000:ETH",
    "feeN": -0.00042102,
    "from": "0xf98c96b5d10faafc2324847c82305bd5fd7e5ad3",
    "importId": "32174469",
    "importIndex": 4,
    "incoming": "0",
    "incomingAsset": "ethereum:0x0000000000000000000000000000000000000000:ETH",
    "incomingN": 0,
    "method": "Transfer",
    "outgoing": "2.801",
    "outgoingAsset": "ethereum:0x0000000000000000000000000000000000000000:ETH",
    "outgoingN": 2.801,
    "platform": "ethereum",
    "status": "",
    "timestamp": 1504967849000,
    "to": "0x1c6db129a338e9a39a559a856175605dada4bdcd",
    "txHash": "0x5681f720f737811e4822936f08b4a8644184bde3ea3efea74614bb44cb78c901",
    "txnFee": "0.00042102",
    "txnFeeUsd": "1.06407085693918",
    "type": "Withdraw",
    "valueIn": "0",
    "valueOut": "2.801",
    "wallet": "0xf98c96b5d10faafc2324847c82305bd5fd7e5ad3",
  },
  {
    "_id": "32174469_677045801",
    "_rev": "1-5e6b047469041faf88ec03a6f3986203",
    "blockNumber": "4255492",
    "contractAddress": "",
    "errorCode": "",
    "ethCurrentValue": "631.84103898816",
    "ethHistoricalPrice": "303.79",
    "fee": "-0.00042",
    "feeAsset": "ethereum:0x0000000000000000000000000000000000000000:ETH",
    "feeN": -0.00042,
    "from": "0xf98c96b5d10faafc2324847c82305bd5fd7e5ad3",
    "importId": "32174469",
    "importIndex": 3,
    "incoming": "0",
    "incomingAsset": "ethereum:0x0000000000000000000000000000000000000000:ETH",
    "incomingN": 0,
    "method": "Transfer",
    "outgoing": "0.25",
    "outgoingAsset": "ethereum:0x0000000000000000000000000000000000000000:ETH",
    "outgoingN": 0.25,
    "platform": "ethereum",
    "status": "",
    "timestamp": 1504966930000,
    "to": "0xa8baf26882084425b4c5ebcd7ddb959c914a74d0",
    "txHash": "0x76127867634dbb645d21ed2833156da65d2c183a726aca483cc09c7ccebebcb0",
    "txnFee": "0.00042",
    "txnFeeUsd": "1.06149294550011",
    "type": "Withdraw",
    "valueIn": "0",
    "valueOut": "0.25",
    "wallet": "0xf98c96b5d10faafc2324847c82305bd5fd7e5ad3",
  },
  {
    "_id": "32174469_1496232788",
    "_rev": "1-3178f55bfc88940aea36d8f4da5fb92f",
    "blockNumber": "4255366",
    "contractAddress": "",
    "errorCode": "",
    "ethCurrentValue": "252.736415595264",
    "ethHistoricalPrice": "303.79",
    "fee": "-0.00042102",
    "feeAsset": "ethereum:0x0000000000000000000000000000000000000000:ETH",
    "feeN": -0.00042102,
    "from": "0xf98c96b5d10faafc2324847c82305bd5fd7e5ad3",
    "importId": "32174469",
    "importIndex": 2,
    "incoming": "0",
    "incomingAsset": "ethereum:0x0000000000000000000000000000000000000000:ETH",
    "incomingN": 0,
    "method": "Transfer",
    "outgoing": "0.1",
    "outgoingAsset": "ethereum:0x0000000000000000000000000000000000000000:ETH",
    "outgoingN": 0.1,
    "platform": "ethereum",
    "status": "",
    "timestamp": 1504963955000,
    "to": "0x1c6db129a338e9a39a559a856175605dada4bdcd",
    "txHash": "0xfbc404ce56a5b591c989551f39a8b7a5009b022873645d78acee1f8305bd4e34",
    "txnFee": "0.00042102",
    "txnFeeUsd": "1.06407085693918",
    "type": "Withdraw",
    "valueIn": "0",
    "valueOut": "0.1",
    "wallet": "0xf98c96b5d10faafc2324847c82305bd5fd7e5ad3",
  },
  {
    "_id": "32174469_4131431469",
    "_rev": "1-d75da6f264318d653bcacbea1729bf51",
    "blockNumber": "4255208",
    "contractAddress": "",
    "errorCode": "",
    "ethCurrentValue": "12792.6150884286",
    "ethHistoricalPrice": "303.79",
    "feeAsset": "ethereum:0x0000000000000000000000000000000000000000:ETH",
    "from": "0x75e7f640bf6968b6f32c47a3cd82c3c2c9dcae68",
    "importId": "32174469",
    "importIndex": 1,
    "incoming": "5.061643",
    "incomingAsset": "ethereum:0x0000000000000000000000000000000000000000:ETH",
    "incomingN": 5.061643,
    "method": "Transfer",
    "outgoing": "0",
    "outgoingAsset": "ethereum:0x0000000000000000000000000000000000000000:ETH",
    "outgoingN": 0,
    "platform": "ethereum",
    "status": "",
    "timestamp": 1504959717000,
    "to": "0xf98c96b5d10faafc2324847c82305bd5fd7e5ad3",
    "txHash": "0x0a11ffa605919dd2cc1524a0fc3de9b32a78678ccdae8aa91439c6353440503e",
    "txnFee": "0.0004851",
    "txnFeeUsd": "1.22602435205263",
    "type": "Deposit",
    "valueIn": "5.061643",
    "valueOut": "0",
    "wallet": "0xf98c96b5d10faafc2324847c82305bd5fd7e5ad3",
  },
  {
    "_id": "32174469_1605478640",
    "_rev": "1-d72939229a0bc0c53d806baf3ac6d19a",
    "blockNumber": "4255150",
    "contractAddress": "",
    "errorCode": "",
    "ethCurrentValue": "227.462774035738",
    "ethHistoricalPrice": "303.79",
    "feeAsset": "ethereum:0x0000000000000000000000000000000000000000:ETH",
    "from": "0x75e7f640bf6968b6f32c47a3cd82c3c2c9dcae68",
    "importId": "32174469",
    "importIndex": 0,
    "incoming": "0.09",
    "incomingAsset": "ethereum:0x0000000000000000000000000000000000000000:ETH",
    "incomingN": 0.09,
    "method": "Transfer",
    "outgoing": "0",
    "outgoingAsset": "ethereum:0x0000000000000000000000000000000000000000:ETH",
    "outgoingN": 0,
    "platform": "ethereum",
    "status": "",
    "timestamp": 1504958289000,
    "to": "0xf98c96b5d10faafc2324847c82305bd5fd7e5ad3",
    "txHash": "0xbed75f8508fff302e3d6bd6ecb006f33c27d4d17013d9d93f129cb14896df07c",
    "txnFee": "0.0011781",
    "txnFeeUsd": "2.97748771212781",
    "type": "Deposit",
    "valueIn": "0.09",
    "valueOut": "0",
    "wallet": "0xf98c96b5d10faafc2324847c82305bd5fd7e5ad3",
  },
]