[
  {
    "_id": "1155767893_4262377156",
    "_rev": "1-fca2c05ce0b08814a1ecec57a61cb888",
    "assetId": "ethereum:0x6b01c3170ae1efebee1a3159172cb3f7a5ecf9e5:BOOTY",
    "blockNumber": "7109550",
    "change": "0.890091952829902783",
    "changeN": 0.8900919528299028,
    "contractAddress": "0x6b01c3170ae1efebee1a3159172cb3f7a5ecf9e5",
    "from": "0x1ecb60873e495ddfa2a13a8f4140e490dd574e6f",
    "importId": "1155767893",
    "importIndex": 18,
    "integration": "ethereum",
    "operation": "Deposit",
    "timestamp": 1548173010000,
    "to": "0x003dc32fe920a4aaeed12dc87e145f030aa753f3",
    "tokenName": "BOOTY",
    "tokenSymbol": "BOOTY",
    "tokenValue": "0.890091952829902783",
    "tokenValueHistorical": "N/A",
    "txHash": "0xb43c224da5c54ea25cd6c5fbddaff83aa4ff5aee2f80d62d509abecccd1d4763",
    "wallet": "0x003dc32fe920a4aaeed12dc87e145f030aa753f3",
  },
  {
    "_id": "1155767893_743547639",
    "_rev": "1-df9c224cbf970a157c84aa74a59f5ba1",
    "assetId": "ethereum:0x89d24a6b4ccb1b6faa2625fe562bdd9a23260359:SAI",
    "blockNumber": "7109221",
    "change": "-1927.5",
    "changeN": -1927.5,
    "contractAddress": "0x89d24a6b4ccb1b6faa2625fe562bdd9a23260359",
    "from": "0x003dc32fe920a4aaeed12dc87e145f030aa753f3",
    "importId": "1155767893",
    "importIndex": 17,
    "integration": "ethereum",
    "operation": "Withdraw",
    "timestamp": 1548167188000,
    "to": "0xcf1d162accbe5eb0445a086c1c9fd5d2a98fc2e3",
    "tokenName": "Sai Stablecoin v1.0",
    "tokenSymbol": "SAI",
    "tokenValue": "1927.5",
    "tokenValueHistorical": "$1,921.91",
    "txHash": "0x802e3fa49c178ee1d626dcb17f7f6c9b14f8388f80f95bd52df6452304407d6c",
    "wallet": "0x003dc32fe920a4aaeed12dc87e145f030aa753f3",
  },
  {
    "_id": "1155767893_1686973038",
    "_rev": "1-827f9ac912a044d5dc7824c3a7ab536d",
    "assetId": "ethereum:0x89d24a6b4ccb1b6faa2625fe562bdd9a23260359:SAI",
    "blockNumber": "7038165",
    "change": "1035",
    "changeN": 1035,
    "contractAddress": "0x89d24a6b4ccb1b6faa2625fe562bdd9a23260359",
    "from": "0x30f938fed5de6e06a9a7cd2ac3517131c317b1e7",
    "importId": "1155767893",
    "importIndex": 16,
    "integration": "ethereum",
    "operation": "Deposit",
    "timestamp": 1547057525000,
    "to": "0x003dc32fe920a4aaeed12dc87e145f030aa753f3",
    "tokenName": "Sai Stablecoin v1.0",
    "tokenSymbol": "SAI",
    "tokenValue": "1035",
    "tokenValueHistorical": "$1,021.98",
    "txHash": "0xc7ae0341a01440a6c81937f4d035afe6e4ecc31144a47862b90fff93eb18a072",
    "wallet": "0x003dc32fe920a4aaeed12dc87e145f030aa753f3",
  },
  {
    "_id": "1155767893_2644129077",
    "_rev": "1-f624c6c12d28cb9c3313da713e3e77bb",
    "assetId": "ethereum:0x89d24a6b4ccb1b6faa2625fe562bdd9a23260359:SAI",
    "blockNumber": "7026351",
    "change": "892.5",
    "changeN": 892.5,
    "contractAddress": "0x89d24a6b4ccb1b6faa2625fe562bdd9a23260359",
    "from": "0x30f938fed5de6e06a9a7cd2ac3517131c317b1e7",
    "importId": "1155767893",
    "importIndex": 15,
    "integration": "ethereum",
    "operation": "Deposit",
    "timestamp": 1546874315000,
    "to": "0x003dc32fe920a4aaeed12dc87e145f030aa753f3",
    "tokenName": "Sai Stablecoin v1.0",
    "tokenSymbol": "SAI",
    "tokenValue": "892.5",
    "tokenValueHistorical": "$887.76",
    "txHash": "0xfc7f43c2abd1ebbb104f6c42e5a51518f2a6c152fcc7030e2646d00f1350f830",
    "wallet": "0x003dc32fe920a4aaeed12dc87e145f030aa753f3",
  },
  {
    "_id": "1155767893_4040483659",
    "_rev": "1-7c224faef9ede7a9d80f65d9533ffca9",
    "assetId": "ethereum:0x89d24a6b4ccb1b6faa2625fe562bdd9a23260359:SAI",
    "blockNumber": "6908045",
    "change": "-10.870608209370040482",
    "changeN": -10.87060820937004,
    "contractAddress": "0x89d24a6b4ccb1b6faa2625fe562bdd9a23260359",
    "from": "0x003dc32fe920a4aaeed12dc87e145f030aa753f3",
    "importId": "1155767893",
    "importIndex": 14,
    "integration": "ethereum",
    "operation": "Withdraw",
    "timestamp": 1545121677000,
    "to": "0x3fda67f7583380e67ef93072294a7fac882fd7e7",
    "tokenName": "Sai Stablecoin v1.0",
    "tokenSymbol": "SAI",
    "tokenValue": "10.870608209370040482",
    "tokenValueHistorical": "$10.89",
    "txHash": "0xcd58918a00d49424e85b78f5ff17247630db081404d4df8f558868b3fee1577b",
    "wallet": "0x003dc32fe920a4aaeed12dc87e145f030aa753f3",
  },
  {
    "_id": "1155767893_1572880585",
    "_rev": "1-ed2cc302cb7e1f69d8dec493948d8a36",
    "assetId": "ethereum:0x89d24a6b4ccb1b6faa2625fe562bdd9a23260359:SAI",
    "blockNumber": "6660407",
    "change": "10.870608209370040482",
    "changeN": 10.87060820937004,
    "contractAddress": "0x89d24a6b4ccb1b6faa2625fe562bdd9a23260359",
    "from": "0x09cabec1ead1c0ba254b09efb3ee13841712be14",
    "importId": "1155767893",
    "importIndex": 13,
    "integration": "ethereum",
    "operation": "Deposit",
    "timestamp": 1541597711000,
    "to": "0x003dc32fe920a4aaeed12dc87e145f030aa753f3",
    "tokenName": "Sai Stablecoin v1.0",
    "tokenSymbol": "SAI",
    "tokenValue": "10.870608209370040482",
    "tokenValueHistorical": "$10.89",
    "txHash": "0x7daa11b17dcbc96a61d074bbb3397a9542c939fc230c686a838536a410c183fe",
    "wallet": "0x003dc32fe920a4aaeed12dc87e145f030aa753f3",
  },
  {
    "_id": "1155767893_3038581549",
    "_rev": "1-168b81b9e3376ce4f2649112411858b5",
    "assetId": "ethereum:0x6b01c3170ae1efebee1a3159172cb3f7a5ecf9e5:BOOTY",
    "blockNumber": "6463051",
    "change": "0.214561071122758369",
    "changeN": 0.21456107112275838,
    "contractAddress": "0x6b01c3170ae1efebee1a3159172cb3f7a5ecf9e5",
    "from": "0x9cc7d6fce44eff82fe561c9587c65346ae6130a1",
    "importId": "1155767893",
    "importIndex": 12,
    "integration": "ethereum",
    "operation": "Deposit",
    "timestamp": 1538814198000,
    "to": "0x003dc32fe920a4aaeed12dc87e145f030aa753f3",
    "tokenName": "BOOTY",
    "tokenSymbol": "BOOTY",
    "tokenValue": "0.214561071122758369",
    "tokenValueHistorical": "N/A",
    "txHash": "0xfc4e703d15ea2602c9886fa0878cc68d4dd54d618a3b8daa944e2a458c46c3f9",
    "wallet": "0x003dc32fe920a4aaeed12dc87e145f030aa753f3",
  },
  {
    "_id": "1155767893_3260635450",
    "_rev": "1-740cfd36d61e3a40e9df988ef3d7c189",
    "assetId": "ethereum:0x42d6622dece394b54999fbd73d108123806f6a18:SPANK",
    "blockNumber": "6337083",
    "change": "-2500",
    "changeN": -2500,
    "contractAddress": "0x42d6622dece394b54999fbd73d108123806f6a18",
    "from": "0x003dc32fe920a4aaeed12dc87e145f030aa753f3",
    "importId": "1155767893",
    "importIndex": 11,
    "integration": "ethereum",
    "operation": "Withdraw",
    "timestamp": 1537026778000,
    "to": "0x1ecb60873e495ddfa2a13a8f4140e490dd574e6f",
    "tokenName": "SPANK",
    "tokenSymbol": "SPANK",
    "tokenValue": "2500",
    "tokenValueHistorical": "$106.60",
    "txHash": "0xe67d7ec3a988d192e6b4b2baed860ec58c9fa60787f26a69a6b688f5da0b1b91",
    "wallet": "0x003dc32fe920a4aaeed12dc87e145f030aa753f3",
  },
  {
    "_id": "1155767893_3051341866",
    "_rev": "1-06543c0ba51a85957fba9a6a4d4adbef",
    "assetId": "ethereum:0xe4e5e5e15dd6bcebe489e5fabb4e8bf8e01684de:INT",
    "blockNumber": "5858558",
    "change": "1156",
    "changeN": 1156,
    "contractAddress": "0xe4e5e5e15dd6bcebe489e5fabb4e8bf8e01684de",
    "from": "0x6d2a57b05a9243000dfb4fd89a490a8999eaa0c5",
    "importId": "1155767893",
    "importIndex": 10,
    "integration": "ethereum",
    "operation": "Deposit",
    "timestamp": 1530032844000,
    "to": "0x003dc32fe920a4aaeed12dc87e145f030aa753f3",
    "tokenName": "Intelion",
    "tokenSymbol": "INT",
    "tokenValue": "1156",
    "tokenValueHistorical": "N/A",
    "txHash": "0xfad850b4508c51dbb107b79c397d70938ac81269a0c0cc112eb77b71dd90c573",
    "wallet": "0x003dc32fe920a4aaeed12dc87e145f030aa753f3",
  },
  {
    "_id": "1155767893_270888578",
    "_rev": "1-77b4882692f212d7a6362d2ae373f3a9",
    "assetId": "ethereum:0x0abdace70d3790235af448c88547603b945604ea:DNT",
    "blockNumber": "4901005",
    "change": "971",
    "changeN": 971,
    "contractAddress": "0x0abdace70d3790235af448c88547603b945604ea",
    "from": "0xfbb1b73c4f0bda4f67dca266ce6ef42f520fbb98",
    "importId": "1155767893",
    "importIndex": 9,
    "integration": "ethereum",
    "operation": "Deposit",
    "timestamp": 1515838659000,
    "to": "0x003dc32fe920a4aaeed12dc87e145f030aa753f3",
    "tokenName": "district0x",
    "tokenSymbol": "DNT",
    "tokenValue": "971",
    "tokenValueHistorical": "$269.21",
    "txHash": "0x1bc1565f8fd5ec1cd0325155bddc936a1a7945aa82a66c4504ec64609c1a6fdb",
    "wallet": "0x003dc32fe920a4aaeed12dc87e145f030aa753f3",
  },
  {
    "_id": "1155767893_248759776",
    "_rev": "1-bfabd609c0b9fbddf099ff36dbb6c654",
    "assetId": "ethereum:0xb9e7f8568e08d5659f5d29c4997173d84cdf2607:SWT",
    "blockNumber": "4901001",
    "change": "98.2",
    "changeN": 98.2,
    "contractAddress": "0xb9e7f8568e08d5659f5d29c4997173d84cdf2607",
    "from": "0xfbb1b73c4f0bda4f67dca266ce6ef42f520fbb98",
    "importId": "1155767893",
    "importIndex": 8,
    "integration": "ethereum",
    "operation": "Deposit",
    "timestamp": 1515838614000,
    "to": "0x003dc32fe920a4aaeed12dc87e145f030aa753f3",
    "tokenName": "SwarmCity",
    "tokenSymbol": "SWT",
    "tokenValue": "98.2",
    "tokenValueHistorical": "$520.46",
    "txHash": "0x4570a500b6623987d88f196c28440e00c7e0325def08a88acdca20401b6f4bc5",
    "wallet": "0x003dc32fe920a4aaeed12dc87e145f030aa753f3",
  },
  {
    "_id": "1155767893_2682685528",
    "_rev": "1-65f0e6b1d99a64d5dfea21da866383f3",
    "assetId": "ethereum:0x42d6622dece394b54999fbd73d108123806f6a18:SPANK",
    "blockNumber": "4900998",
    "change": "1400",
    "changeN": 1400,
    "contractAddress": "0x42d6622dece394b54999fbd73d108123806f6a18",
    "from": "0x8d12a197cb00d4747a1fe03395095ce2a5cc6819",
    "importId": "1155767893",
    "importIndex": 7,
    "integration": "ethereum",
    "operation": "Deposit",
    "timestamp": 1515838536000,
    "to": "0x003dc32fe920a4aaeed12dc87e145f030aa753f3",
    "tokenName": "SPANK",
    "tokenSymbol": "SPANK",
    "tokenValue": "1400",
    "tokenValueHistorical": "$902.65",
    "txHash": "0x1a090eee53ba9119670b0465854fa390631e90ad71337954ac539da5870e82f5",
    "wallet": "0x003dc32fe920a4aaeed12dc87e145f030aa753f3",
  },
  {
    "_id": "1155767893_142043306",
    "_rev": "1-b2b52d3069812175f3025c99b8a8b63c",
    "assetId": "ethereum:0xa74476443119a942de498590fe1f2454d7d4ac0d:GNT",
    "blockNumber": "4900897",
    "change": "441",
    "changeN": 441,
    "contractAddress": "0xa74476443119a942de498590fe1f2454d7d4ac0d",
    "from": "0xfbb1b73c4f0bda4f67dca266ce6ef42f520fbb98",
    "importId": "1155767893",
    "importIndex": 6,
    "integration": "ethereum",
    "operation": "Deposit",
    "timestamp": 1515836927000,
    "to": "0x003dc32fe920a4aaeed12dc87e145f030aa753f3",
    "tokenName": "Golem",
    "tokenSymbol": "GNT",
    "tokenValue": "441",
    "tokenValueHistorical": "$426.18",
    "txHash": "0x9dc2d9220e8bbdc638a2840d1996b6f3f8f48d0e1597e0644150479b0e920802",
    "wallet": "0x003dc32fe920a4aaeed12dc87e145f030aa753f3",
  },
  {
    "_id": "1155767893_305981913",
    "_rev": "1-e125de4d71a1e7eab471a43edaad6523",
    "assetId": "ethereum:0x960b236a07cf122663c4303350609a66a7b288c0:ANT",
    "blockNumber": "4900892",
    "change": "114.01553139",
    "changeN": 114.01553139,
    "contractAddress": "0x960b236a07cf122663c4303350609a66a7b288c0",
    "from": "0xfbb1b73c4f0bda4f67dca266ce6ef42f520fbb98",
    "importId": "1155767893",
    "importIndex": 5,
    "integration": "ethereum",
    "operation": "Deposit",
    "timestamp": 1515836869000,
    "to": "0x003dc32fe920a4aaeed12dc87e145f030aa753f3",
    "tokenName": "Aragon",
    "tokenSymbol": "ANT",
    "tokenValue": "114.01553139",
    "tokenValueHistorical": "$700.06",
    "txHash": "0x7032ccd39eae090e8a66f41e59b5effaa4db4b83cf3b7436aaab3e8ec73e56c3",
    "wallet": "0x003dc32fe920a4aaeed12dc87e145f030aa753f3",
  },
  {
    "_id": "1155767893_1477061178",
    "_rev": "1-95bc70b1d8fa2128928a0c83a57372fb",
    "assetId": "ethereum:0x42d6622dece394b54999fbd73d108123806f6a18:SPANK",
    "blockNumber": "4871692",
    "change": "1100",
    "changeN": 1100,
    "contractAddress": "0x42d6622dece394b54999fbd73d108123806f6a18",
    "from": "0x8d12a197cb00d4747a1fe03395095ce2a5cc6819",
    "importId": "1155767893",
    "importIndex": 4,
    "integration": "ethereum",
    "operation": "Deposit",
    "timestamp": 1515370321000,
    "to": "0x003dc32fe920a4aaeed12dc87e145f030aa753f3",
    "tokenName": "SPANK",
    "tokenSymbol": "SPANK",
    "tokenValue": "1100",
    "tokenValueHistorical": "$496.52",
    "txHash": "0x3a25ebdcd2c7e09968d1b65ca6d27baf7368209d2b075072223de7b576822209",
    "wallet": "0x003dc32fe920a4aaeed12dc87e145f030aa753f3",
  },
  {
    "_id": "1155767893_1232071248",
    "_rev": "1-8edb3ff2f6ea1b26bf090d6dba48bac4",
    "assetId": "ethereum:0x0f5d2fb29fb7d3cfee444a200298f468908cc942:MANA",
    "blockNumber": "4869066",
    "change": "3067.671",
    "changeN": 3067.671,
    "contractAddress": "0x0f5d2fb29fb7d3cfee444a200298f468908cc942",
    "from": "0x3f5ce5fbfe3e9af3971dd833d26ba9b5c936f0be",
    "importId": "1155767893",
    "importIndex": 3,
    "integration": "ethereum",
    "operation": "Deposit",
    "timestamp": 1515330124000,
    "to": "0x003dc32fe920a4aaeed12dc87e145f030aa753f3",
    "tokenName": "Decentraland",
    "tokenSymbol": "MANA",
    "tokenValue": "3067.671",
    "tokenValueHistorical": "$709.50",
    "txHash": "0x35b1d2ef648a40dfa7492dfd188c30257565a205b6559c18955e9598c23c70d8",
    "wallet": "0x003dc32fe920a4aaeed12dc87e145f030aa753f3",
  },
  {
    "_id": "1155767893_391413471",
    "_rev": "1-16f9b6a8e0730a71a349b50d7fb737df",
    "assetId": "ethereum:0x0abdace70d3790235af448c88547603b945604ea:DNT",
    "blockNumber": "4869066",
    "change": "939",
    "changeN": 939,
    "contractAddress": "0x0abdace70d3790235af448c88547603b945604ea",
    "from": "0x3f5ce5fbfe3e9af3971dd833d26ba9b5c936f0be",
    "importId": "1155767893",
    "importIndex": 2,
    "integration": "ethereum",
    "operation": "Deposit",
    "timestamp": 1515330124000,
    "to": "0x003dc32fe920a4aaeed12dc87e145f030aa753f3",
    "tokenName": "district0x",
    "tokenSymbol": "DNT",
    "tokenValue": "939",
    "tokenValueHistorical": "$330.58",
    "txHash": "0xb84caf5c65b8975ec91b7955fee22a9385196b046c9597e4053dd3c78ffdbf7d",
    "wallet": "0x003dc32fe920a4aaeed12dc87e145f030aa753f3",
  },
  {
    "_id": "1155767893_1919569179",
    "_rev": "1-280a51448704f9dc2c2038468013ee68",
    "assetId": "ethereum:0x52903256dd18d85c2dc4a6c999907c9793ea61e3:INSP",
    "blockNumber": "4633667",
    "change": "777",
    "changeN": 777,
    "contractAddress": "0x52903256dd18d85c2dc4a6c999907c9793ea61e3",
    "from": "0x0000000000000000000000000000000000000000",
    "importId": "1155767893",
    "importIndex": 1,
    "integration": "ethereum",
    "operation": "Deposit",
    "timestamp": 1511814690000,
    "to": "0x003dc32fe920a4aaeed12dc87e145f030aa753f3",
    "tokenName": "INS Promo",
    "tokenSymbol": "INSP",
    "tokenValue": "777",
    "tokenValueHistorical": "N/A",
    "txHash": "0x3ed0901b17c4f6107c2ff43859ce50a66d0ca7ff78dd010a7df764ddef21d3c9",
    "wallet": "0x003dc32fe920a4aaeed12dc87e145f030aa753f3",
  },
  {
    "_id": "1155767893_1149111361",
    "_rev": "1-6847dcf45ea9cf36d9b09e897a9f49c7",
    "assetId": "ethereum:0x519475b31653e46d20cd09f9fdcf3b12bdacb4f5:VIU",
    "blockNumber": "4597036",
    "change": "9.04131276",
    "changeN": 9.04131276,
    "contractAddress": "0x519475b31653e46d20cd09f9fdcf3b12bdacb4f5",
    "from": "0xae2b80f7f4d285caa658a285233550d19c8e7847",
    "importId": "1155767893",
    "importIndex": 0,
    "integration": "ethereum",
    "operation": "Deposit",
    "timestamp": 1511302899000,
    "to": "0x003dc32fe920a4aaeed12dc87e145f030aa753f3",
    "tokenName": "VIU",
    "tokenSymbol": "VIU",
    "tokenValue": "9.04131276",
    "tokenValueHistorical": "$0.03",
    "txHash": "0x159bee633df089f99c55d7ebd0608655c613e3459b823db030a32abbc2b24b50",
    "wallet": "0x003dc32fe920a4aaeed12dc87e145f030aa753f3",
  },
]