[
  {
    "_id": "186018469_2103981134_1",
    "_rev": "1-bb111e67be57efa07056823fef37b3c8",
    "assetId": "ethereum:0x0000000000000000000000000000000000000000:ETH",
    "change": "-0.0003485875",
    "changeN": -0.0003485875,
    "importId": "186018469",
    "importIndex": 33.1,
    "integration": "ethereum",
    "operation": "Fee",
    "timestamp": 1545121677000,
    "txId": "186018469_2103981134",
    "wallet": "Spot",
  },
  {
    "_id": "186018469_3075615777_1",
    "_rev": "1-e8d2ab18f8c53471657faf65deb89d4e",
    "assetId": "ethereum:0x0000000000000000000000000000000000000000:ETH",
    "change": "-0.000142755",
    "changeN": -0.000142755,
    "importId": "186018469",
    "importIndex": 32.1,
    "integration": "ethereum",
    "operation": "Fee",
    "timestamp": 1545121561000,
    "txId": "186018469_3075615777",
    "wallet": "Spot",
  },
  {
    "_id": "186018469_2109967865_0",
    "_rev": "1-06b9c2ac7efb4b334857e3f0dc734dfb",
    "assetId": "ethereum:0x0000000000000000000000000000000000000000:ETH",
    "change": "-18.126203693214002496",
    "changeN": -18.126203693214002,
    "importId": "186018469",
    "importIndex": 31,
    "integration": "ethereum",
    "operation": "Withdraw",
    "timestamp": 1545044986000,
    "txId": "186018469_2109967865",
    "wallet": "Spot",
  },
  {
    "_id": "186018469_2109967865_1",
    "_rev": "1-d8b6a5a0d4367dac4f9fdfa9289e5b6a",
    "assetId": "ethereum:0x0000000000000000000000000000000000000000:ETH",
    "change": "-0.000063153",
    "changeN": -0.000063153,
    "importId": "186018469",
    "importIndex": 31.1,
    "integration": "ethereum",
    "operation": "Fee",
    "timestamp": 1545044986000,
    "txId": "186018469_2109967865",
    "wallet": "Spot",
  },
  {
    "_id": "186018469_2636462003_0",
    "_rev": "1-473bed48fcf13d4b42ae3628d46e7d34",
    "assetId": "ethereum:0x0000000000000000000000000000000000000000:ETH",
    "change": "-34.495975469528555004",
    "changeN": -34.49597546952855,
    "importId": "186018469",
    "importIndex": 30,
    "integration": "ethereum",
    "operation": "Withdraw",
    "timestamp": 1544084266000,
    "txId": "186018469_2636462003",
    "wallet": "Spot",
  },
  {
    "_id": "186018469_2636462003_1",
    "_rev": "1-583f5af74e7c9cb4f59ea5082c003b7f",
    "assetId": "ethereum:0x0000000000000000000000000000000000000000:ETH",
    "change": "-0.0000884142",
    "changeN": -0.0000884142,
    "importId": "186018469",
    "importIndex": 30.1,
    "integration": "ethereum",
    "operation": "Fee",
    "timestamp": 1544084266000,
    "txId": "186018469_2636462003",
    "wallet": "Spot",
  },
  {
    "_id": "186018469_1929436685_1",
    "_rev": "1-4d2e6a9c74e787125fff0b6f825763bc",
    "assetId": "ethereum:0x0000000000000000000000000000000000000000:ETH",
    "change": "-0.00060529",
    "changeN": -0.00060529,
    "importId": "186018469",
    "importIndex": 29.1,
    "integration": "ethereum",
    "operation": "Fee",
    "timestamp": 1542717203000,
    "txId": "186018469_1929436685",
    "wallet": "Spot",
  },
  {
    "_id": "186018469_36060270_1",
    "_rev": "1-5cd679ee792e57f725c1f58bb3c7853c",
    "assetId": "ethereum:0x0000000000000000000000000000000000000000:ETH",
    "change": "-0.0005591925",
    "changeN": -0.0005591925,
    "importId": "186018469",
    "importIndex": 28.1,
    "integration": "ethereum",
    "operation": "Fee",
    "timestamp": 1542282755000,
    "txId": "186018469_36060270",
    "wallet": "Spot",
  },
  {
    "_id": "186018469_1025791203_0",
    "_rev": "1-a0151035d7ed22f9de0556a516483845",
    "assetId": "ethereum:0x0000000000000000000000000000000000000000:ETH",
    "change": "-0.05",
    "changeN": -0.05,
    "importId": "186018469",
    "importIndex": 27,
    "integration": "ethereum",
    "operation": "Withdraw",
    "timestamp": 1541597711000,
    "txId": "186018469_1025791203",
    "wallet": "Spot",
  },
  {
    "_id": "186018469_1025791203_1",
    "_rev": "1-d0a52fffc2ebac9ff1d900f86696eef5",
    "assetId": "ethereum:0x0000000000000000000000000000000000000000:ETH",
    "change": "-0.0003835134",
    "changeN": -0.0003835134,
    "importId": "186018469",
    "importIndex": 27.1,
    "integration": "ethereum",
    "operation": "Fee",
    "timestamp": 1541597711000,
    "txId": "186018469_1025791203",
    "wallet": "Spot",
  },
  {
    "_id": "186018469_1330489777_0",
    "_rev": "1-81ff44181091b63f65460dab6b680c82",
    "assetId": "ethereum:0x0000000000000000000000000000000000000000:ETH",
    "change": "-4.6",
    "changeN": -4.6,
    "importId": "186018469",
    "importIndex": 26,
    "integration": "ethereum",
    "operation": "Withdraw",
    "timestamp": 1540831024000,
    "txId": "186018469_1330489777",
    "wallet": "Spot",
  },
  {
    "_id": "186018469_1330489777_1",
    "_rev": "1-a2d7d4b547ab2b2393ffb29d2406173d",
    "assetId": "ethereum:0x0000000000000000000000000000000000000000:ETH",
    "change": "-0.000126306",
    "changeN": -0.000126306,
    "importId": "186018469",
    "importIndex": 26.1,
    "integration": "ethereum",
    "operation": "Fee",
    "timestamp": 1540831024000,
    "txId": "186018469_1330489777",
    "wallet": "Spot",
  },
  {
    "_id": "186018469_4247054745_1",
    "_rev": "1-dea4e2592ff647f7f7fd0942a3b08471",
    "assetId": "ethereum:0x0000000000000000000000000000000000000000:ETH",
    "change": "-0.000147",
    "changeN": -0.000147,
    "importId": "186018469",
    "importIndex": 25.1,
    "integration": "ethereum",
    "operation": "Fee",
    "timestamp": 1540830463000,
    "txId": "186018469_4247054745",
    "wallet": "Spot",
  },
  {
    "_id": "186018469_2699168410_1",
    "_rev": "1-4265fc9442b115018366fe15d2e27082",
    "assetId": "ethereum:0x0000000000000000000000000000000000000000:ETH",
    "change": "-0.0005348338021383",
    "changeN": -0.0005348338021383,
    "importId": "186018469",
    "importIndex": 24.1,
    "integration": "ethereum",
    "operation": "Fee",
    "timestamp": 1540449269000,
    "txId": "186018469_2699168410",
    "wallet": "Spot",
  },
  {
    "_id": "186018469_916001208_0",
    "_rev": "1-bed7d9ab2a4465fb1d99bd1defbc51a1",
    "assetId": "ethereum:0x0000000000000000000000000000000000000000:ETH",
    "change": "-0.5",
    "changeN": -0.5,
    "importId": "186018469",
    "importIndex": 23,
    "integration": "ethereum",
    "operation": "Withdraw",
    "timestamp": 1538119907000,
    "txId": "186018469_916001208",
    "wallet": "Spot",
  },
  {
    "_id": "186018469_916001208_1",
    "_rev": "1-b5ac341335a168edcced639e656a4a02",
    "assetId": "ethereum:0x0000000000000000000000000000000000000000:ETH",
    "change": "-0.00021",
    "changeN": -0.00021,
    "importId": "186018469",
    "importIndex": 23.1,
    "integration": "ethereum",
    "operation": "Fee",
    "timestamp": 1538119907000,
    "txId": "186018469_916001208",
    "wallet": "Spot",
  },
  {
    "_id": "186018469_2848434561_0",
    "_rev": "1-b544b0065276999e79bcb2d0556661a9",
    "assetId": "ethereum:0x0000000000000000000000000000000000000000:ETH",
    "change": "-1",
    "changeN": -1,
    "importId": "186018469",
    "importIndex": 22,
    "integration": "ethereum",
    "operation": "Withdraw",
    "timestamp": 1538114631000,
    "txId": "186018469_2848434561",
    "wallet": "Spot",
  },
  {
    "_id": "186018469_2848434561_1",
    "_rev": "1-4054cd7365ec8fb7cca580856c481dcd",
    "assetId": "ethereum:0x0000000000000000000000000000000000000000:ETH",
    "change": "-0.000189459",
    "changeN": -0.000189459,
    "importId": "186018469",
    "importIndex": 22.1,
    "integration": "ethereum",
    "operation": "Fee",
    "timestamp": 1538114631000,
    "txId": "186018469_2848434561",
    "wallet": "Spot",
  },
  {
    "_id": "186018469_1113388516_1",
    "_rev": "1-8efdcdc2910bec09e52d763a71288c88",
    "assetId": "ethereum:0x0000000000000000000000000000000000000000:ETH",
    "change": "-0.00081832",
    "changeN": -0.00081832,
    "importId": "186018469",
    "importIndex": 21.1,
    "integration": "ethereum",
    "operation": "Fee",
    "timestamp": 1537026778000,
    "txId": "186018469_1113388516",
    "wallet": "Spot",
  },
  {
    "_id": "186018469_1971820416_1",
    "_rev": "1-6adfecfb4b6209d401e4d4e00807b475",
    "assetId": "ethereum:0x0000000000000000000000000000000000000000:ETH",
    "change": "-0.00016274",
    "changeN": -0.00016274,
    "importId": "186018469",
    "importIndex": 20.1,
    "integration": "ethereum",
    "operation": "Fee",
    "timestamp": 1515838536000,
    "txId": "186018469_1971820416",
    "wallet": "Spot",
  },
  {
    "_id": "186018469_2227702360_1",
    "_rev": "1-67f0b32594f6d974473cc97999c853c3",
    "assetId": "ethereum:0x0000000000000000000000000000000000000000:ETH",
    "change": "-0.00046557",
    "changeN": -0.00046557,
    "importId": "186018469",
    "importIndex": 19.1,
    "integration": "ethereum",
    "operation": "Fee",
    "timestamp": 1515836949000,
    "txId": "186018469_2227702360",
    "wallet": "Spot",
  },
  {
    "_id": "186018469_1060035198_0",
    "_rev": "1-65b3fc9a79e426f50759b702d4f9faae",
    "assetId": "ethereum:0x0000000000000000000000000000000000000000:ETH",
    "change": "-0.6",
    "changeN": -0.6,
    "importId": "186018469",
    "importIndex": 18,
    "integration": "ethereum",
    "operation": "Withdraw",
    "timestamp": 1515752591000,
    "txId": "186018469_1060035198",
    "wallet": "Spot",
  },
  {
    "_id": "186018469_1060035198_1",
    "_rev": "1-3add085fc4ba9c2092f5e97ed697b7b2",
    "assetId": "ethereum:0x0000000000000000000000000000000000000000:ETH",
    "change": "-0.00029493",
    "changeN": -0.00029493,
    "importId": "186018469",
    "importIndex": 18.1,
    "integration": "ethereum",
    "operation": "Fee",
    "timestamp": 1515752591000,
    "txId": "186018469_1060035198",
    "wallet": "Spot",
  },
  {
    "_id": "186018469_3986594161_1",
    "_rev": "1-19a69670e404b1fa6acd354f4e027514",
    "assetId": "ethereum:0x0000000000000000000000000000000000000000:ETH",
    "change": "-0.00047548",
    "changeN": -0.00047548,
    "importId": "186018469",
    "importIndex": 17.1,
    "integration": "ethereum",
    "operation": "Fee",
    "timestamp": 1515370321000,
    "txId": "186018469_3986594161",
    "wallet": "Spot",
  },
  {
    "_id": "186018469_1536122789_1",
    "_rev": "1-7eafc488b230b4d83c70f1cd6a5d5e11",
    "assetId": "ethereum:0x0000000000000000000000000000000000000000:ETH",
    "change": "-0.00216356",
    "changeN": -0.00216356,
    "importId": "186018469",
    "importIndex": 16.1,
    "integration": "ethereum",
    "operation": "Fee",
    "timestamp": 1515330567000,
    "txId": "186018469_1536122789",
    "wallet": "Spot",
  },
  {
    "_id": "186018469_2107939569_0",
    "_rev": "1-18f46134defa7cb16b72b72b112f1623",
    "assetId": "ethereum:0x0000000000000000000000000000000000000000:ETH",
    "change": "0.59421229",
    "changeN": 0.59421229,
    "importId": "186018469",
    "importIndex": 15,
    "integration": "ethereum",
    "operation": "Deposit",
    "timestamp": 1515330492000,
    "txId": "186018469_2107939569",
    "wallet": "Spot",
  },
  {
    "_id": "186018469_3112682414_0",
    "_rev": "1-74feff8bfdb8cc7a5907c5aaecc25bfe",
    "assetId": "ethereum:0x0000000000000000000000000000000000000000:ETH",
    "change": "-0.4",
    "changeN": -0.4,
    "importId": "186018469",
    "importIndex": 14,
    "integration": "ethereum",
    "operation": "Withdraw",
    "timestamp": 1515327694000,
    "txId": "186018469_3112682414",
    "wallet": "Spot",
  },
  {
    "_id": "186018469_3112682414_1",
    "_rev": "1-e1c53d962cc8396faeec046b5b89224e",
    "assetId": "ethereum:0x0000000000000000000000000000000000000000:ETH",
    "change": "-0.00044493",
    "changeN": -0.00044493,
    "importId": "186018469",
    "importIndex": 14.1,
    "integration": "ethereum",
    "operation": "Fee",
    "timestamp": 1515327694000,
    "txId": "186018469_3112682414",
    "wallet": "Spot",
  },
  {
    "_id": "186018469_3631301891_1",
    "_rev": "1-eb140f606e76dc7e7af5b90de4df1634",
    "assetId": "ethereum:0x0000000000000000000000000000000000000000:ETH",
    "change": "-0.00186438",
    "changeN": -0.00186438,
    "importId": "186018469",
    "importIndex": 13.1,
    "integration": "ethereum",
    "operation": "Fee",
    "timestamp": 1515257898000,
    "txId": "186018469_3631301891",
    "wallet": "Spot",
  },
  {
    "_id": "186018469_1852994975_0",
    "_rev": "1-8d3c4f88b1496de922cfe306746366c8",
    "assetId": "ethereum:0x0000000000000000000000000000000000000000:ETH",
    "change": "-0.000043",
    "changeN": -0.000043,
    "importId": "186018469",
    "importIndex": 12,
    "integration": "ethereum",
    "operation": "Withdraw",
    "timestamp": 1512413990000,
    "txId": "186018469_1852994975",
    "wallet": "Spot",
  },
  {
    "_id": "186018469_1852994975_1",
    "_rev": "1-c4231cee1f9dc47b14f0436dabfa484a",
    "assetId": "ethereum:0x0000000000000000000000000000000000000000:ETH",
    "change": "-0.00042",
    "changeN": -0.00042,
    "importId": "186018469",
    "importIndex": 12.1,
    "integration": "ethereum",
    "operation": "Fee",
    "timestamp": 1512413990000,
    "txId": "186018469_1852994975",
    "wallet": "Spot",
  },
  {
    "_id": "186018469_343664974_1",
    "_rev": "1-8fd028ea64ef534e66e1454d62a9fc58",
    "assetId": "ethereum:0x0000000000000000000000000000000000000000:ETH",
    "change": "-0.00162232",
    "changeN": -0.00162232,
    "importId": "186018469",
    "importIndex": 11.1,
    "integration": "ethereum",
    "operation": "Fee",
    "timestamp": 1510070053000,
    "txId": "186018469_343664974",
    "wallet": "Spot",
  },
  {
    "_id": "186018469_1730651180_1",
    "_rev": "1-905acd8a85c8a0ffbc21737f5bf38d09",
    "assetId": "ethereum:0x0000000000000000000000000000000000000000:ETH",
    "change": "-0.0024336",
    "changeN": -0.0024336,
    "importId": "186018469",
    "importIndex": 10.1,
    "integration": "ethereum",
    "operation": "Fee",
    "timestamp": 1509797208000,
    "txId": "186018469_1730651180",
    "wallet": "Spot",
  },
  {
    "_id": "186018469_310594734_1",
    "_rev": "1-1ec032bc28af7fda9bfed94928ab63a5",
    "assetId": "ethereum:0x0000000000000000000000000000000000000000:ETH",
    "change": "-0.0021516",
    "changeN": -0.0021516,
    "importId": "186018469",
    "importIndex": 9.1,
    "integration": "ethereum",
    "operation": "Fee",
    "timestamp": 1509797187000,
    "txId": "186018469_310594734",
    "wallet": "Spot",
  },
  {
    "_id": "186018469_2919589988_1",
    "_rev": "1-fc5286a5e9627fdc2931527f93785aac",
    "assetId": "ethereum:0x0000000000000000000000000000000000000000:ETH",
    "change": "-0.00278352",
    "changeN": -0.00278352,
    "importId": "186018469",
    "importIndex": 8.1,
    "integration": "ethereum",
    "operation": "Fee",
    "timestamp": 1509793099000,
    "txId": "186018469_2919589988",
    "wallet": "Spot",
  },
  {
    "_id": "186018469_56269843_1",
    "_rev": "1-c0a3ee74c864f5af0731b283f72cc6f2",
    "assetId": "ethereum:0x0000000000000000000000000000000000000000:ETH",
    "change": "-0.009453992",
    "changeN": -0.009453992,
    "importId": "186018469",
    "importIndex": 7.1,
    "integration": "ethereum",
    "operation": "Fee",
    "timestamp": 1509228346000,
    "txId": "186018469_56269843",
    "wallet": "Spot",
  },
  {
    "_id": "186018469_4203229781_0",
    "_rev": "1-2e31e6cb9e097aa63fe0c89e50803f99",
    "assetId": "ethereum:0x0000000000000000000000000000000000000000:ETH",
    "change": "-0.01",
    "changeN": -0.01,
    "importId": "186018469",
    "importIndex": 6,
    "integration": "ethereum",
    "operation": "Withdraw",
    "timestamp": 1509184510000,
    "txId": "186018469_4203229781",
    "wallet": "Spot",
  },
  {
    "_id": "186018469_4203229781_1",
    "_rev": "1-b2d3c85472c483434fa2b26d1cec2e32",
    "assetId": "ethereum:0x0000000000000000000000000000000000000000:ETH",
    "change": "-0.0106677",
    "changeN": -0.0106677,
    "importId": "186018469",
    "importIndex": 6.1,
    "integration": "ethereum",
    "operation": "Fee",
    "timestamp": 1509184510000,
    "txId": "186018469_4203229781",
    "wallet": "Spot",
  },
  {
    "_id": "186018469_1608825627_1",
    "_rev": "1-f8fe1e92561bc0024730ebcf848472d9",
    "assetId": "ethereum:0x0000000000000000000000000000000000000000:ETH",
    "change": "-0.000483076",
    "changeN": -0.000483076,
    "importId": "186018469",
    "importIndex": 5.1,
    "integration": "ethereum",
    "operation": "Fee",
    "timestamp": 1509183171000,
    "txId": "186018469_1608825627",
    "wallet": "Spot",
  },
  {
    "_id": "186018469_3244246613_1",
    "_rev": "1-7c328c1e8368b98f57384b9a2a260a2d",
    "assetId": "ethereum:0x0000000000000000000000000000000000000000:ETH",
    "change": "-0.000753858",
    "changeN": -0.000753858,
    "importId": "186018469",
    "importIndex": 4.1,
    "integration": "ethereum",
    "operation": "Fee",
    "timestamp": 1507385947000,
    "txId": "186018469_3244246613",
    "wallet": "Spot",
  },
  {
    "_id": "186018469_1859882862_0",
    "_rev": "1-7cdadeffbfed9ac3713dce3cbf51eebf",
    "assetId": "ethereum:0x0000000000000000000000000000000000000000:ETH",
    "change": "-0.007",
    "changeN": -0.007,
    "importId": "186018469",
    "importIndex": 3,
    "integration": "ethereum",
    "operation": "Withdraw",
    "timestamp": 1507385778000,
    "txId": "186018469_1859882862",
    "wallet": "Spot",
  },
  {
    "_id": "186018469_1859882862_1",
    "_rev": "1-e53536106fc55102d0cfa904d9055c66",
    "assetId": "ethereum:0x0000000000000000000000000000000000000000:ETH",
    "change": "-0.000489321",
    "changeN": -0.000489321,
    "importId": "186018469",
    "importIndex": 3.1,
    "integration": "ethereum",
    "operation": "Fee",
    "timestamp": 1507385778000,
    "txId": "186018469_1859882862",
    "wallet": "Spot",
  },
  {
    "_id": "186018469_3924260134_1",
    "_rev": "1-6fc8468867b6e9f5a3f6875a2bd57e9c",
    "assetId": "ethereum:0x0000000000000000000000000000000000000000:ETH",
    "change": "-0.001181334",
    "changeN": -0.001181334,
    "importId": "186018469",
    "importIndex": 2.1,
    "integration": "ethereum",
    "operation": "Fee",
    "timestamp": 1507385513000,
    "txId": "186018469_3924260134",
    "wallet": "Spot",
  },
  {
    "_id": "186018469_3168386733_1",
    "_rev": "1-6c7be47685faf7d46d676acb9b0e0023",
    "assetId": "ethereum:0x0000000000000000000000000000000000000000:ETH",
    "change": "-0.000536361",
    "changeN": -0.000536361,
    "importId": "186018469",
    "importIndex": 1.1,
    "integration": "ethereum",
    "operation": "Fee",
    "timestamp": 1507385172000,
    "txId": "186018469_3168386733",
    "wallet": "Spot",
  },
  {
    "_id": "186018469_1619377117_0",
    "_rev": "1-0419ab957052b420ce050ab0cd032689",
    "assetId": "ethereum:0x0000000000000000000000000000000000000000:ETH",
    "change": "0.5",
    "changeN": 0.5,
    "importId": "186018469",
    "importIndex": 0,
    "integration": "ethereum",
    "operation": "Deposit",
    "timestamp": 1507383978000,
    "txId": "186018469_1619377117",
    "wallet": "Spot",
  },
]