[
  {
    "_id": "186018469_1536122789_1",
    "_rev": "2-32b9916cfe1cf8081a43029d00bcbce4",
    "assetId": "ethereum:0x0000000000000000000000000000000000000000:ETH",
    "balance": "0.639719738",
    "balanceN": 0.639719738,
    "change": "-0.00216356",
    "changeN": -0.00216356,
    "importId": "186018469",
    "importIndex": 16.1,
    "integration": "ethereum",
    "operation": "Fee",
    "timestamp": 1515330567000,
    "txId": "186018469_1536122789",
    "wallet": "0x003dc32fe920a4aaeed12dc87e145f030aa753f3",
  },
  {
    "_id": "186018469_2107939569_0",
    "_rev": "2-0a945d0babb8a4a77a7c6c251e044242",
    "assetId": "ethereum:0x0000000000000000000000000000000000000000:ETH",
    "balance": "0.641883298",
    "balanceN": 0.641883298,
    "change": "0.59421229",
    "changeN": 0.59421229,
    "importId": "186018469",
    "importIndex": 15,
    "integration": "ethereum",
    "operation": "Deposit",
    "timestamp": 1515330492000,
    "txId": "186018469_2107939569",
    "wallet": "0x003dc32fe920a4aaeed12dc87e145f030aa753f3",
  },
  {
    "_id": "1155767893_391413471",
    "_rev": "2-a43478cfb87cd6cd1d2f3873c2369d99",
    "assetId": "ethereum:0x0abdace70d3790235af448c88547603b945604ea:DNT",
    "balance": "939",
    "balanceN": 939,
    "blockNumber": "4869066",
    "change": "939",
    "changeN": 939,
    "contractAddress": "0x0abdace70d3790235af448c88547603b945604ea",
    "from": "0x3f5ce5fbfe3e9af3971dd833d26ba9b5c936f0be",
    "importId": "1155767893",
    "importIndex": 2,
    "integration": "ethereum",
    "operation": "Deposit",
    "timestamp": 1515330124000,
    "to": "0x003dc32fe920a4aaeed12dc87e145f030aa753f3",
    "tokenName": "district0x",
    "tokenSymbol": "DNT",
    "tokenValue": "939",
    "tokenValueHistorical": "$330.58",
    "txHash": "0xb84caf5c65b8975ec91b7955fee22a9385196b046c9597e4053dd3c78ffdbf7d",
    "wallet": "0x003dc32fe920a4aaeed12dc87e145f030aa753f3",
  },
  {
    "_id": "1155767893_1232071248",
    "_rev": "2-d82fb7d7f4f5565e2df9f9f2de6bc80b",
    "assetId": "ethereum:0x0f5d2fb29fb7d3cfee444a200298f468908cc942:MANA",
    "balance": "3067.671",
    "balanceN": 3067.671,
    "blockNumber": "4869066",
    "change": "3067.671",
    "changeN": 3067.671,
    "contractAddress": "0x0f5d2fb29fb7d3cfee444a200298f468908cc942",
    "from": "0x3f5ce5fbfe3e9af3971dd833d26ba9b5c936f0be",
    "importId": "1155767893",
    "importIndex": 3,
    "integration": "ethereum",
    "operation": "Deposit",
    "timestamp": 1515330124000,
    "to": "0x003dc32fe920a4aaeed12dc87e145f030aa753f3",
    "tokenName": "Decentraland",
    "tokenSymbol": "MANA",
    "tokenValue": "3067.671",
    "tokenValueHistorical": "$709.50",
    "txHash": "0x35b1d2ef648a40dfa7492dfd188c30257565a205b6559c18955e9598c23c70d8",
    "wallet": "0x003dc32fe920a4aaeed12dc87e145f030aa753f3",
  },
  {
    "_id": "186018469_3112682414_1",
    "_rev": "2-45a5eb9df24cf0c5336796fb703afb04",
    "assetId": "ethereum:0x0000000000000000000000000000000000000000:ETH",
    "balance": "0.047671008",
    "balanceN": 0.047671008,
    "change": "-0.00044493",
    "changeN": -0.00044493,
    "importId": "186018469",
    "importIndex": 14.1,
    "integration": "ethereum",
    "operation": "Fee",
    "timestamp": 1515327694000,
    "txId": "186018469_3112682414",
    "wallet": "0x003dc32fe920a4aaeed12dc87e145f030aa753f3",
  },
  {
    "_id": "186018469_3112682414_0",
    "_rev": "2-39f08dded1d9d7da03a9a528b8b51fc4",
    "assetId": "ethereum:0x0000000000000000000000000000000000000000:ETH",
    "balance": "0.048115938",
    "balanceN": 0.048115938,
    "change": "-0.4",
    "changeN": -0.4,
    "importId": "186018469",
    "importIndex": 14,
    "integration": "ethereum",
    "operation": "Withdraw",
    "timestamp": 1515327694000,
    "txId": "186018469_3112682414",
    "wallet": "0x003dc32fe920a4aaeed12dc87e145f030aa753f3",
  },
  {
    "_id": "186018469_3631301891_1",
    "_rev": "2-61294bdfa1b27839c360049090d1ef31",
    "assetId": "ethereum:0x0000000000000000000000000000000000000000:ETH",
    "balance": "0.448115938",
    "balanceN": 0.448115938,
    "change": "-0.00186438",
    "changeN": -0.00186438,
    "importId": "186018469",
    "importIndex": 13.1,
    "integration": "ethereum",
    "operation": "Fee",
    "timestamp": 1515257898000,
    "txId": "186018469_3631301891",
    "wallet": "0x003dc32fe920a4aaeed12dc87e145f030aa753f3",
  },
  {
    "_id": "186018469_1852994975_1",
    "_rev": "2-5d0224e50d84cbbf3f05377c664ec137",
    "assetId": "ethereum:0x0000000000000000000000000000000000000000:ETH",
    "balance": "0.449980318",
    "balanceN": 0.449980318,
    "change": "-0.00042",
    "changeN": -0.00042,
    "importId": "186018469",
    "importIndex": 12.1,
    "integration": "ethereum",
    "operation": "Fee",
    "timestamp": 1512413990000,
    "txId": "186018469_1852994975",
    "wallet": "0x003dc32fe920a4aaeed12dc87e145f030aa753f3",
  },
  {
    "_id": "186018469_1852994975_0",
    "_rev": "2-61b26a5f23409d5a62eabb6ad04c5655",
    "assetId": "ethereum:0x0000000000000000000000000000000000000000:ETH",
    "balance": "0.450400318",
    "balanceN": 0.450400318,
    "change": "-0.000043",
    "changeN": -0.000043,
    "importId": "186018469",
    "importIndex": 12,
    "integration": "ethereum",
    "operation": "Withdraw",
    "timestamp": 1512413990000,
    "txId": "186018469_1852994975",
    "wallet": "0x003dc32fe920a4aaeed12dc87e145f030aa753f3",
  },
  {
    "_id": "1155767893_1919569179",
    "_rev": "2-f2384d9cd6443ed6072ef82a781eed12",
    "assetId": "ethereum:0x52903256dd18d85c2dc4a6c999907c9793ea61e3:INSP",
    "balance": "777",
    "balanceN": 777,
    "blockNumber": "4633667",
    "change": "777",
    "changeN": 777,
    "contractAddress": "0x52903256dd18d85c2dc4a6c999907c9793ea61e3",
    "from": "0x0000000000000000000000000000000000000000",
    "importId": "1155767893",
    "importIndex": 1,
    "integration": "ethereum",
    "operation": "Deposit",
    "timestamp": 1511814690000,
    "to": "0x003dc32fe920a4aaeed12dc87e145f030aa753f3",
    "tokenName": "INS Promo",
    "tokenSymbol": "INSP",
    "tokenValue": "777",
    "tokenValueHistorical": "N/A",
    "txHash": "0x3ed0901b17c4f6107c2ff43859ce50a66d0ca7ff78dd010a7df764ddef21d3c9",
    "wallet": "0x003dc32fe920a4aaeed12dc87e145f030aa753f3",
  },
  {
    "_id": "1155767893_1149111361",
    "_rev": "2-116b41e98e391acb7db92bcd9bb666cc",
    "assetId": "ethereum:0x519475b31653e46d20cd09f9fdcf3b12bdacb4f5:VIU",
    "balance": "9.04131276",
    "balanceN": 9.04131276,
    "blockNumber": "4597036",
    "change": "9.04131276",
    "changeN": 9.04131276,
    "contractAddress": "0x519475b31653e46d20cd09f9fdcf3b12bdacb4f5",
    "from": "0xae2b80f7f4d285caa658a285233550d19c8e7847",
    "importId": "1155767893",
    "importIndex": 0,
    "integration": "ethereum",
    "operation": "Deposit",
    "timestamp": 1511302899000,
    "to": "0x003dc32fe920a4aaeed12dc87e145f030aa753f3",
    "tokenName": "VIU",
    "tokenSymbol": "VIU",
    "tokenValue": "9.04131276",
    "tokenValueHistorical": "$0.03",
    "txHash": "0x159bee633df089f99c55d7ebd0608655c613e3459b823db030a32abbc2b24b50",
    "wallet": "0x003dc32fe920a4aaeed12dc87e145f030aa753f3",
  },
  {
    "_id": "186018469_343664974_1",
    "_rev": "2-76f586c68230ef8fd813a67f763db2a1",
    "assetId": "ethereum:0x0000000000000000000000000000000000000000:ETH",
    "balance": "0.450443318",
    "balanceN": 0.450443318,
    "change": "-0.00162232",
    "changeN": -0.00162232,
    "importId": "186018469",
    "importIndex": 11.1,
    "integration": "ethereum",
    "operation": "Fee",
    "timestamp": 1510070053000,
    "txId": "186018469_343664974",
    "wallet": "0x003dc32fe920a4aaeed12dc87e145f030aa753f3",
  },
  {
    "_id": "186018469_1730651180_1",
    "_rev": "2-a02c61b1afdb0e0a944e3ee6aca2414b",
    "assetId": "ethereum:0x0000000000000000000000000000000000000000:ETH",
    "balance": "0.452065638",
    "balanceN": 0.452065638,
    "change": "-0.0024336",
    "changeN": -0.0024336,
    "importId": "186018469",
    "importIndex": 10.1,
    "integration": "ethereum",
    "operation": "Fee",
    "timestamp": 1509797208000,
    "txId": "186018469_1730651180",
    "wallet": "0x003dc32fe920a4aaeed12dc87e145f030aa753f3",
  },
  {
    "_id": "186018469_310594734_1",
    "_rev": "2-082fb3d3ebaa7dba37605ceb3ee1de17",
    "assetId": "ethereum:0x0000000000000000000000000000000000000000:ETH",
    "balance": "0.454499238",
    "balanceN": 0.454499238,
    "change": "-0.0021516",
    "changeN": -0.0021516,
    "importId": "186018469",
    "importIndex": 9.1,
    "integration": "ethereum",
    "operation": "Fee",
    "timestamp": 1509797187000,
    "txId": "186018469_310594734",
    "wallet": "0x003dc32fe920a4aaeed12dc87e145f030aa753f3",
  },
  {
    "_id": "186018469_2919589988_1",
    "_rev": "2-23ac2d2c4f99618260cbe45a618e3379",
    "assetId": "ethereum:0x0000000000000000000000000000000000000000:ETH",
    "balance": "0.456650838",
    "balanceN": 0.456650838,
    "change": "-0.00278352",
    "changeN": -0.00278352,
    "importId": "186018469",
    "importIndex": 8.1,
    "integration": "ethereum",
    "operation": "Fee",
    "timestamp": 1509793099000,
    "txId": "186018469_2919589988",
    "wallet": "0x003dc32fe920a4aaeed12dc87e145f030aa753f3",
  },
  {
    "_id": "186018469_56269843_1",
    "_rev": "2-74b81e06fb3ff9bdc54f58985fbfd118",
    "assetId": "ethereum:0x0000000000000000000000000000000000000000:ETH",
    "balance": "0.459434358",
    "balanceN": 0.459434358,
    "change": "-0.009453992",
    "changeN": -0.009453992,
    "importId": "186018469",
    "importIndex": 7.1,
    "integration": "ethereum",
    "operation": "Fee",
    "timestamp": 1509228346000,
    "txId": "186018469_56269843",
    "wallet": "0x003dc32fe920a4aaeed12dc87e145f030aa753f3",
  },
  {
    "_id": "186018469_4203229781_1",
    "_rev": "2-90f7dbe7dc9a7d337e559c70976a20e1",
    "assetId": "ethereum:0x0000000000000000000000000000000000000000:ETH",
    "balance": "0.46888835",
    "balanceN": 0.46888835,
    "change": "-0.0106677",
    "changeN": -0.0106677,
    "importId": "186018469",
    "importIndex": 6.1,
    "integration": "ethereum",
    "operation": "Fee",
    "timestamp": 1509184510000,
    "txId": "186018469_4203229781",
    "wallet": "0x003dc32fe920a4aaeed12dc87e145f030aa753f3",
  },
  {
    "_id": "186018469_4203229781_0",
    "_rev": "2-0dfd0f168a5f4593d994e3423d3be619",
    "assetId": "ethereum:0x0000000000000000000000000000000000000000:ETH",
    "balance": "0.47955605",
    "balanceN": 0.47955605,
    "change": "-0.01",
    "changeN": -0.01,
    "importId": "186018469",
    "importIndex": 6,
    "integration": "ethereum",
    "operation": "Withdraw",
    "timestamp": 1509184510000,
    "txId": "186018469_4203229781",
    "wallet": "0x003dc32fe920a4aaeed12dc87e145f030aa753f3",
  },
  {
    "_id": "186018469_1608825627_1",
    "_rev": "2-9037f15b52f6402d4aa8e8f5333f69c5",
    "assetId": "ethereum:0x0000000000000000000000000000000000000000:ETH",
    "balance": "0.48955605",
    "balanceN": 0.48955605,
    "change": "-0.000483076",
    "changeN": -0.000483076,
    "importId": "186018469",
    "importIndex": 5.1,
    "integration": "ethereum",
    "operation": "Fee",
    "timestamp": 1509183171000,
    "txId": "186018469_1608825627",
    "wallet": "0x003dc32fe920a4aaeed12dc87e145f030aa753f3",
  },
  {
    "_id": "186018469_3244246613_1",
    "_rev": "2-5c4c0d99cae9e2155ae04645c666443c",
    "assetId": "ethereum:0x0000000000000000000000000000000000000000:ETH",
    "balance": "0.490039126",
    "balanceN": 0.490039126,
    "change": "-0.000753858",
    "changeN": -0.000753858,
    "importId": "186018469",
    "importIndex": 4.1,
    "integration": "ethereum",
    "operation": "Fee",
    "timestamp": 1507385947000,
    "txId": "186018469_3244246613",
    "wallet": "0x003dc32fe920a4aaeed12dc87e145f030aa753f3",
  },
  {
    "_id": "186018469_1859882862_1",
    "_rev": "2-dd59880351d6cf8f58c24ad6a6e9260a",
    "assetId": "ethereum:0x0000000000000000000000000000000000000000:ETH",
    "balance": "0.490792984",
    "balanceN": 0.490792984,
    "change": "-0.000489321",
    "changeN": -0.000489321,
    "importId": "186018469",
    "importIndex": 3.1,
    "integration": "ethereum",
    "operation": "Fee",
    "timestamp": 1507385778000,
    "txId": "186018469_1859882862",
    "wallet": "0x003dc32fe920a4aaeed12dc87e145f030aa753f3",
  },
  {
    "_id": "186018469_1859882862_0",
    "_rev": "2-4d40b87287f674414fb8e52c2e88bc01",
    "assetId": "ethereum:0x0000000000000000000000000000000000000000:ETH",
    "balance": "0.491282305",
    "balanceN": 0.491282305,
    "change": "-0.007",
    "changeN": -0.007,
    "importId": "186018469",
    "importIndex": 3,
    "integration": "ethereum",
    "operation": "Withdraw",
    "timestamp": 1507385778000,
    "txId": "186018469_1859882862",
    "wallet": "0x003dc32fe920a4aaeed12dc87e145f030aa753f3",
  },
  {
    "_id": "186018469_3924260134_1",
    "_rev": "2-975453b00c739240098e53a13630d6cc",
    "assetId": "ethereum:0x0000000000000000000000000000000000000000:ETH",
    "balance": "0.498282305",
    "balanceN": 0.498282305,
    "change": "-0.001181334",
    "changeN": -0.001181334,
    "importId": "186018469",
    "importIndex": 2.1,
    "integration": "ethereum",
    "operation": "Fee",
    "timestamp": 1507385513000,
    "txId": "186018469_3924260134",
    "wallet": "0x003dc32fe920a4aaeed12dc87e145f030aa753f3",
  },
  {
    "_id": "186018469_3168386733_1",
    "_rev": "2-afc8ff7d4898d04ce3772ae5a372f255",
    "assetId": "ethereum:0x0000000000000000000000000000000000000000:ETH",
    "balance": "0.499463639",
    "balanceN": 0.499463639,
    "change": "-0.000536361",
    "changeN": -0.000536361,
    "importId": "186018469",
    "importIndex": 1.1,
    "integration": "ethereum",
    "operation": "Fee",
    "timestamp": 1507385172000,
    "txId": "186018469_3168386733",
    "wallet": "0x003dc32fe920a4aaeed12dc87e145f030aa753f3",
  },
  {
    "_id": "186018469_1619377117_0",
    "_rev": "2-baf181f3072d7be6f22d903b38a37670",
    "assetId": "ethereum:0x0000000000000000000000000000000000000000:ETH",
    "balance": "0.5",
    "balanceN": 0.5,
    "change": "0.5",
    "changeN": 0.5,
    "importId": "186018469",
    "importIndex": 0,
    "integration": "ethereum",
    "operation": "Deposit",
    "timestamp": 1507383978000,
    "txId": "186018469_1619377117",
    "wallet": "0x003dc32fe920a4aaeed12dc87e145f030aa753f3",
  },
]