[
  {
    "_id": "3141079563_3845751425_0",
    "_rev": "1-392a8296dbcf623cee17a213b2f4255b",
    "assetId": "ethereum:0x0000000000000000000000000000000000000000:ETH",
    "change": "0.000265949",
    "changeN": 0.000265949,
    "importId": "3141079563",
    "importIndex": 47,
    "integration": "ethereum",
    "operation": "Deposit",
    "timestamp": 1650326154000,
    "txId": "3141079563_3845751425",
    "wallet": "Spot",
  },
  {
    "_id": "3141079563_1663988973_0",
    "_rev": "1-ec8715a2a3732a3b6037e3f7cc4eb507",
    "assetId": "ethereum:0x0000000000000000000000000000000000000000:ETH",
    "change": "2.032621459474714203",
    "changeN": 2.032621459474714,
    "importId": "3141079563",
    "importIndex": 46,
    "integration": "ethereum",
    "operation": "Deposit",
    "timestamp": 1616209220000,
    "txId": "3141079563_1663988973",
    "wallet": "Spot",
  },
  {
    "_id": "3141079563_3767349086_0",
    "_rev": "1-a80328848d4ebdb6f13c2bdc93f4d7db",
    "assetId": "ethereum:0x0000000000000000000000000000000000000000:ETH",
    "change": "3.77533",
    "changeN": 3.77533,
    "importId": "3141079563",
    "importIndex": 45,
    "integration": "ethereum",
    "operation": "Deposit",
    "timestamp": 1612517923000,
    "txId": "3141079563_3767349086",
    "wallet": "Spot",
  },
  {
    "_id": "3141079563_2431126902_0",
    "_rev": "1-a224438c688453c246f1cae969501af1",
    "assetId": "ethereum:0x0000000000000000000000000000000000000000:ETH",
    "change": "8.028726665117311584",
    "changeN": 8.028726665117311,
    "importId": "3141079563",
    "importIndex": 44,
    "integration": "ethereum",
    "operation": "Deposit",
    "timestamp": 1612517125000,
    "txId": "3141079563_2431126902",
    "wallet": "Spot",
  },
  {
    "_id": "3141079563_338289908_0",
    "_rev": "1-58c131a59b95294395f1f7c7c6575fc7",
    "assetId": "ethereum:0x0000000000000000000000000000000000000000:ETH",
    "change": "0.403882772269402718",
    "changeN": 0.4038827722694027,
    "importId": "3141079563",
    "importIndex": 43,
    "integration": "ethereum",
    "operation": "Deposit",
    "timestamp": 1609172728000,
    "txId": "3141079563_338289908",
    "wallet": "Spot",
  },
  {
    "_id": "3141079563_1386033523_0",
    "_rev": "1-5f6992d64321c4ebda8f87f2e81a6cb6",
    "assetId": "ethereum:0x0000000000000000000000000000000000000000:ETH",
    "change": "0.019886903289709422",
    "changeN": 0.01988690328970942,
    "importId": "3141079563",
    "importIndex": 42,
    "integration": "ethereum",
    "operation": "Deposit",
    "timestamp": 1606241643000,
    "txId": "3141079563_1386033523",
    "wallet": "Spot",
  },
  {
    "_id": "3141079563_3290219461_0",
    "_rev": "1-8dde34cd0f6a5c714b04c6af39160577",
    "assetId": "ethereum:0x0000000000000000000000000000000000000000:ETH",
    "change": "24",
    "changeN": 24,
    "importId": "3141079563",
    "importIndex": 41,
    "integration": "ethereum",
    "operation": "Deposit",
    "timestamp": 1605944079000,
    "txId": "3141079563_3290219461",
    "wallet": "Spot",
  },
  {
    "_id": "3141079563_3732657579_0",
    "_rev": "1-b185360ed788f5dbbd8b08dfb9448f6b",
    "assetId": "ethereum:0x0000000000000000000000000000000000000000:ETH",
    "change": "18",
    "changeN": 18,
    "importId": "3141079563",
    "importIndex": 40,
    "integration": "ethereum",
    "operation": "Deposit",
    "timestamp": 1605562891000,
    "txId": "3141079563_3732657579",
    "wallet": "Spot",
  },
  {
    "_id": "3141079563_3455312830_0",
    "_rev": "1-b15af2d92bda1fa3292e788ecd99cf2c",
    "assetId": "ethereum:0x0000000000000000000000000000000000000000:ETH",
    "change": "19",
    "changeN": 19,
    "importId": "3141079563",
    "importIndex": 39,
    "integration": "ethereum",
    "operation": "Deposit",
    "timestamp": 1604445836000,
    "txId": "3141079563_3455312830",
    "wallet": "Spot",
  },
  {
    "_id": "3141079563_3022921542_0",
    "_rev": "1-714c98fe2afbc7d492f319f15aa62da5",
    "assetId": "ethereum:0x0000000000000000000000000000000000000000:ETH",
    "change": "0.020963137916501829",
    "changeN": 0.02096313791650183,
    "importId": "3141079563",
    "importIndex": 38,
    "integration": "ethereum",
    "operation": "Deposit",
    "timestamp": 1604429694000,
    "txId": "3141079563_3022921542",
    "wallet": "Spot",
  },
  {
    "_id": "3141079563_35200371_0",
    "_rev": "1-193ddbfeff91b883ba996bc9ee13deaf",
    "assetId": "ethereum:0x0000000000000000000000000000000000000000:ETH",
    "change": "1.409534821058422824",
    "changeN": 1.4095348210584229,
    "importId": "3141079563",
    "importIndex": 37,
    "integration": "ethereum",
    "operation": "Deposit",
    "timestamp": 1604423792000,
    "txId": "3141079563_35200371",
    "wallet": "Spot",
  },
  {
    "_id": "3141079563_578118247_0",
    "_rev": "1-c2ff68a0e883e524124a81e19f2bae80",
    "assetId": "ethereum:0x0000000000000000000000000000000000000000:ETH",
    "change": "2.923070428032690017",
    "changeN": 2.9230704280326902,
    "importId": "3141079563",
    "importIndex": 36,
    "integration": "ethereum",
    "operation": "Deposit",
    "timestamp": 1604423191000,
    "txId": "3141079563_578118247",
    "wallet": "Spot",
  },
  {
    "_id": "3141079563_2177697226_0",
    "_rev": "1-6115c1c81926d5e163103edb310a802a",
    "assetId": "ethereum:0x0000000000000000000000000000000000000000:ETH",
    "change": "0.002659991209044395",
    "changeN": 0.002659991209044395,
    "importId": "3141079563",
    "importIndex": 35,
    "integration": "ethereum",
    "operation": "Deposit",
    "timestamp": 1603276546000,
    "txId": "3141079563_2177697226",
    "wallet": "Spot",
  },
  {
    "_id": "3141079563_3555044287_0",
    "_rev": "1-f0564f637b6489bb0d4f16eea31cbe10",
    "assetId": "ethereum:0x0000000000000000000000000000000000000000:ETH",
    "change": "1.782983790365391295",
    "changeN": 1.7829837903653913,
    "importId": "3141079563",
    "importIndex": 34,
    "integration": "ethereum",
    "operation": "Deposit",
    "timestamp": 1602360483000,
    "txId": "3141079563_3555044287",
    "wallet": "Spot",
  },
  {
    "_id": "3141079563_2034339192_0",
    "_rev": "1-57f63f5588e0266440921ba6b955372f",
    "assetId": "ethereum:0x0000000000000000000000000000000000000000:ETH",
    "change": "0.010232200469249041",
    "changeN": 0.010232200469249041,
    "importId": "3141079563",
    "importIndex": 33,
    "integration": "ethereum",
    "operation": "Deposit",
    "timestamp": 1602333272000,
    "txId": "3141079563_2034339192",
    "wallet": "Spot",
  },
  {
    "_id": "3141079563_3614887579_0",
    "_rev": "1-bd27901d05b96e78063789e1b1aeb9a0",
    "assetId": "ethereum:0x0000000000000000000000000000000000000000:ETH",
    "change": "5.969329101409288698",
    "changeN": 5.969329101409289,
    "importId": "3141079563",
    "importIndex": 32,
    "integration": "ethereum",
    "operation": "Deposit",
    "timestamp": 1600672829000,
    "txId": "3141079563_3614887579",
    "wallet": "Spot",
  },
  {
    "_id": "3141079563_796914367_0",
    "_rev": "1-6881d329b666ca32c8e4791b4ff52b23",
    "assetId": "ethereum:0x0000000000000000000000000000000000000000:ETH",
    "change": "2.393168991592256052",
    "changeN": 2.393168991592256,
    "importId": "3141079563",
    "importIndex": 31,
    "integration": "ethereum",
    "operation": "Deposit",
    "timestamp": 1598706303000,
    "txId": "3141079563_796914367",
    "wallet": "Spot",
  },
  {
    "_id": "3141079563_1060563746_0",
    "_rev": "1-d91ab967852381abf0a0ecdcd1590bef",
    "assetId": "ethereum:0x0000000000000000000000000000000000000000:ETH",
    "change": "3.570796094074657489",
    "changeN": 3.5707960940746575,
    "importId": "3141079563",
    "importIndex": 30,
    "integration": "ethereum",
    "operation": "Deposit",
    "timestamp": 1598705256000,
    "txId": "3141079563_1060563746",
    "wallet": "Spot",
  },
  {
    "_id": "3141079563_2884479721_0",
    "_rev": "1-59acfa9a66f2e99a8f2000e180f1776c",
    "assetId": "ethereum:0x0000000000000000000000000000000000000000:ETH",
    "change": "4.844489901451990949",
    "changeN": 4.844489901451991,
    "importId": "3141079563",
    "importIndex": 29,
    "integration": "ethereum",
    "operation": "Deposit",
    "timestamp": 1597909777000,
    "txId": "3141079563_2884479721",
    "wallet": "Spot",
  },
  {
    "_id": "3141079563_2590884337_0",
    "_rev": "1-6243231d495347482d71a65ffc185a83",
    "assetId": "ethereum:0x0000000000000000000000000000000000000000:ETH",
    "change": "17.728279993602678228",
    "changeN": 17.72827999360268,
    "importId": "3141079563",
    "importIndex": 28,
    "integration": "ethereum",
    "operation": "Deposit",
    "timestamp": 1595898312000,
    "txId": "3141079563_2590884337",
    "wallet": "Spot",
  },
  {
    "_id": "3141079563_1989123031_0",
    "_rev": "1-abd61cb7a15294fc3a83c545dde45d0f",
    "assetId": "ethereum:0x0000000000000000000000000000000000000000:ETH",
    "change": "0.01",
    "changeN": 0.01,
    "importId": "3141079563",
    "importIndex": 27,
    "integration": "ethereum",
    "operation": "Deposit",
    "timestamp": 1591633058000,
    "txId": "3141079563_1989123031",
    "wallet": "Spot",
  },
  {
    "_id": "3141079563_961325135_0",
    "_rev": "1-de26178dbb1b60550c26ad1a5aa03ec8",
    "assetId": "ethereum:0x0000000000000000000000000000000000000000:ETH",
    "change": "11.61644017188864",
    "changeN": 11.61644017188864,
    "importId": "3141079563",
    "importIndex": 26,
    "integration": "ethereum",
    "operation": "Deposit",
    "timestamp": 1591366746000,
    "txId": "3141079563_961325135",
    "wallet": "Spot",
  },
  {
    "_id": "3141079563_604812144_0",
    "_rev": "1-daedf0e168fd841078339e126b98da1e",
    "assetId": "ethereum:0x0000000000000000000000000000000000000000:ETH",
    "change": "18.842967519264768",
    "changeN": 18.842967519264768,
    "importId": "3141079563",
    "importIndex": 25,
    "integration": "ethereum",
    "operation": "Deposit",
    "timestamp": 1591363174000,
    "txId": "3141079563_604812144",
    "wallet": "Spot",
  },
  {
    "_id": "3141079563_990975735_0",
    "_rev": "1-4c931eb159f9b1c22a38e91e37d2f181",
    "assetId": "ethereum:0x0000000000000000000000000000000000000000:ETH",
    "change": "5",
    "changeN": 5,
    "importId": "3141079563",
    "importIndex": 24,
    "integration": "ethereum",
    "operation": "Deposit",
    "timestamp": 1587202476000,
    "txId": "3141079563_990975735",
    "wallet": "Spot",
  },
  {
    "_id": "3141079563_2355764812_0",
    "_rev": "1-6b9303d83314dab2898320f04cc78012",
    "assetId": "ethereum:0x0000000000000000000000000000000000000000:ETH",
    "change": "32.004355591956769597",
    "changeN": 32.00435559195677,
    "importId": "3141079563",
    "importIndex": 23,
    "integration": "ethereum",
    "operation": "Deposit",
    "timestamp": 1586984445000,
    "txId": "3141079563_2355764812",
    "wallet": "Spot",
  },
  {
    "_id": "3141079563_3948018502_0",
    "_rev": "1-f30b18e26cff8d3c7dd72c734070da4a",
    "assetId": "ethereum:0x0000000000000000000000000000000000000000:ETH",
    "change": "10",
    "changeN": 10,
    "importId": "3141079563",
    "importIndex": 22,
    "integration": "ethereum",
    "operation": "Deposit",
    "timestamp": 1581642262000,
    "txId": "3141079563_3948018502",
    "wallet": "Spot",
  },
  {
    "_id": "3141079563_3746023791_0",
    "_rev": "1-6d4cd57ff51812f79d5b2ed4f698fc34",
    "assetId": "ethereum:0x0000000000000000000000000000000000000000:ETH",
    "change": "10",
    "changeN": 10,
    "importId": "3141079563",
    "importIndex": 21,
    "integration": "ethereum",
    "operation": "Deposit",
    "timestamp": 1579967287000,
    "txId": "3141079563_3746023791",
    "wallet": "Spot",
  },
  {
    "_id": "3141079563_631190938_0",
    "_rev": "1-8dd12b08368fa7491fc1e115d24c5c05",
    "assetId": "ethereum:0x0000000000000000000000000000000000000000:ETH",
    "change": "9.55248",
    "changeN": 9.55248,
    "importId": "3141079563",
    "importIndex": 20,
    "integration": "ethereum",
    "operation": "Deposit",
    "timestamp": 1576168728000,
    "txId": "3141079563_631190938",
    "wallet": "Spot",
  },
  {
    "_id": "3141079563_3386493674_0",
    "_rev": "1-fa769b273271cfb3c967b31f8bc0472a",
    "assetId": "ethereum:0x0000000000000000000000000000000000000000:ETH",
    "change": "10",
    "changeN": 10,
    "importId": "3141079563",
    "importIndex": 19,
    "integration": "ethereum",
    "operation": "Deposit",
    "timestamp": 1574332939000,
    "txId": "3141079563_3386493674",
    "wallet": "Spot",
  },
  {
    "_id": "3141079563_1109517877_0",
    "_rev": "1-9a2951681ade8a9d7b290679a35fcac2",
    "assetId": "ethereum:0x0000000000000000000000000000000000000000:ETH",
    "change": "5.395876281912333965",
    "changeN": 5.395876281912334,
    "importId": "3141079563",
    "importIndex": 18,
    "integration": "ethereum",
    "operation": "Deposit",
    "timestamp": 1572358633000,
    "txId": "3141079563_1109517877",
    "wallet": "Spot",
  },
  {
    "_id": "3141079563_1678147274_0",
    "_rev": "1-cac012731ad82a56593c29fb84ec0281",
    "assetId": "ethereum:0x0000000000000000000000000000000000000000:ETH",
    "change": "5.652535766826956732",
    "changeN": 5.652535766826957,
    "importId": "3141079563",
    "importIndex": 17,
    "integration": "ethereum",
    "operation": "Deposit",
    "timestamp": 1570090338000,
    "txId": "3141079563_1678147274",
    "wallet": "Spot",
  },
  {
    "_id": "3141079563_3643033910_0",
    "_rev": "1-4afb234aa4692217a977e73b6b557973",
    "assetId": "ethereum:0x0000000000000000000000000000000000000000:ETH",
    "change": "32",
    "changeN": 32,
    "importId": "3141079563",
    "importIndex": 16,
    "integration": "ethereum",
    "operation": "Deposit",
    "timestamp": 1569241743000,
    "txId": "3141079563_3643033910",
    "wallet": "Spot",
  },
  {
    "_id": "3141079563_319457647_0",
    "_rev": "1-9da820240ad1a389a4cd9a8f957302f6",
    "assetId": "ethereum:0x0000000000000000000000000000000000000000:ETH",
    "change": "10",
    "changeN": 10,
    "importId": "3141079563",
    "importIndex": 15,
    "integration": "ethereum",
    "operation": "Deposit",
    "timestamp": 1569159858000,
    "txId": "3141079563_319457647",
    "wallet": "Spot",
  },
  {
    "_id": "3141079563_3128013853_0",
    "_rev": "1-b6d5e64c144a99d9512eb94d503e27f9",
    "assetId": "ethereum:0x0000000000000000000000000000000000000000:ETH",
    "change": "15.60993",
    "changeN": 15.60993,
    "importId": "3141079563",
    "importIndex": 14,
    "integration": "ethereum",
    "operation": "Deposit",
    "timestamp": 1566311437000,
    "txId": "3141079563_3128013853",
    "wallet": "Spot",
  },
  {
    "_id": "3141079563_24444029_0",
    "_rev": "1-f6e9735589f69740030cc71eb332a4b7",
    "assetId": "ethereum:0x0000000000000000000000000000000000000000:ETH",
    "change": "8",
    "changeN": 8,
    "importId": "3141079563",
    "importIndex": 13,
    "integration": "ethereum",
    "operation": "Deposit",
    "timestamp": 1564661259000,
    "txId": "3141079563_24444029",
    "wallet": "Spot",
  },
  {
    "_id": "3141079563_1205670539_0",
    "_rev": "1-8891ca472e678d84113681bbc5ee872c",
    "assetId": "ethereum:0x0000000000000000000000000000000000000000:ETH",
    "change": "4.10656",
    "changeN": 4.10656,
    "importId": "3141079563",
    "importIndex": 12,
    "integration": "ethereum",
    "operation": "Deposit",
    "timestamp": 1562684173000,
    "txId": "3141079563_1205670539",
    "wallet": "Spot",
  },
  {
    "_id": "3141079563_1896154727_0",
    "_rev": "1-ec559aff3bd3c4091ae70a878a67e9c2",
    "assetId": "ethereum:0x0000000000000000000000000000000000000000:ETH",
    "change": "10",
    "changeN": 10,
    "importId": "3141079563",
    "importIndex": 11,
    "integration": "ethereum",
    "operation": "Deposit",
    "timestamp": 1561476514000,
    "txId": "3141079563_1896154727",
    "wallet": "Spot",
  },
  {
    "_id": "3141079563_3814148493_0",
    "_rev": "1-b855ca485e7a4d7f19f70a1c8634bfd9",
    "assetId": "ethereum:0x0000000000000000000000000000000000000000:ETH",
    "change": "15",
    "changeN": 15,
    "importId": "3141079563",
    "importIndex": 10,
    "integration": "ethereum",
    "operation": "Deposit",
    "timestamp": 1557124288000,
    "txId": "3141079563_3814148493",
    "wallet": "Spot",
  },
  {
    "_id": "3141079563_1928301701_0",
    "_rev": "1-1d82547dadfe00918bc6591c40f9e527",
    "assetId": "ethereum:0x0000000000000000000000000000000000000000:ETH",
    "change": "47",
    "changeN": 47,
    "importId": "3141079563",
    "importIndex": 9,
    "integration": "ethereum",
    "operation": "Deposit",
    "timestamp": 1555248401000,
    "txId": "3141079563_1928301701",
    "wallet": "Spot",
  },
  {
    "_id": "3141079563_3896630359_0",
    "_rev": "1-e576d876af5a885a5f2639fe83f78d60",
    "assetId": "ethereum:0x0000000000000000000000000000000000000000:ETH",
    "change": "8",
    "changeN": 8,
    "importId": "3141079563",
    "importIndex": 8,
    "integration": "ethereum",
    "operation": "Deposit",
    "timestamp": 1554384344000,
    "txId": "3141079563_3896630359",
    "wallet": "Spot",
  },
  {
    "_id": "3141079563_243891229_0",
    "_rev": "1-de96b2cc1c5f86765d171bfd5d4e0610",
    "assetId": "ethereum:0x0000000000000000000000000000000000000000:ETH",
    "change": "8.431140288562880778",
    "changeN": 8.431140288562881,
    "importId": "3141079563",
    "importIndex": 7,
    "integration": "ethereum",
    "operation": "Deposit",
    "timestamp": 1551348739000,
    "txId": "3141079563_243891229",
    "wallet": "Spot",
  },
  {
    "_id": "3141079563_3073360767_0",
    "_rev": "1-f57522dbd989b5b4e40f5b1e9c7abfab",
    "assetId": "ethereum:0x0000000000000000000000000000000000000000:ETH",
    "change": "16.334745762711864406",
    "changeN": 16.334745762711865,
    "importId": "3141079563",
    "importIndex": 6,
    "integration": "ethereum",
    "operation": "Deposit",
    "timestamp": 1548167188000,
    "txId": "3141079563_3073360767",
    "wallet": "Spot",
  },
  {
    "_id": "3141079563_3397050967_0",
    "_rev": "1-97be2703ba252d096a225560ebdf42c4",
    "assetId": "ethereum:0x0000000000000000000000000000000000000000:ETH",
    "change": "17.469560614081524616",
    "changeN": 17.469560614081523,
    "importId": "3141079563",
    "importIndex": 5,
    "integration": "ethereum",
    "operation": "Deposit",
    "timestamp": 1544768911000,
    "txId": "3141079563_3397050967",
    "wallet": "Spot",
  },
  {
    "_id": "3141079563_1607605625_0",
    "_rev": "1-13c9ed91de77089450f0172d92d6d9c0",
    "assetId": "ethereum:0x0000000000000000000000000000000000000000:ETH",
    "change": "32.771535580524344569",
    "changeN": 32.77153558052434,
    "importId": "3141079563",
    "importIndex": 4,
    "integration": "ethereum",
    "operation": "Deposit",
    "timestamp": 1544056197000,
    "txId": "3141079563_1607605625",
    "wallet": "Spot",
  },
  {
    "_id": "3141079563_938024312_0",
    "_rev": "1-1ccbd01fc75e8e3a423878467c3b937c",
    "assetId": "ethereum:0x0000000000000000000000000000000000000000:ETH",
    "change": "2.36579733002873",
    "changeN": 2.36579733002873,
    "importId": "3141079563",
    "importIndex": 3,
    "integration": "ethereum",
    "operation": "Deposit",
    "timestamp": 1541615558000,
    "txId": "3141079563_938024312",
    "wallet": "Spot",
  },
  {
    "_id": "3141079563_163248186_0",
    "_rev": "1-1c8e4e90a25aa1efc8bec718ece0f3b1",
    "assetId": "ethereum:0x0000000000000000000000000000000000000000:ETH",
    "change": "2.282093550381207501",
    "changeN": 2.2820935503812074,
    "importId": "3141079563",
    "importIndex": 2,
    "integration": "ethereum",
    "operation": "Deposit",
    "timestamp": 1540041433000,
    "txId": "3141079563_163248186",
    "wallet": "Spot",
  },
  {
    "_id": "3141079563_1846052268_0",
    "_rev": "1-ebc2d6f406547683001f20a4fb8a4538",
    "assetId": "ethereum:0x0000000000000000000000000000000000000000:ETH",
    "change": "2.010353319595918983",
    "changeN": 2.010353319595919,
    "importId": "3141079563",
    "importIndex": 1,
    "integration": "ethereum",
    "operation": "Deposit",
    "timestamp": 1538333880000,
    "txId": "3141079563_1846052268",
    "wallet": "Spot",
  },
  {
    "_id": "3141079563_3537937561_0",
    "_rev": "1-819abaa091ce677a57ec3f3f1666e442",
    "assetId": "ethereum:0x0000000000000000000000000000000000000000:ETH",
    "change": "2.079696004929649789",
    "changeN": 2.07969600492965,
    "importId": "3141079563",
    "importIndex": 0,
    "integration": "ethereum",
    "operation": "Deposit",
    "timestamp": 1537989386000,
    "txId": "3141079563_3537937561",
    "wallet": "Spot",
  },
]