[
  {
    "_id": "1507334400000",
    "_rev": "1-355e0194158b66c1ec977d5264c38988",
    "ethereum:0x0000000000000000000000000000000000000000:ETH": "0.490039126",
    "timestamp": 1507334400000,
  },
  {
    "_id": "1507420800000",
    "_rev": "1-398b6a6940358600f095e8eca5b0da42",
    "ethereum:0x0000000000000000000000000000000000000000:ETH": "0.490039126",
    "timestamp": 1507420800000,
  },
  {
    "_id": "1507507200000",
    "_rev": "1-c8aaee374f6b707001444fbaa75fd6d6",
    "ethereum:0x0000000000000000000000000000000000000000:ETH": "0.490039126",
    "timestamp": 1507507200000,
  },
  {
    "_id": "1507593600000",
    "_rev": "1-b3bc610e3cfbbce03f521706a4655f45",
    "ethereum:0x0000000000000000000000000000000000000000:ETH": "0.490039126",
    "timestamp": 1507593600000,
  },
  {
    "_id": "1507680000000",
    "_rev": "1-e4026ed4210e706c2dc3c961785e2bdb",
    "ethereum:0x0000000000000000000000000000000000000000:ETH": "0.490039126",
    "timestamp": 1507680000000,
  },
  {
    "_id": "1507766400000",
    "_rev": "1-937bcc1bfd4f08fd4c58dd7ef63a8289",
    "ethereum:0x0000000000000000000000000000000000000000:ETH": "0.490039126",
    "timestamp": 1507766400000,
  },
  {
    "_id": "1507852800000",
    "_rev": "1-90b439b9644747cd259f093cb5faa866",
    "ethereum:0x0000000000000000000000000000000000000000:ETH": "0.490039126",
    "timestamp": 1507852800000,
  },
  {
    "_id": "1507939200000",
    "_rev": "1-fff2945ae00cf1f3162ecd938401517d",
    "ethereum:0x0000000000000000000000000000000000000000:ETH": "0.490039126",
    "timestamp": 1507939200000,
  },
  {
    "_id": "1508025600000",
    "_rev": "1-d0a346a4009b53a3a0627abb6a7980d8",
    "ethereum:0x0000000000000000000000000000000000000000:ETH": "0.490039126",
    "timestamp": 1508025600000,
  },
  {
    "_id": "1508112000000",
    "_rev": "1-69d4ec5abcc9c8c1abc40df49c1518a8",
    "ethereum:0x0000000000000000000000000000000000000000:ETH": "0.490039126",
    "timestamp": 1508112000000,
  },
  {
    "_id": "1508198400000",
    "_rev": "1-835200512bc92341b46744b7d6f30a2e",
    "ethereum:0x0000000000000000000000000000000000000000:ETH": "0.490039126",
    "timestamp": 1508198400000,
  },
  {
    "_id": "1508284800000",
    "_rev": "1-a8cf3cff6ce61a5331e967077b24389a",
    "ethereum:0x0000000000000000000000000000000000000000:ETH": "0.490039126",
    "timestamp": 1508284800000,
  },
  {
    "_id": "1508371200000",
    "_rev": "1-e85cd277f6fbd99f75155f8b2e0058aa",
    "ethereum:0x0000000000000000000000000000000000000000:ETH": "0.490039126",
    "timestamp": 1508371200000,
  },
  {
    "_id": "1508457600000",
    "_rev": "1-b1767b44fdbc499583773964116d53d9",
    "ethereum:0x0000000000000000000000000000000000000000:ETH": "0.490039126",
    "timestamp": 1508457600000,
  },
  {
    "_id": "1508544000000",
    "_rev": "1-900fd2a74dbd0b2cb9d3c85373c69b9b",
    "ethereum:0x0000000000000000000000000000000000000000:ETH": "0.490039126",
    "timestamp": 1508544000000,
  },
  {
    "_id": "1508630400000",
    "_rev": "1-57d13cf670525894250efcf5224bb958",
    "ethereum:0x0000000000000000000000000000000000000000:ETH": "0.490039126",
    "timestamp": 1508630400000,
  },
  {
    "_id": "1508716800000",
    "_rev": "1-2273b4a190e30866000f76854d39742e",
    "ethereum:0x0000000000000000000000000000000000000000:ETH": "0.490039126",
    "timestamp": 1508716800000,
  },
  {
    "_id": "1508803200000",
    "_rev": "1-87a22a2626525f43b892d9452d03808d",
    "ethereum:0x0000000000000000000000000000000000000000:ETH": "0.490039126",
    "timestamp": 1508803200000,
  },
  {
    "_id": "1508889600000",
    "_rev": "1-8b8deb910d5e12b13eca91002c0ae029",
    "ethereum:0x0000000000000000000000000000000000000000:ETH": "0.490039126",
    "timestamp": 1508889600000,
  },
  {
    "_id": "1508976000000",
    "_rev": "1-d63c49383e21471aad07e7fa275b018d",
    "ethereum:0x0000000000000000000000000000000000000000:ETH": "0.490039126",
    "timestamp": 1508976000000,
  },
  {
    "_id": "1509062400000",
    "_rev": "1-a3712db7303837bfa4516be124fb5f26",
    "ethereum:0x0000000000000000000000000000000000000000:ETH": "0.490039126",
    "timestamp": 1509062400000,
  },
  {
    "_id": "1509148800000",
    "_rev": "1-2258d3581bef5fb84f40a9ad14082e6e",
    "ethereum:0x0000000000000000000000000000000000000000:ETH": "0.459434358",
    "timestamp": 1509148800000,
  },
  {
    "_id": "1509235200000",
    "_rev": "1-64c9b1893619ea56fa8c0f0e8d14cf2b",
    "ethereum:0x0000000000000000000000000000000000000000:ETH": "0.459434358",
    "timestamp": 1509235200000,
  },
  {
    "_id": "1509321600000",
    "_rev": "1-e799529c9ef3344262028ef2c6737fa0",
    "ethereum:0x0000000000000000000000000000000000000000:ETH": "0.459434358",
    "timestamp": 1509321600000,
  },
  {
    "_id": "1509408000000",
    "_rev": "1-6ac76c29e3bc0c288736f8e42c0056fb",
    "ethereum:0x0000000000000000000000000000000000000000:ETH": "0.459434358",
    "timestamp": 1509408000000,
  },
  {
    "_id": "1509494400000",
    "_rev": "1-e8f3ee99a45fd79d6ce8abfa3d729916",
    "ethereum:0x0000000000000000000000000000000000000000:ETH": "0.459434358",
    "timestamp": 1509494400000,
  },
  {
    "_id": "1509580800000",
    "_rev": "1-ba8951c511f0533c00fb67cf644ed1a1",
    "ethereum:0x0000000000000000000000000000000000000000:ETH": "0.459434358",
    "timestamp": 1509580800000,
  },
  {
    "_id": "1509667200000",
    "_rev": "1-81e937b9e76ad792b5b1f5a640456f7b",
    "ethereum:0x0000000000000000000000000000000000000000:ETH": "0.459434358",
    "timestamp": 1509667200000,
  },
  {
    "_id": "1509753600000",
    "_rev": "1-512b97853ba55868bd6a435e90165550",
    "ethereum:0x0000000000000000000000000000000000000000:ETH": "0.452065638",
    "timestamp": 1509753600000,
  },
  {
    "_id": "1509840000000",
    "_rev": "1-893556862755bbbe0fa1e60428fad933",
    "ethereum:0x0000000000000000000000000000000000000000:ETH": "0.452065638",
    "timestamp": 1509840000000,
  },
  {
    "_id": "1509926400000",
    "_rev": "1-63455569392acf7a3c25f5eaa27619c8",
    "ethereum:0x0000000000000000000000000000000000000000:ETH": "0.452065638",
    "timestamp": 1509926400000,
  },
  {
    "_id": "1510012800000",
    "_rev": "1-c115cbd7703f670004a7b3963b5cdb46",
    "ethereum:0x0000000000000000000000000000000000000000:ETH": "0.450443318",
    "timestamp": 1510012800000,
  },
  {
    "_id": "1510099200000",
    "_rev": "1-9aaca107886106340d743febcbfecf94",
    "ethereum:0x0000000000000000000000000000000000000000:ETH": "0.450443318",
    "timestamp": 1510099200000,
  },
  {
    "_id": "1510185600000",
    "_rev": "1-1e41137ff3d96517f47479c0c2e23947",
    "ethereum:0x0000000000000000000000000000000000000000:ETH": "0.450443318",
    "timestamp": 1510185600000,
  },
  {
    "_id": "1510272000000",
    "_rev": "1-d7309911d20026bed554f31ee6932084",
    "ethereum:0x0000000000000000000000000000000000000000:ETH": "0.450443318",
    "timestamp": 1510272000000,
  },
  {
    "_id": "1510358400000",
    "_rev": "1-4ea98193e10ffe85eb76b708d035ad73",
    "ethereum:0x0000000000000000000000000000000000000000:ETH": "0.450443318",
    "timestamp": 1510358400000,
  },
  {
    "_id": "1510444800000",
    "_rev": "1-fe9e00a83a4bb21b654a608209ee3471",
    "ethereum:0x0000000000000000000000000000000000000000:ETH": "0.450443318",
    "timestamp": 1510444800000,
  },
  {
    "_id": "1510531200000",
    "_rev": "1-0ef352430d2c6b88f8c04fb0e836f519",
    "ethereum:0x0000000000000000000000000000000000000000:ETH": "0.450443318",
    "timestamp": 1510531200000,
  },
  {
    "_id": "1510617600000",
    "_rev": "1-e8ec3fe15db4a6dc5d63cd6ba9174f05",
    "ethereum:0x0000000000000000000000000000000000000000:ETH": "0.450443318",
    "timestamp": 1510617600000,
  },
  {
    "_id": "1510704000000",
    "_rev": "1-1b61d81d2d56a2bffb0c032d8cc03daf",
    "ethereum:0x0000000000000000000000000000000000000000:ETH": "0.450443318",
    "timestamp": 1510704000000,
  },
  {
    "_id": "1510790400000",
    "_rev": "1-4c0c3d65cda1cd32320f85054bc964f5",
    "ethereum:0x0000000000000000000000000000000000000000:ETH": "0.450443318",
    "timestamp": 1510790400000,
  },
  {
    "_id": "1510876800000",
    "_rev": "1-4cc21fa839e1eb75d40ac2fc9b6c67c8",
    "ethereum:0x0000000000000000000000000000000000000000:ETH": "0.450443318",
    "timestamp": 1510876800000,
  },
  {
    "_id": "1510963200000",
    "_rev": "1-a524ff1cf57df97fbdfadb25abca98cf",
    "ethereum:0x0000000000000000000000000000000000000000:ETH": "0.450443318",
    "timestamp": 1510963200000,
  },
  {
    "_id": "1511049600000",
    "_rev": "1-8a4ce408474f1d72064f736c326eb830",
    "ethereum:0x0000000000000000000000000000000000000000:ETH": "0.450443318",
    "timestamp": 1511049600000,
  },
  {
    "_id": "1511136000000",
    "_rev": "1-525d76fdf9dd31471185e26bcdd2c0cf",
    "ethereum:0x0000000000000000000000000000000000000000:ETH": "0.450443318",
    "timestamp": 1511136000000,
  },
  {
    "_id": "1511222400000",
    "_rev": "1-be3ea9e0059734a7d3854ddd27dd72f4",
    "ethereum:0x0000000000000000000000000000000000000000:ETH": "0.450443318",
    "ethereum:0x519475b31653e46d20cd09f9fdcf3b12bdacb4f5:VIU": "9.04131276",
    "timestamp": 1511222400000,
  },
  {
    "_id": "1511308800000",
    "_rev": "1-3556fef5041897f3e6fdc1e38743d88b",
    "ethereum:0x0000000000000000000000000000000000000000:ETH": "0.450443318",
    "ethereum:0x519475b31653e46d20cd09f9fdcf3b12bdacb4f5:VIU": "9.04131276",
    "timestamp": 1511308800000,
  },
  {
    "_id": "1511395200000",
    "_rev": "1-e00790ec8489aa0d07c0263889653f00",
    "ethereum:0x0000000000000000000000000000000000000000:ETH": "0.450443318",
    "ethereum:0x519475b31653e46d20cd09f9fdcf3b12bdacb4f5:VIU": "9.04131276",
    "timestamp": 1511395200000,
  },
  {
    "_id": "1511481600000",
    "_rev": "1-ffc687e9d9e104463ca1990d03e759f9",
    "ethereum:0x0000000000000000000000000000000000000000:ETH": "0.450443318",
    "ethereum:0x519475b31653e46d20cd09f9fdcf3b12bdacb4f5:VIU": "9.04131276",
    "timestamp": 1511481600000,
  },
  {
    "_id": "1511568000000",
    "_rev": "1-97f34f3a7ed05e217d18c8017af25e21",
    "ethereum:0x0000000000000000000000000000000000000000:ETH": "0.450443318",
    "ethereum:0x519475b31653e46d20cd09f9fdcf3b12bdacb4f5:VIU": "9.04131276",
    "timestamp": 1511568000000,
  },
  {
    "_id": "1511654400000",
    "_rev": "1-ebefebef3ff4d988d95be0b618a9736a",
    "ethereum:0x0000000000000000000000000000000000000000:ETH": "0.450443318",
    "ethereum:0x519475b31653e46d20cd09f9fdcf3b12bdacb4f5:VIU": "9.04131276",
    "timestamp": 1511654400000,
  },
  {
    "_id": "1511740800000",
    "_rev": "1-0fdedad4f9e59d27c9662ad8316c3190",
    "ethereum:0x0000000000000000000000000000000000000000:ETH": "0.450443318",
    "ethereum:0x519475b31653e46d20cd09f9fdcf3b12bdacb4f5:VIU": "9.04131276",
    "ethereum:0x52903256dd18d85c2dc4a6c999907c9793ea61e3:INSP": "777",
    "timestamp": 1511740800000,
  },
  {
    "_id": "1511827200000",
    "_rev": "1-13b03f98ac71b2648754721882f1dd8e",
    "ethereum:0x0000000000000000000000000000000000000000:ETH": "0.450443318",
    "ethereum:0x519475b31653e46d20cd09f9fdcf3b12bdacb4f5:VIU": "9.04131276",
    "ethereum:0x52903256dd18d85c2dc4a6c999907c9793ea61e3:INSP": "777",
    "timestamp": 1511827200000,
  },
  {
    "_id": "1511913600000",
    "_rev": "1-ea03109d06ff7aeb27fed84cec044006",
    "ethereum:0x0000000000000000000000000000000000000000:ETH": "0.450443318",
    "ethereum:0x519475b31653e46d20cd09f9fdcf3b12bdacb4f5:VIU": "9.04131276",
    "ethereum:0x52903256dd18d85c2dc4a6c999907c9793ea61e3:INSP": "777",
    "timestamp": 1511913600000,
  },
  {
    "_id": "1512000000000",
    "_rev": "1-0434fce02f1404ae29ea7059f9991504",
    "ethereum:0x0000000000000000000000000000000000000000:ETH": "0.450443318",
    "ethereum:0x519475b31653e46d20cd09f9fdcf3b12bdacb4f5:VIU": "9.04131276",
    "ethereum:0x52903256dd18d85c2dc4a6c999907c9793ea61e3:INSP": "777",
    "timestamp": 1512000000000,
  },
  {
    "_id": "1512086400000",
    "_rev": "1-a81c1808713432187096c23d0128a360",
    "ethereum:0x0000000000000000000000000000000000000000:ETH": "0.450443318",
    "ethereum:0x519475b31653e46d20cd09f9fdcf3b12bdacb4f5:VIU": "9.04131276",
    "ethereum:0x52903256dd18d85c2dc4a6c999907c9793ea61e3:INSP": "777",
    "timestamp": 1512086400000,
  },
  {
    "_id": "1512172800000",
    "_rev": "1-6e518534eeeb9bd35540ae14aba332af",
    "ethereum:0x0000000000000000000000000000000000000000:ETH": "0.450443318",
    "ethereum:0x519475b31653e46d20cd09f9fdcf3b12bdacb4f5:VIU": "9.04131276",
    "ethereum:0x52903256dd18d85c2dc4a6c999907c9793ea61e3:INSP": "777",
    "timestamp": 1512172800000,
  },
  {
    "_id": "1512259200000",
    "_rev": "1-357ab5ccdf32b164abef07dd78e368ed",
    "ethereum:0x0000000000000000000000000000000000000000:ETH": "0.450443318",
    "ethereum:0x519475b31653e46d20cd09f9fdcf3b12bdacb4f5:VIU": "9.04131276",
    "ethereum:0x52903256dd18d85c2dc4a6c999907c9793ea61e3:INSP": "777",
    "timestamp": 1512259200000,
  },
  {
    "_id": "1512345600000",
    "_rev": "1-509232043dec1883f89e3b5102db0f00",
    "ethereum:0x0000000000000000000000000000000000000000:ETH": "0.449980318",
    "ethereum:0x519475b31653e46d20cd09f9fdcf3b12bdacb4f5:VIU": "9.04131276",
    "ethereum:0x52903256dd18d85c2dc4a6c999907c9793ea61e3:INSP": "777",
    "timestamp": 1512345600000,
  },
  {
    "_id": "1512432000000",
    "_rev": "1-f01a5219f7d1d59f39af2c7f20402a9f",
    "ethereum:0x0000000000000000000000000000000000000000:ETH": "0.449980318",
    "ethereum:0x519475b31653e46d20cd09f9fdcf3b12bdacb4f5:VIU": "9.04131276",
    "ethereum:0x52903256dd18d85c2dc4a6c999907c9793ea61e3:INSP": "777",
    "timestamp": 1512432000000,
  },
  {
    "_id": "1512518400000",
    "_rev": "1-654da2fedbf48a65121afb8afe5302d9",
    "ethereum:0x0000000000000000000000000000000000000000:ETH": "0.449980318",
    "ethereum:0x519475b31653e46d20cd09f9fdcf3b12bdacb4f5:VIU": "9.04131276",
    "ethereum:0x52903256dd18d85c2dc4a6c999907c9793ea61e3:INSP": "777",
    "timestamp": 1512518400000,
  },
  {
    "_id": "1512604800000",
    "_rev": "1-e6e8705b270734f57cc432799e91f719",
    "ethereum:0x0000000000000000000000000000000000000000:ETH": "0.449980318",
    "ethereum:0x519475b31653e46d20cd09f9fdcf3b12bdacb4f5:VIU": "9.04131276",
    "ethereum:0x52903256dd18d85c2dc4a6c999907c9793ea61e3:INSP": "777",
    "timestamp": 1512604800000,
  },
  {
    "_id": "1512691200000",
    "_rev": "1-1a322eca7322d7190ea82031257981a8",
    "ethereum:0x0000000000000000000000000000000000000000:ETH": "0.449980318",
    "ethereum:0x519475b31653e46d20cd09f9fdcf3b12bdacb4f5:VIU": "9.04131276",
    "ethereum:0x52903256dd18d85c2dc4a6c999907c9793ea61e3:INSP": "777",
    "timestamp": 1512691200000,
  },
  {
    "_id": "1512777600000",
    "_rev": "1-d3ec3afdcc1b7c64e4a3123a6f1e6a4e",
    "ethereum:0x0000000000000000000000000000000000000000:ETH": "0.449980318",
    "ethereum:0x519475b31653e46d20cd09f9fdcf3b12bdacb4f5:VIU": "9.04131276",
    "ethereum:0x52903256dd18d85c2dc4a6c999907c9793ea61e3:INSP": "777",
    "timestamp": 1512777600000,
  },
  {
    "_id": "1512864000000",
    "_rev": "1-cb5dd4c92ce9820c4bcf62afeab6ae3f",
    "ethereum:0x0000000000000000000000000000000000000000:ETH": "0.449980318",
    "ethereum:0x519475b31653e46d20cd09f9fdcf3b12bdacb4f5:VIU": "9.04131276",
    "ethereum:0x52903256dd18d85c2dc4a6c999907c9793ea61e3:INSP": "777",
    "timestamp": 1512864000000,
  },
  {
    "_id": "1512950400000",
    "_rev": "1-824d10fc88c19aaea357b288e9015c99",
    "ethereum:0x0000000000000000000000000000000000000000:ETH": "0.449980318",
    "ethereum:0x519475b31653e46d20cd09f9fdcf3b12bdacb4f5:VIU": "9.04131276",
    "ethereum:0x52903256dd18d85c2dc4a6c999907c9793ea61e3:INSP": "777",
    "timestamp": 1512950400000,
  },
  {
    "_id": "1513036800000",
    "_rev": "1-91fd96b579dae603934bb4dc6a2c9b8d",
    "ethereum:0x0000000000000000000000000000000000000000:ETH": "0.449980318",
    "ethereum:0x519475b31653e46d20cd09f9fdcf3b12bdacb4f5:VIU": "9.04131276",
    "ethereum:0x52903256dd18d85c2dc4a6c999907c9793ea61e3:INSP": "777",
    "timestamp": 1513036800000,
  },
  {
    "_id": "1513123200000",
    "_rev": "1-d36cd1ed9cc501726995e8496ad5beb8",
    "ethereum:0x0000000000000000000000000000000000000000:ETH": "0.449980318",
    "ethereum:0x519475b31653e46d20cd09f9fdcf3b12bdacb4f5:VIU": "9.04131276",
    "ethereum:0x52903256dd18d85c2dc4a6c999907c9793ea61e3:INSP": "777",
    "timestamp": 1513123200000,
  },
  {
    "_id": "1513209600000",
    "_rev": "1-09e50fedaad35558d7a55d16d437994e",
    "ethereum:0x0000000000000000000000000000000000000000:ETH": "0.449980318",
    "ethereum:0x519475b31653e46d20cd09f9fdcf3b12bdacb4f5:VIU": "9.04131276",
    "ethereum:0x52903256dd18d85c2dc4a6c999907c9793ea61e3:INSP": "777",
    "timestamp": 1513209600000,
  },
  {
    "_id": "1513296000000",
    "_rev": "1-be2ceda10f72acc93070dd870beecccc",
    "ethereum:0x0000000000000000000000000000000000000000:ETH": "0.449980318",
    "ethereum:0x519475b31653e46d20cd09f9fdcf3b12bdacb4f5:VIU": "9.04131276",
    "ethereum:0x52903256dd18d85c2dc4a6c999907c9793ea61e3:INSP": "777",
    "timestamp": 1513296000000,
  },
  {
    "_id": "1513382400000",
    "_rev": "1-1d1bc47c1cecc8db4944d833b48e252b",
    "ethereum:0x0000000000000000000000000000000000000000:ETH": "0.449980318",
    "ethereum:0x519475b31653e46d20cd09f9fdcf3b12bdacb4f5:VIU": "9.04131276",
    "ethereum:0x52903256dd18d85c2dc4a6c999907c9793ea61e3:INSP": "777",
    "timestamp": 1513382400000,
  },
  {
    "_id": "1513468800000",
    "_rev": "1-52d182684d4b5e6cb009153d823ec36f",
    "ethereum:0x0000000000000000000000000000000000000000:ETH": "0.449980318",
    "ethereum:0x519475b31653e46d20cd09f9fdcf3b12bdacb4f5:VIU": "9.04131276",
    "ethereum:0x52903256dd18d85c2dc4a6c999907c9793ea61e3:INSP": "777",
    "timestamp": 1513468800000,
  },
  {
    "_id": "1513555200000",
    "_rev": "1-efd0e824a2c53490987d5b457fc7d82a",
    "ethereum:0x0000000000000000000000000000000000000000:ETH": "0.449980318",
    "ethereum:0x519475b31653e46d20cd09f9fdcf3b12bdacb4f5:VIU": "9.04131276",
    "ethereum:0x52903256dd18d85c2dc4a6c999907c9793ea61e3:INSP": "777",
    "timestamp": 1513555200000,
  },
  {
    "_id": "1513641600000",
    "_rev": "1-885c108a9a85aad2321a4e59f88341dd",
    "ethereum:0x0000000000000000000000000000000000000000:ETH": "0.449980318",
    "ethereum:0x519475b31653e46d20cd09f9fdcf3b12bdacb4f5:VIU": "9.04131276",
    "ethereum:0x52903256dd18d85c2dc4a6c999907c9793ea61e3:INSP": "777",
    "timestamp": 1513641600000,
  },
  {
    "_id": "1513728000000",
    "_rev": "1-547f33f3f13d9f9e43eff9670f83365a",
    "ethereum:0x0000000000000000000000000000000000000000:ETH": "0.449980318",
    "ethereum:0x519475b31653e46d20cd09f9fdcf3b12bdacb4f5:VIU": "9.04131276",
    "ethereum:0x52903256dd18d85c2dc4a6c999907c9793ea61e3:INSP": "777",
    "timestamp": 1513728000000,
  },
  {
    "_id": "1513814400000",
    "_rev": "1-98c6e1a698a18493285d08658c505fb2",
    "ethereum:0x0000000000000000000000000000000000000000:ETH": "0.449980318",
    "ethereum:0x519475b31653e46d20cd09f9fdcf3b12bdacb4f5:VIU": "9.04131276",
    "ethereum:0x52903256dd18d85c2dc4a6c999907c9793ea61e3:INSP": "777",
    "timestamp": 1513814400000,
  },
  {
    "_id": "1513900800000",
    "_rev": "1-28673ff350576268e278e8ba3a7a1210",
    "ethereum:0x0000000000000000000000000000000000000000:ETH": "0.449980318",
    "ethereum:0x519475b31653e46d20cd09f9fdcf3b12bdacb4f5:VIU": "9.04131276",
    "ethereum:0x52903256dd18d85c2dc4a6c999907c9793ea61e3:INSP": "777",
    "timestamp": 1513900800000,
  },
  {
    "_id": "1513987200000",
    "_rev": "1-4999a8ba962692a8bf422373a18d28c2",
    "ethereum:0x0000000000000000000000000000000000000000:ETH": "0.449980318",
    "ethereum:0x519475b31653e46d20cd09f9fdcf3b12bdacb4f5:VIU": "9.04131276",
    "ethereum:0x52903256dd18d85c2dc4a6c999907c9793ea61e3:INSP": "777",
    "timestamp": 1513987200000,
  },
  {
    "_id": "1514073600000",
    "_rev": "1-29c3edb2f3287e3d7a4a17d44a5f2f98",
    "ethereum:0x0000000000000000000000000000000000000000:ETH": "0.449980318",
    "ethereum:0x519475b31653e46d20cd09f9fdcf3b12bdacb4f5:VIU": "9.04131276",
    "ethereum:0x52903256dd18d85c2dc4a6c999907c9793ea61e3:INSP": "777",
    "timestamp": 1514073600000,
  },
  {
    "_id": "1514160000000",
    "_rev": "1-f9096407b23a4105b4d7ff8efff01ba5",
    "ethereum:0x0000000000000000000000000000000000000000:ETH": "0.449980318",
    "ethereum:0x519475b31653e46d20cd09f9fdcf3b12bdacb4f5:VIU": "9.04131276",
    "ethereum:0x52903256dd18d85c2dc4a6c999907c9793ea61e3:INSP": "777",
    "timestamp": 1514160000000,
  },
  {
    "_id": "1514246400000",
    "_rev": "1-cae67cd89df3c11b8eb8c6244e081562",
    "ethereum:0x0000000000000000000000000000000000000000:ETH": "0.449980318",
    "ethereum:0x519475b31653e46d20cd09f9fdcf3b12bdacb4f5:VIU": "9.04131276",
    "ethereum:0x52903256dd18d85c2dc4a6c999907c9793ea61e3:INSP": "777",
    "timestamp": 1514246400000,
  },
  {
    "_id": "1514332800000",
    "_rev": "1-9efd9a22b4f262361f1245c9a1fee2e6",
    "ethereum:0x0000000000000000000000000000000000000000:ETH": "0.449980318",
    "ethereum:0x519475b31653e46d20cd09f9fdcf3b12bdacb4f5:VIU": "9.04131276",
    "ethereum:0x52903256dd18d85c2dc4a6c999907c9793ea61e3:INSP": "777",
    "timestamp": 1514332800000,
  },
  {
    "_id": "1514419200000",
    "_rev": "1-11453ed135b1e7604ff73b49ae03746c",
    "ethereum:0x0000000000000000000000000000000000000000:ETH": "0.449980318",
    "ethereum:0x519475b31653e46d20cd09f9fdcf3b12bdacb4f5:VIU": "9.04131276",
    "ethereum:0x52903256dd18d85c2dc4a6c999907c9793ea61e3:INSP": "777",
    "timestamp": 1514419200000,
  },
  {
    "_id": "1514505600000",
    "_rev": "1-afe77fec22d62d915fbe845fa118ee69",
    "ethereum:0x0000000000000000000000000000000000000000:ETH": "0.449980318",
    "ethereum:0x519475b31653e46d20cd09f9fdcf3b12bdacb4f5:VIU": "9.04131276",
    "ethereum:0x52903256dd18d85c2dc4a6c999907c9793ea61e3:INSP": "777",
    "timestamp": 1514505600000,
  },
  {
    "_id": "1514592000000",
    "_rev": "1-456e98004755d052add11f3bdcc09f85",
    "ethereum:0x0000000000000000000000000000000000000000:ETH": "0.449980318",
    "ethereum:0x519475b31653e46d20cd09f9fdcf3b12bdacb4f5:VIU": "9.04131276",
    "ethereum:0x52903256dd18d85c2dc4a6c999907c9793ea61e3:INSP": "777",
    "timestamp": 1514592000000,
  },
  {
    "_id": "1514678400000",
    "_rev": "1-3068be62c84d9bc3d2679e4b3ff2ec1d",
    "ethereum:0x0000000000000000000000000000000000000000:ETH": "0.449980318",
    "ethereum:0x519475b31653e46d20cd09f9fdcf3b12bdacb4f5:VIU": "9.04131276",
    "ethereum:0x52903256dd18d85c2dc4a6c999907c9793ea61e3:INSP": "777",
    "timestamp": 1514678400000,
  },
  {
    "_id": "1514764800000",
    "_rev": "1-1e720818e450ec5dc9180a42f4befe38",
    "ethereum:0x0000000000000000000000000000000000000000:ETH": "0.449980318",
    "ethereum:0x519475b31653e46d20cd09f9fdcf3b12bdacb4f5:VIU": "9.04131276",
    "ethereum:0x52903256dd18d85c2dc4a6c999907c9793ea61e3:INSP": "777",
    "timestamp": 1514764800000,
  },
  {
    "_id": "1514851200000",
    "_rev": "1-8e7ad25b066382a68d74e71bc5571548",
    "ethereum:0x0000000000000000000000000000000000000000:ETH": "0.449980318",
    "ethereum:0x519475b31653e46d20cd09f9fdcf3b12bdacb4f5:VIU": "9.04131276",
    "ethereum:0x52903256dd18d85c2dc4a6c999907c9793ea61e3:INSP": "777",
    "timestamp": 1514851200000,
  },
  {
    "_id": "1514937600000",
    "_rev": "1-55323291a80e62acdc2968e320bf01b0",
    "ethereum:0x0000000000000000000000000000000000000000:ETH": "0.449980318",
    "ethereum:0x519475b31653e46d20cd09f9fdcf3b12bdacb4f5:VIU": "9.04131276",
    "ethereum:0x52903256dd18d85c2dc4a6c999907c9793ea61e3:INSP": "777",
    "timestamp": 1514937600000,
  },
  {
    "_id": "1515024000000",
    "_rev": "1-e489133a5f6fa1f1e1fbf9a4e65fb18f",
    "ethereum:0x0000000000000000000000000000000000000000:ETH": "0.449980318",
    "ethereum:0x519475b31653e46d20cd09f9fdcf3b12bdacb4f5:VIU": "9.04131276",
    "ethereum:0x52903256dd18d85c2dc4a6c999907c9793ea61e3:INSP": "777",
    "timestamp": 1515024000000,
  },
  {
    "_id": "1515110400000",
    "_rev": "1-6ece441e3cb301317e4f4b6f0d462b54",
    "ethereum:0x0000000000000000000000000000000000000000:ETH": "0.449980318",
    "ethereum:0x519475b31653e46d20cd09f9fdcf3b12bdacb4f5:VIU": "9.04131276",
    "ethereum:0x52903256dd18d85c2dc4a6c999907c9793ea61e3:INSP": "777",
    "timestamp": 1515110400000,
  },
  {
    "_id": "1515196800000",
    "_rev": "1-a974d79aa7a07610e434e052956abdbe",
    "ethereum:0x0000000000000000000000000000000000000000:ETH": "0.448115938",
    "ethereum:0x519475b31653e46d20cd09f9fdcf3b12bdacb4f5:VIU": "9.04131276",
    "ethereum:0x52903256dd18d85c2dc4a6c999907c9793ea61e3:INSP": "777",
    "timestamp": 1515196800000,
  },
  {
    "_id": "1515283200000",
    "_rev": "1-d6a779d20102d46913850e17da20f3d1",
    "ethereum:0x0000000000000000000000000000000000000000:ETH": "0.639719738",
    "ethereum:0x0abdace70d3790235af448c88547603b945604ea:DNT": "939",
    "ethereum:0x0f5d2fb29fb7d3cfee444a200298f468908cc942:MANA": "3067.671",
    "ethereum:0x519475b31653e46d20cd09f9fdcf3b12bdacb4f5:VIU": "9.04131276",
    "ethereum:0x52903256dd18d85c2dc4a6c999907c9793ea61e3:INSP": "777",
    "timestamp": 1515283200000,
  },
  {
    "_id": "1515369600000",
    "_rev": "1-74084dfe6a9cbbabc27e34fa2b87b526",
    "ethereum:0x0000000000000000000000000000000000000000:ETH": "0.639244258",
    "ethereum:0x0abdace70d3790235af448c88547603b945604ea:DNT": "939",
    "ethereum:0x0f5d2fb29fb7d3cfee444a200298f468908cc942:MANA": "3067.671",
    "ethereum:0x42d6622dece394b54999fbd73d108123806f6a18:SPANK": "1100",
    "ethereum:0x519475b31653e46d20cd09f9fdcf3b12bdacb4f5:VIU": "9.04131276",
    "ethereum:0x52903256dd18d85c2dc4a6c999907c9793ea61e3:INSP": "777",
    "timestamp": 1515369600000,
  },
  {
    "_id": "1515456000000",
    "_rev": "1-1849cd566a4cb014706e644a3a858cd6",
    "ethereum:0x0000000000000000000000000000000000000000:ETH": "0.639244258",
    "ethereum:0x0abdace70d3790235af448c88547603b945604ea:DNT": "939",
    "ethereum:0x0f5d2fb29fb7d3cfee444a200298f468908cc942:MANA": "3067.671",
    "ethereum:0x42d6622dece394b54999fbd73d108123806f6a18:SPANK": "1100",
    "ethereum:0x519475b31653e46d20cd09f9fdcf3b12bdacb4f5:VIU": "9.04131276",
    "ethereum:0x52903256dd18d85c2dc4a6c999907c9793ea61e3:INSP": "777",
    "timestamp": 1515456000000,
  },
  {
    "_id": "1515542400000",
    "_rev": "1-1d76e09f4147c245fad37b61110a944b",
    "ethereum:0x0000000000000000000000000000000000000000:ETH": "0.639244258",
    "ethereum:0x0abdace70d3790235af448c88547603b945604ea:DNT": "939",
    "ethereum:0x0f5d2fb29fb7d3cfee444a200298f468908cc942:MANA": "3067.671",
    "ethereum:0x42d6622dece394b54999fbd73d108123806f6a18:SPANK": "1100",
    "ethereum:0x519475b31653e46d20cd09f9fdcf3b12bdacb4f5:VIU": "9.04131276",
    "ethereum:0x52903256dd18d85c2dc4a6c999907c9793ea61e3:INSP": "777",
    "timestamp": 1515542400000,
  },
  {
    "_id": "1515628800000",
    "_rev": "1-2bcdb136ede684f3f47d28ff808e09c3",
    "ethereum:0x0000000000000000000000000000000000000000:ETH": "0.639244258",
    "ethereum:0x0abdace70d3790235af448c88547603b945604ea:DNT": "939",
    "ethereum:0x0f5d2fb29fb7d3cfee444a200298f468908cc942:MANA": "3067.671",
    "ethereum:0x42d6622dece394b54999fbd73d108123806f6a18:SPANK": "1100",
    "ethereum:0x519475b31653e46d20cd09f9fdcf3b12bdacb4f5:VIU": "9.04131276",
    "ethereum:0x52903256dd18d85c2dc4a6c999907c9793ea61e3:INSP": "777",
    "timestamp": 1515628800000,
  },
  {
    "_id": "1515715200000",
    "_rev": "1-7a821eadc5e0e1894a63d0cc7da9bf70",
    "ethereum:0x0000000000000000000000000000000000000000:ETH": "0.038949328",
    "ethereum:0x0abdace70d3790235af448c88547603b945604ea:DNT": "939",
    "ethereum:0x0f5d2fb29fb7d3cfee444a200298f468908cc942:MANA": "3067.671",
    "ethereum:0x42d6622dece394b54999fbd73d108123806f6a18:SPANK": "1100",
    "ethereum:0x519475b31653e46d20cd09f9fdcf3b12bdacb4f5:VIU": "9.04131276",
    "ethereum:0x52903256dd18d85c2dc4a6c999907c9793ea61e3:INSP": "777",
    "timestamp": 1515715200000,
  },
  {
    "_id": "1515801600000",
    "_rev": "1-cfd50c84350ae721a4e7feda09d8375d",
    "ethereum:0x0000000000000000000000000000000000000000:ETH": "0.038321018",
    "ethereum:0x0abdace70d3790235af448c88547603b945604ea:DNT": "1910",
    "ethereum:0x0f5d2fb29fb7d3cfee444a200298f468908cc942:MANA": "3067.671",
    "ethereum:0x42d6622dece394b54999fbd73d108123806f6a18:SPANK": "2500",
    "ethereum:0x519475b31653e46d20cd09f9fdcf3b12bdacb4f5:VIU": "9.04131276",
    "ethereum:0x52903256dd18d85c2dc4a6c999907c9793ea61e3:INSP": "777",
    "ethereum:0x960b236a07cf122663c4303350609a66a7b288c0:ANT": "114.01553139",
    "ethereum:0xa74476443119a942de498590fe1f2454d7d4ac0d:GNT": "441",
    "ethereum:0xb9e7f8568e08d5659f5d29c4997173d84cdf2607:SWT": "98.2",
    "timestamp": 1515801600000,
  },
  {
    "_id": "1515888000000",
    "_rev": "1-f0946600141f47a39723532b803c5063",
    "ethereum:0x0000000000000000000000000000000000000000:ETH": "0.038321018",
    "ethereum:0x0abdace70d3790235af448c88547603b945604ea:DNT": "1910",
    "ethereum:0x0f5d2fb29fb7d3cfee444a200298f468908cc942:MANA": "3067.671",
    "ethereum:0x42d6622dece394b54999fbd73d108123806f6a18:SPANK": "2500",
    "ethereum:0x519475b31653e46d20cd09f9fdcf3b12bdacb4f5:VIU": "9.04131276",
    "ethereum:0x52903256dd18d85c2dc4a6c999907c9793ea61e3:INSP": "777",
    "ethereum:0x960b236a07cf122663c4303350609a66a7b288c0:ANT": "114.01553139",
    "ethereum:0xa74476443119a942de498590fe1f2454d7d4ac0d:GNT": "441",
    "ethereum:0xb9e7f8568e08d5659f5d29c4997173d84cdf2607:SWT": "98.2",
    "timestamp": 1515888000000,
  },
]