[
  {
    "_id": "186018469_1330489777",
    "_rev": "1-63bed9703cd0aeacb2327d0741d3de3b",
    "blockNumber": "6606355",
    "contractAddress": "",
    "errorCode": "",
    "ethCurrentValue": "10414.5838470561",
    "ethHistoricalPrice": "195.67",
    "fee": "-0.000126306",
    "feeAsset": "ethereum:0x0000000000000000000000000000000000000000:ETH",
    "feeN": -0.000126306,
    "from": "0x003dc32fe920a4aaeed12dc87e145f030aa753f3",
    "importId": "186018469",
    "importIndex": 26,
    "incoming": "0",
    "incomingAsset": "ethereum:0x0000000000000000000000000000000000000000:ETH",
    "incomingN": 0,
    "integration": "ethereum",
    "method": "Transfer",
    "outgoing": "4.6",
    "outgoingAsset": "ethereum:0x0000000000000000000000000000000000000000:ETH",
    "outgoingN": 4.6,
    "status": "",
    "timestamp": 1540831024000,
    "to": "0x1c6db129a338e9a39a559a856175605dada4bdcd",
    "txHash": "0xc8c2fcbf66357d90bca83f83a3811e07b52786a69d146d7d3c16a2aa0745f71e",
    "txnFee": "0.000126306",
    "txnFeeUsd": "0.285961832040492",
    "type": "Withdraw",
    "valueIn": "0",
    "valueOut": "4.6",
    "wallet": "0x003dc32fe920a4aaeed12dc87e145f030aa753f3",
  },
  {
    "_id": "186018469_4247054745",
    "_rev": "1-b1b21fd2164ce2e53a2ede42aa5ae97d",
    "blockNumber": "6606315",
    "contractAddress": "",
    "errorCode": "Out of gas",
    "ethCurrentValue": "10324.022248386",
    "ethHistoricalPrice": "195.67",
    "fee": "-0.000147",
    "feeAsset": "ethereum:0x0000000000000000000000000000000000000000:ETH",
    "feeN": -0.000147,
    "from": "0x003dc32fe920a4aaeed12dc87e145f030aa753f3",
    "hasError": true,
    "importId": "186018469",
    "importIndex": 25,
    "integration": "ethereum",
    "method": "Transfer",
    "status": "Error(0)",
    "timestamp": 1540830463000,
    "to": "0x1c6db129a338e9a39a559a856175605dada4bdcd",
    "txHash": "0x92ce04a67578af1e5e5dea54a35c0775e5fb3e36e7f619de28274e3ad6657fa0",
    "txnFee": "0.000147",
    "txnFeeUsd": "0.332813875112444",
    "type": "Withdraw",
    "valueIn": "0",
    "valueOut": "4.56",
    "wallet": "0x003dc32fe920a4aaeed12dc87e145f030aa753f3",
  },
  {
    "_id": "186018469_2699168410",
    "_rev": "1-b5820b3287b27b1125962b5af6f65c80",
    "blockNumber": "6579354",
    "contractAddress": "",
    "errorCode": "",
    "ethCurrentValue": "0",
    "ethHistoricalPrice": "201.23",
    "fee": "-0.0005348338021383",
    "feeAsset": "ethereum:0x0000000000000000000000000000000000000000:ETH",
    "feeN": -0.0005348338021383,
    "from": "0x003dc32fe920a4aaeed12dc87e145f030aa753f3",
    "importId": "186018469",
    "importIndex": 24,
    "incoming": "0",
    "incomingAsset": "ethereum:0x0000000000000000000000000000000000000000:ETH",
    "incomingN": 0,
    "integration": "ethereum",
    "method": "Check In",
    "outgoing": "0",
    "outgoingAsset": "ethereum:0x0000000000000000000000000000000000000000:ETH",
    "outgoingN": 0,
    "status": "",
    "timestamp": 1540449269000,
    "to": "0x1ecb60873e495ddfa2a13a8f4140e490dd574e6f",
    "txHash": "0xaee5c06fa9f5ee56e3050e4a75a4c76fee99536772a3e2431216bc8d5a02059e",
    "txnFee": "0.0005348338021383",
    "txnFeeUsd": "1.21088510361068",
    "type": "Unknown",
    "valueIn": "0",
    "valueOut": "0",
    "wallet": "0x003dc32fe920a4aaeed12dc87e145f030aa753f3",
  },
  {
    "_id": "3141079563_163248186",
    "_rev": "1-0f8c46a1c4bdd045bec98f1023e67049",
    "blockNumber": "6550438",
    "contractAddress": "",
    "errorCode": "",
    "ethCurrentValue": "5165.13995905398",
    "ethHistoricalPrice": "205.08",
    "feeAsset": "ethereum:0x0000000000000000000000000000000000000000:ETH",
    "from": "0x30f938fed5de6e06a9a7cd2ac3517131c317b1e7",
    "importId": "3141079563",
    "importIndex": 2,
    "incoming": "2.282093550381207501",
    "incomingAsset": "ethereum:0x0000000000000000000000000000000000000000:ETH",
    "incomingN": 2.2820935503812074,
    "integration": "ethereum",
    "outgoing": "0",
    "outgoingAsset": "ethereum:0x0000000000000000000000000000000000000000:ETH",
    "outgoingN": 0,
    "parentTxEthValue": "0",
    "parentTxFrom": "0x839395e20bbb182fa440d08f850e6c7a8f6f0780",
    "parentTxTo": "0x30f938fed5de6e06a9a7cd2ac3517131c317b1e7",
    "status": "0",
    "timestamp": 1540041433000,
    "txHash": "0x305fc70dabe1a8b570d12ad9561396389a899d2c2c9cfa4d52302c119464ad3a",
    "txTo": "0x003dc32fe920a4aaeed12dc87e145f030aa753f3",
    "txType": "",
    "type": "Deposit",
    "valueIn": "2.282093550381207501",
    "valueOut": "0",
    "wallet": "0x003dc32fe920a4aaeed12dc87e145f030aa753f3",
  },
  {
    "_id": "3141079563_1846052268",
    "_rev": "1-1eedb6682103966e3b6396003690ed04",
    "blockNumber": "6428987",
    "contractAddress": "",
    "errorCode": "",
    "ethCurrentValue": "4550.10105134698",
    "ethHistoricalPrice": "232.60",
    "feeAsset": "ethereum:0x0000000000000000000000000000000000000000:ETH",
    "from": "0x30f938fed5de6e06a9a7cd2ac3517131c317b1e7",
    "importId": "3141079563",
    "importIndex": 1,
    "incoming": "2.010353319595918983",
    "incomingAsset": "ethereum:0x0000000000000000000000000000000000000000:ETH",
    "incomingN": 2.010353319595919,
    "integration": "ethereum",
    "outgoing": "0",
    "outgoingAsset": "ethereum:0x0000000000000000000000000000000000000000:ETH",
    "outgoingN": 0,
    "parentTxEthValue": "0",
    "parentTxFrom": "0xdaa172456f5815256831aee19c8a370a83522871",
    "parentTxTo": "0x30f938fed5de6e06a9a7cd2ac3517131c317b1e7",
    "status": "0",
    "timestamp": 1538333880000,
    "txHash": "0x662c00ba2afd34ea4d0e65f84ef55ddf46d2fbfa91bdaeefb2417d516e379560",
    "txTo": "0x003dc32fe920a4aaeed12dc87e145f030aa753f3",
    "txType": "",
    "type": "Deposit",
    "valueIn": "2.010353319595918983",
    "valueOut": "0",
    "wallet": "0x003dc32fe920a4aaeed12dc87e145f030aa753f3",
  },
  {
    "_id": "186018469_916001208",
    "_rev": "1-a752f91a2f25d52f38fd965e39227c1d",
    "blockNumber": "6413888",
    "contractAddress": "",
    "errorCode": "",
    "ethCurrentValue": "1132.01998337566",
    "ethHistoricalPrice": "221.56",
    "fee": "-0.00021",
    "feeAsset": "ethereum:0x0000000000000000000000000000000000000000:ETH",
    "feeN": -0.00021,
    "from": "0x003dc32fe920a4aaeed12dc87e145f030aa753f3",
    "importId": "186018469",
    "importIndex": 23,
    "incoming": "0",
    "incomingAsset": "ethereum:0x0000000000000000000000000000000000000000:ETH",
    "incomingN": 0,
    "integration": "ethereum",
    "method": "Transfer",
    "outgoing": "0.5",
    "outgoingAsset": "ethereum:0x0000000000000000000000000000000000000000:ETH",
    "outgoingN": 0.5,
    "status": "",
    "timestamp": 1538119907000,
    "to": "0x7684bd11eb08c42630ee2fcfe36e394ef797e159",
    "txHash": "0x14af537781e682a046c46c94f8ab7091db6b70e98662a4a4ea7ca9b1d440cafb",
    "txnFee": "0.00021",
    "txnFeeUsd": "0.475448393017777",
    "type": "Withdraw",
    "valueIn": "0",
    "valueOut": "0.5",
    "wallet": "0x003dc32fe920a4aaeed12dc87e145f030aa753f3",
  },
  {
    "_id": "186018469_2848434561",
    "_rev": "1-9ce35357ca96a998c86c7811e3538243",
    "blockNumber": "6413534",
    "contractAddress": "",
    "errorCode": "",
    "ethCurrentValue": "2264.03996675132",
    "ethHistoricalPrice": "221.56",
    "fee": "-0.000189459",
    "feeAsset": "ethereum:0x0000000000000000000000000000000000000000:ETH",
    "feeN": -0.000189459,
    "from": "0x003dc32fe920a4aaeed12dc87e145f030aa753f3",
    "importId": "186018469",
    "importIndex": 22,
    "incoming": "0",
    "incomingAsset": "ethereum:0x0000000000000000000000000000000000000000:ETH",
    "incomingN": 0,
    "integration": "ethereum",
    "method": "Transfer",
    "outgoing": "1",
    "outgoingAsset": "ethereum:0x0000000000000000000000000000000000000000:ETH",
    "outgoingN": 1,
    "status": "",
    "timestamp": 1538114631000,
    "to": "0x1c6db129a338e9a39a559a856175605dada4bdcd",
    "txHash": "0x101bf06e481fcef31ede594750ec1b99473b0ba72e3f8f2c1b174c47e18caee2",
    "txnFee": "0.000189459",
    "txnFeeUsd": "0.428942748060738",
    "type": "Withdraw",
    "valueIn": "0",
    "valueOut": "1",
    "wallet": "0x003dc32fe920a4aaeed12dc87e145f030aa753f3",
  },
  {
    "_id": "3141079563_3537937561",
    "_rev": "1-f3a6d4138bd0ff87c72ff0e8083e45a4",
    "blockNumber": "6404680",
    "contractAddress": "",
    "errorCode": "",
    "ethCurrentValue": "4707.04670978658",
    "ethHistoricalPrice": "214.21",
    "feeAsset": "ethereum:0x0000000000000000000000000000000000000000:ETH",
    "from": "0x30f938fed5de6e06a9a7cd2ac3517131c317b1e7",
    "importId": "3141079563",
    "importIndex": 0,
    "incoming": "2.079696004929649789",
    "incomingAsset": "ethereum:0x0000000000000000000000000000000000000000:ETH",
    "incomingN": 2.07969600492965,
    "integration": "ethereum",
    "outgoing": "0",
    "outgoingAsset": "ethereum:0x0000000000000000000000000000000000000000:ETH",
    "outgoingN": 0,
    "parentTxEthValue": "0",
    "parentTxFrom": "0xdaa172456f5815256831aee19c8a370a83522871",
    "parentTxTo": "0x30f938fed5de6e06a9a7cd2ac3517131c317b1e7",
    "status": "0",
    "timestamp": 1537989386000,
    "txHash": "0x8e94d2b8ac7c7582b108c928d54b5eb0f1eb9cebf99b4bae0db7ea2123bbf813",
    "txTo": "0x003dc32fe920a4aaeed12dc87e145f030aa753f3",
    "txType": "",
    "type": "Deposit",
    "valueIn": "2.079696004929649789",
    "valueOut": "0",
    "wallet": "0x003dc32fe920a4aaeed12dc87e145f030aa753f3",
  },
  {
    "_id": "186018469_1113388516",
    "_rev": "1-b8c7891c890d116771e3d85f3f331027",
    "blockNumber": "6337083",
    "contractAddress": "",
    "errorCode": "",
    "ethCurrentValue": "0",
    "ethHistoricalPrice": "221.63",
    "fee": "-0.00081832",
    "feeAsset": "ethereum:0x0000000000000000000000000000000000000000:ETH",
    "feeN": -0.00081832,
    "from": "0x003dc32fe920a4aaeed12dc87e145f030aa753f3",
    "importId": "186018469",
    "importIndex": 21,
    "incoming": "0",
    "incomingAsset": "ethereum:0x0000000000000000000000000000000000000000:ETH",
    "incomingN": 0,
    "integration": "ethereum",
    "method": "Approve And Call",
    "outgoing": "0",
    "outgoingAsset": "ethereum:0x0000000000000000000000000000000000000000:ETH",
    "outgoingN": 0,
    "status": "",
    "timestamp": 1537026778000,
    "to": "0x42d6622dece394b54999fbd73d108123806f6a18",
    "txHash": "0xe67d7ec3a988d192e6b4b2baed860ec58c9fa60787f26a69a6b688f5da0b1b91",
    "txnFee": "0.00081832",
    "txnFeeUsd": "1.85270918559194",
    "type": "Unknown",
    "valueIn": "0",
    "valueOut": "0",
    "wallet": "0x003dc32fe920a4aaeed12dc87e145f030aa753f3",
  },
  {
    "_id": "186018469_1971820416",
    "_rev": "1-d59b96e78f6f104fef9b29da3287df48",
    "blockNumber": "4900998",
    "contractAddress": "",
    "errorCode": "",
    "ethCurrentValue": "0",
    "ethHistoricalPrice": "1385.02",
    "fee": "-0.00016274",
    "feeAsset": "ethereum:0x0000000000000000000000000000000000000000:ETH",
    "feeN": -0.00016274,
    "from": "0x003dc32fe920a4aaeed12dc87e145f030aa753f3",
    "importId": "186018469",
    "importIndex": 20,
    "incoming": "0",
    "incomingAsset": "ethereum:0x0000000000000000000000000000000000000000:ETH",
    "incomingN": 0,
    "integration": "ethereum",
    "method": "Withdraw Token",
    "outgoing": "0",
    "outgoingAsset": "ethereum:0x0000000000000000000000000000000000000000:ETH",
    "outgoingN": 0,
    "status": "",
    "timestamp": 1515838536000,
    "to": "0x8d12a197cb00d4747a1fe03395095ce2a5cc6819",
    "txHash": "0x1a090eee53ba9119670b0465854fa390631e90ad71337954ac539da5870e82f5",
    "txnFee": "0.00016274",
    "txnFeeUsd": "0.36844986418911",
    "type": "Unknown",
    "valueIn": "0",
    "valueOut": "0",
    "wallet": "0x003dc32fe920a4aaeed12dc87e145f030aa753f3",
  },
  {
    "_id": "186018469_2227702360",
    "_rev": "1-f072e61abc158456f0f2086b44536d6d",
    "blockNumber": "4900900",
    "contractAddress": "",
    "errorCode": "",
    "ethCurrentValue": "0",
    "ethHistoricalPrice": "1385.02",
    "fee": "-0.00046557",
    "feeAsset": "ethereum:0x0000000000000000000000000000000000000000:ETH",
    "feeN": -0.00046557,
    "from": "0x003dc32fe920a4aaeed12dc87e145f030aa753f3",
    "importId": "186018469",
    "importIndex": 19,
    "incoming": "0",
    "incomingAsset": "ethereum:0x0000000000000000000000000000000000000000:ETH",
    "incomingN": 0,
    "integration": "ethereum",
    "method": "Trade",
    "outgoing": "0",
    "outgoingAsset": "ethereum:0x0000000000000000000000000000000000000000:ETH",
    "outgoingN": 0,
    "status": "",
    "timestamp": 1515836949000,
    "to": "0x8d12a197cb00d4747a1fe03395095ce2a5cc6819",
    "txHash": "0x086a3126c8df8003368935ea80572ac16ae1a42847e97024cdf73513f6cb53b2",
    "txnFee": "0.00046557",
    "txnFeeUsd": "1.05406908732041",
    "type": "Unknown",
    "valueIn": "0",
    "valueOut": "0",
    "wallet": "0x003dc32fe920a4aaeed12dc87e145f030aa753f3",
  },
  {
    "_id": "186018469_1060035198",
    "_rev": "1-69c24e54b77587d17ac61716c4035846",
    "blockNumber": "4895583",
    "contractAddress": "",
    "errorCode": "",
    "ethCurrentValue": "1358.42398005079",
    "ethHistoricalPrice": "1261.03",
    "fee": "-0.00029493",
    "feeAsset": "ethereum:0x0000000000000000000000000000000000000000:ETH",
    "feeN": -0.00029493,
    "from": "0x003dc32fe920a4aaeed12dc87e145f030aa753f3",
    "importId": "186018469",
    "importIndex": 18,
    "incoming": "0",
    "incomingAsset": "ethereum:0x0000000000000000000000000000000000000000:ETH",
    "incomingN": 0,
    "integration": "ethereum",
    "method": "Deposit",
    "outgoing": "0.6",
    "outgoingAsset": "ethereum:0x0000000000000000000000000000000000000000:ETH",
    "outgoingN": 0.6,
    "status": "",
    "timestamp": 1515752591000,
    "to": "0x8d12a197cb00d4747a1fe03395095ce2a5cc6819",
    "txHash": "0x52a9e40c39d73dc3aa294f5491b3d970272890f042a86484976ec2e1cbeef056",
    "txnFee": "0.00029493",
    "txnFeeUsd": "0.667733307393967",
    "type": "Withdraw",
    "valueIn": "0",
    "valueOut": "0.6",
    "wallet": "0x003dc32fe920a4aaeed12dc87e145f030aa753f3",
  },
  {
    "_id": "186018469_3986594161",
    "_rev": "1-3dacebf6a9f7d09b3539f2bfd8c072be",
    "blockNumber": "4871692",
    "contractAddress": "",
    "errorCode": "",
    "ethCurrentValue": "0",
    "ethHistoricalPrice": "1136.11",
    "fee": "-0.00047548",
    "feeAsset": "ethereum:0x0000000000000000000000000000000000000000:ETH",
    "feeN": -0.00047548,
    "from": "0x003dc32fe920a4aaeed12dc87e145f030aa753f3",
    "importId": "186018469",
    "importIndex": 17,
    "incoming": "0",
    "incomingAsset": "ethereum:0x0000000000000000000000000000000000000000:ETH",
    "incomingN": 0,
    "integration": "ethereum",
    "method": "Withdraw Token",
    "outgoing": "0",
    "outgoingAsset": "ethereum:0x0000000000000000000000000000000000000000:ETH",
    "outgoingN": 0,
    "status": "",
    "timestamp": 1515370321000,
    "to": "0x8d12a197cb00d4747a1fe03395095ce2a5cc6819",
    "txHash": "0x3a25ebdcd2c7e09968d1b65ca6d27baf7368209d2b075072223de7b576822209",
    "txnFee": "0.00047548",
    "txnFeeUsd": "1.07650572339092",
    "type": "Unknown",
    "valueIn": "0",
    "valueOut": "0",
    "wallet": "0x003dc32fe920a4aaeed12dc87e145f030aa753f3",
  },
  {
    "_id": "186018469_1536122789",
    "_rev": "1-19700c941ec3f1e0ed565e89fe75be25",
    "blockNumber": "4869097",
    "contractAddress": "",
    "errorCode": "",
    "ethCurrentValue": "0",
    "ethHistoricalPrice": "1117.75",
    "fee": "-0.00216356",
    "feeAsset": "ethereum:0x0000000000000000000000000000000000000000:ETH",
    "feeN": -0.00216356,
    "from": "0x003dc32fe920a4aaeed12dc87e145f030aa753f3",
    "importId": "186018469",
    "importIndex": 16,
    "incoming": "0",
    "incomingAsset": "ethereum:0x0000000000000000000000000000000000000000:ETH",
    "incomingN": 0,
    "integration": "ethereum",
    "method": "Trade",
    "outgoing": "0",
    "outgoingAsset": "ethereum:0x0000000000000000000000000000000000000000:ETH",
    "outgoingN": 0,
    "status": "",
    "timestamp": 1515330567000,
    "to": "0x8d12a197cb00d4747a1fe03395095ce2a5cc6819",
    "txHash": "0x13f43d38437871aea8b7907ff56d3c035c3aa3b0b64d524a2523af0fb2617a7d",
    "txnFee": "0.00216356",
    "txnFeeUsd": "4.89838631046449",
    "type": "Unknown",
    "valueIn": "0",
    "valueOut": "0",
    "wallet": "0x003dc32fe920a4aaeed12dc87e145f030aa753f3",
  },
  {
    "_id": "186018469_2107939569",
    "_rev": "1-23c075e4f6052029a20f88e40754d8eb",
    "blockNumber": "4869092",
    "contractAddress": "",
    "errorCode": "",
    "ethCurrentValue": "1345.32037329483",
    "ethHistoricalPrice": "1117.75",
    "feeAsset": "ethereum:0x0000000000000000000000000000000000000000:ETH",
    "from": "0x3f5ce5fbfe3e9af3971dd833d26ba9b5c936f0be",
    "importId": "186018469",
    "importIndex": 15,
    "incoming": "0.59421229",
    "incomingAsset": "ethereum:0x0000000000000000000000000000000000000000:ETH",
    "incomingN": 0.59421229,
    "integration": "ethereum",
    "method": "Transfer",
    "outgoing": "0",
    "outgoingAsset": "ethereum:0x0000000000000000000000000000000000000000:ETH",
    "outgoingN": 0,
    "status": "",
    "timestamp": 1515330492000,
    "to": "0x003dc32fe920a4aaeed12dc87e145f030aa753f3",
    "txHash": "0x2447c9bf0f2b1cbf1f2e08e8849fc8c6111f54aea860b2d58722dd348100955a",
    "txnFee": "0.0021",
    "txnFeeUsd": "4.75448393017777",
    "type": "Deposit",
    "valueIn": "0.59421229",
    "valueOut": "0",
    "wallet": "0x003dc32fe920a4aaeed12dc87e145f030aa753f3",
  },
  {
    "_id": "186018469_3112682414",
    "_rev": "1-c81ec39f27fef8839d4e04b31e6c1d90",
    "blockNumber": "4868912",
    "contractAddress": "",
    "errorCode": "",
    "ethCurrentValue": "905.615986700528",
    "ethHistoricalPrice": "1117.75",
    "fee": "-0.00044493",
    "feeAsset": "ethereum:0x0000000000000000000000000000000000000000:ETH",
    "feeN": -0.00044493,
    "from": "0x003dc32fe920a4aaeed12dc87e145f030aa753f3",
    "importId": "186018469",
    "importIndex": 14,
    "incoming": "0",
    "incomingAsset": "ethereum:0x0000000000000000000000000000000000000000:ETH",
    "incomingN": 0,
    "integration": "ethereum",
    "method": "Deposit",
    "outgoing": "0.4",
    "outgoingAsset": "ethereum:0x0000000000000000000000000000000000000000:ETH",
    "outgoingN": 0.4,
    "status": "",
    "timestamp": 1515327694000,
    "to": "0x8d12a197cb00d4747a1fe03395095ce2a5cc6819",
    "txHash": "0x1cef3a4f9df18652aaa42d5674291419c6422ca0c25b1d18c2df85435fe187c7",
    "txnFee": "0.00044493",
    "txnFeeUsd": "1.00733930240667",
    "type": "Withdraw",
    "valueIn": "0",
    "valueOut": "0.4",
    "wallet": "0x003dc32fe920a4aaeed12dc87e145f030aa753f3",
  },
  {
    "_id": "186018469_3631301891",
    "_rev": "1-5ce78aa7e498c17f3c0b2a659d8b647d",
    "blockNumber": "4864523",
    "contractAddress": "",
    "errorCode": "",
    "ethCurrentValue": "0",
    "ethHistoricalPrice": "1006.41",
    "fee": "-0.00186438",
    "feeAsset": "ethereum:0x0000000000000000000000000000000000000000:ETH",
    "feeN": -0.00186438,
    "from": "0x003dc32fe920a4aaeed12dc87e145f030aa753f3",
    "importId": "186018469",
    "importIndex": 13,
    "incoming": "0",
    "incomingAsset": "ethereum:0x0000000000000000000000000000000000000000:ETH",
    "incomingN": 0,
    "integration": "ethereum",
    "method": "Finalize Auction",
    "outgoing": "0",
    "outgoingAsset": "ethereum:0x0000000000000000000000000000000000000000:ETH",
    "outgoingN": 0,
    "status": "",
    "timestamp": 1515257898000,
    "to": "0x6090a6e47849629b7245dfa1ca21d94cd15878ef",
    "txHash": "0x478b3e36fb6e6e6c88e044b89afdc1ce6d7088e3abc8fd794de8467137efc9bc",
    "txnFee": "0.00186438",
    "txnFeeUsd": "4.22103083321183",
    "type": "Unknown",
    "valueIn": "0",
    "valueOut": "0",
    "wallet": "0x003dc32fe920a4aaeed12dc87e145f030aa753f3",
  },
  {
    "_id": "186018469_1852994975",
    "_rev": "1-915b4d42dea733b24287650148aa352f",
    "blockNumber": "4675688",
    "contractAddress": "",
    "errorCode": "",
    "ethCurrentValue": "0.0973537185703068",
    "ethHistoricalPrice": "466.93",
    "fee": "-0.00042",
    "feeAsset": "ethereum:0x0000000000000000000000000000000000000000:ETH",
    "feeN": -0.00042,
    "from": "0x003dc32fe920a4aaeed12dc87e145f030aa753f3",
    "importId": "186018469",
    "importIndex": 12,
    "incoming": "0",
    "incomingAsset": "ethereum:0x0000000000000000000000000000000000000000:ETH",
    "incomingN": 0,
    "integration": "ethereum",
    "method": "Transfer",
    "outgoing": "0.000043",
    "outgoingAsset": "ethereum:0x0000000000000000000000000000000000000000:ETH",
    "outgoingN": 0.000043,
    "status": "",
    "timestamp": 1512413990000,
    "to": "0xae8d7e566ba7bdecd932015475c22cef3ae07768",
    "txHash": "0x721a453ec5c189cee816d436211e41d39df901c74b1b1881b83f9bdebc06993b",
    "txnFee": "0.00042",
    "txnFeeUsd": "0.950896786035555",
    "type": "Withdraw",
    "valueIn": "0",
    "valueOut": "0.000043",
    "wallet": "0x003dc32fe920a4aaeed12dc87e145f030aa753f3",
  },
  {
    "_id": "186018469_343664974",
    "_rev": "1-095c5406bc53dc05b8456272d9c833d0",
    "blockNumber": "4508280",
    "contractAddress": "",
    "errorCode": "",
    "ethCurrentValue": "0",
    "ethHistoricalPrice": "291.84",
    "fee": "-0.00162232",
    "feeAsset": "ethereum:0x0000000000000000000000000000000000000000:ETH",
    "feeN": -0.00162232,
    "from": "0x003dc32fe920a4aaeed12dc87e145f030aa753f3",
    "importId": "186018469",
    "importIndex": 11,
    "incoming": "0",
    "incomingAsset": "ethereum:0x0000000000000000000000000000000000000000:ETH",
    "incomingN": 0,
    "integration": "ethereum",
    "method": "Unseal Bid",
    "outgoing": "0",
    "outgoingAsset": "ethereum:0x0000000000000000000000000000000000000000:ETH",
    "outgoingN": 0,
    "status": "",
    "timestamp": 1510070053000,
    "to": "0x6090a6e47849629b7245dfa1ca21d94cd15878ef",
    "txHash": "0x1202dfc1d9cf92a768eb13343a96ad156079227aafe3decf51ea167cd51013ec",
    "txnFee": "0.00162232",
    "txnFeeUsd": "3.67299731886",
    "type": "Unknown",
    "valueIn": "0",
    "valueOut": "0",
    "wallet": "0x003dc32fe920a4aaeed12dc87e145f030aa753f3",
  },
  {
    "_id": "186018469_1730651180",
    "_rev": "1-6ce8b57170307e1280b6698e410a7cd6",
    "blockNumber": "4488632",
    "contractAddress": "",
    "errorCode": "",
    "ethCurrentValue": "0",
    "ethHistoricalPrice": "300.04",
    "fee": "-0.0024336",
    "feeAsset": "ethereum:0x0000000000000000000000000000000000000000:ETH",
    "feeN": -0.0024336,
    "from": "0x003dc32fe920a4aaeed12dc87e145f030aa753f3",
    "importId": "186018469",
    "importIndex": 10,
    "incoming": "0",
    "incomingAsset": "ethereum:0x0000000000000000000000000000000000000000:ETH",
    "incomingN": 0,
    "integration": "ethereum",
    "method": "Start Auctions",
    "outgoing": "0",
    "outgoingAsset": "ethereum:0x0000000000000000000000000000000000000000:ETH",
    "outgoingN": 0,
    "status": "",
    "timestamp": 1509797208000,
    "to": "0x6090a6e47849629b7245dfa1ca21d94cd15878ef",
    "txHash": "0x98bc121ee72290af669b1da4b82c0f75c9eba9d79ca4d394c6874febf4c2ffe5",
    "txnFee": "0.0024336",
    "txnFeeUsd": "5.50976766308601",
    "type": "Unknown",
    "valueIn": "0",
    "valueOut": "0",
    "wallet": "0x003dc32fe920a4aaeed12dc87e145f030aa753f3",
  },
  {
    "_id": "186018469_310594734",
    "_rev": "1-5d3f922f8ec7b83626ba8c7e47e2f997",
    "blockNumber": "4488630",
    "contractAddress": "",
    "errorCode": "",
    "ethCurrentValue": "0",
    "ethHistoricalPrice": "300.04",
    "fee": "-0.0021516",
    "feeAsset": "ethereum:0x0000000000000000000000000000000000000000:ETH",
    "feeN": -0.0021516,
    "from": "0x003dc32fe920a4aaeed12dc87e145f030aa753f3",
    "importId": "186018469",
    "importIndex": 9,
    "incoming": "0",
    "incomingAsset": "ethereum:0x0000000000000000000000000000000000000000:ETH",
    "incomingN": 0,
    "integration": "ethereum",
    "method": "Start Auctions",
    "outgoing": "0",
    "outgoingAsset": "ethereum:0x0000000000000000000000000000000000000000:ETH",
    "outgoingN": 0,
    "status": "",
    "timestamp": 1509797187000,
    "to": "0x6090a6e47849629b7245dfa1ca21d94cd15878ef",
    "txHash": "0x454ce8ecb4d0467ec49aa4818b72a5e2d46e832004e816911a7b25780acb5104",
    "txnFee": "0.0021516",
    "txnFeeUsd": "4.87130839246214",
    "type": "Unknown",
    "valueIn": "0",
    "valueOut": "0",
    "wallet": "0x003dc32fe920a4aaeed12dc87e145f030aa753f3",
  },
  {
    "_id": "186018469_2919589988",
    "_rev": "1-e8c885e53e8e07e9d826b75440281b18",
    "blockNumber": "4488312",
    "contractAddress": "",
    "errorCode": "",
    "ethCurrentValue": "0",
    "ethHistoricalPrice": "300.04",
    "fee": "-0.00278352",
    "feeAsset": "ethereum:0x0000000000000000000000000000000000000000:ETH",
    "feeN": -0.00278352,
    "from": "0x003dc32fe920a4aaeed12dc87e145f030aa753f3",
    "importId": "186018469",
    "importIndex": 8,
    "incoming": "0",
    "incomingAsset": "ethereum:0x0000000000000000000000000000000000000000:ETH",
    "incomingN": 0,
    "integration": "ethereum",
    "method": "Start Auctions",
    "outgoing": "0",
    "outgoingAsset": "ethereum:0x0000000000000000000000000000000000000000:ETH",
    "outgoingN": 0,
    "status": "",
    "timestamp": 1509793099000,
    "to": "0x6090a6e47849629b7245dfa1ca21d94cd15878ef",
    "txHash": "0x3dcc81e9c756ca8d49117f4e5a375716c462d63b857704510af8d20cdd8c192c",
    "txnFee": "0.00278352",
    "txnFeeUsd": "6.30200052825163",
    "type": "Unknown",
    "valueIn": "0",
    "valueOut": "0",
    "wallet": "0x003dc32fe920a4aaeed12dc87e145f030aa753f3",
  },
  {
    "_id": "186018469_56269843",
    "_rev": "1-c4405faf26b58b13347847a77f006efa",
    "blockNumber": "4447966",
    "contractAddress": "",
    "errorCode": "",
    "ethCurrentValue": "0",
    "ethHistoricalPrice": "293.35",
    "fee": "-0.009453992",
    "feeAsset": "ethereum:0x0000000000000000000000000000000000000000:ETH",
    "feeN": -0.009453992,
    "from": "0x003dc32fe920a4aaeed12dc87e145f030aa753f3",
    "importId": "186018469",
    "importIndex": 7,
    "incoming": "0",
    "incomingAsset": "ethereum:0x0000000000000000000000000000000000000000:ETH",
    "incomingN": 0,
    "integration": "ethereum",
    "method": "0xdb8ecf34",
    "outgoing": "0",
    "outgoingAsset": "ethereum:0x0000000000000000000000000000000000000000:ETH",
    "outgoingN": 0,
    "status": "",
    "timestamp": 1509228346000,
    "to": "0x27d233fa6032e848a016092d70493b2a5f13a95f",
    "txHash": "0xf1a177149770890fef9c7cd9e68b0f04e82c06fd37197f9d00bce43722e4daff",
    "txnFee": "0.009453992",
    "txnFeeUsd": "21.4042157333472",
    "type": "Unknown",
    "valueIn": "0",
    "valueOut": "0",
    "wallet": "0x003dc32fe920a4aaeed12dc87e145f030aa753f3",
  },
  {
    "_id": "186018469_4203229781",
    "_rev": "1-67e75c0f9f09631881f8d600314ba9de",
    "blockNumber": "4444792",
    "contractAddress": "",
    "errorCode": "",
    "ethCurrentValue": "22.6403996675132",
    "ethHistoricalPrice": "293.35",
    "fee": "-0.0106677",
    "feeAsset": "ethereum:0x0000000000000000000000000000000000000000:ETH",
    "feeN": -0.0106677,
    "from": "0x003dc32fe920a4aaeed12dc87e145f030aa753f3",
    "importId": "186018469",
    "importIndex": 6,
    "incoming": "0",
    "incomingAsset": "ethereum:0x0000000000000000000000000000000000000000:ETH",
    "incomingN": 0,
    "integration": "ethereum",
    "method": "Start Auctions And Bid",
    "outgoing": "0.01",
    "outgoingAsset": "ethereum:0x0000000000000000000000000000000000000000:ETH",
    "outgoingN": 0.01,
    "status": "",
    "timestamp": 1509184510000,
    "to": "0x6090a6e47849629b7245dfa1ca21d94cd15878ef",
    "txHash": "0x4179b10541f54295b88c673f6dd8ff5e43b7470dfa8e9d602189774544cd9c8a",
    "txnFee": "0.0106677",
    "txnFeeUsd": "24.1520991533131",
    "type": "Withdraw",
    "valueIn": "0",
    "valueOut": "0.01",
    "wallet": "0x003dc32fe920a4aaeed12dc87e145f030aa753f3",
  },
  {
    "_id": "186018469_1608825627",
    "_rev": "1-c27afd8d906f137ce72204e4d88f5cf6",
    "blockNumber": "4444717",
    "contractAddress": "",
    "errorCode": "",
    "ethCurrentValue": "0",
    "ethHistoricalPrice": "293.35",
    "fee": "-0.000483076",
    "feeAsset": "ethereum:0x0000000000000000000000000000000000000000:ETH",
    "feeN": -0.000483076,
    "from": "0x003dc32fe920a4aaeed12dc87e145f030aa753f3",
    "importId": "186018469",
    "importIndex": 5,
    "incoming": "0",
    "incomingAsset": "ethereum:0x0000000000000000000000000000000000000000:ETH",
    "incomingN": 0,
    "integration": "ethereum",
    "method": "Add Request",
    "outgoing": "0",
    "outgoingAsset": "ethereum:0x0000000000000000000000000000000000000000:ETH",
    "outgoingN": 0,
    "status": "",
    "timestamp": 1509183171000,
    "to": "0x016bdfcf49ecdd9592e493cd4a75048ce09d6d75",
    "txHash": "0x4b7bfb6d4f13666c87196115f7a34b9543004ba5c8cc4aad202f210ee7caa91b",
    "txnFee": "0.000483076",
    "txnFeeUsd": "1.09370337097836",
    "type": "Unknown",
    "valueIn": "0",
    "valueOut": "0",
    "wallet": "0x003dc32fe920a4aaeed12dc87e145f030aa753f3",
  },
  {
    "_id": "186018469_3244246613",
    "_rev": "1-0454203711a762e28b57b663f97c28cc",
    "blockNumber": "4344981",
    "contractAddress": "",
    "errorCode": "",
    "ethCurrentValue": "0",
    "ethHistoricalPrice": "311.26",
    "fee": "-0.000753858",
    "feeAsset": "ethereum:0x0000000000000000000000000000000000000000:ETH",
    "feeN": -0.000753858,
    "from": "0x003dc32fe920a4aaeed12dc87e145f030aa753f3",
    "importId": "186018469",
    "importIndex": 4,
    "incoming": "0",
    "incomingAsset": "ethereum:0x0000000000000000000000000000000000000000:ETH",
    "incomingN": 0,
    "integration": "ethereum",
    "method": "Confirm",
    "outgoing": "0",
    "outgoingAsset": "ethereum:0x0000000000000000000000000000000000000000:ETH",
    "outgoingN": 0,
    "status": "",
    "timestamp": 1507385947000,
    "to": "0x9ae98746eb8a0aeee5ff2b6b15875313a986f103",
    "txHash": "0x5a04b7c4a662cf944338ea3c0e7906ace1bf2e1420abb1663ef6a63e18881d37",
    "txnFee": "0.000753858",
    "txnFeeUsd": "1.70676464125522",
    "type": "Unknown",
    "valueIn": "0",
    "valueOut": "0",
    "wallet": "0x003dc32fe920a4aaeed12dc87e145f030aa753f3",
  },
  {
    "_id": "186018469_1859882862",
    "_rev": "1-8845f867297b362cfc1bb5b8fadda71a",
    "blockNumber": "4344973",
    "contractAddress": "",
    "errorCode": "",
    "ethCurrentValue": "15.8482797672592",
    "ethHistoricalPrice": "311.26",
    "fee": "-0.000489321",
    "feeAsset": "ethereum:0x0000000000000000000000000000000000000000:ETH",
    "feeN": -0.000489321,
    "from": "0x003dc32fe920a4aaeed12dc87e145f030aa753f3",
    "importId": "186018469",
    "importIndex": 3,
    "incoming": "0",
    "incomingAsset": "ethereum:0x0000000000000000000000000000000000000000:ETH",
    "incomingN": 0,
    "integration": "ethereum",
    "method": "Request",
    "outgoing": "0.007",
    "outgoingAsset": "ethereum:0x0000000000000000000000000000000000000000:ETH",
    "outgoingN": 0.007,
    "status": "",
    "timestamp": 1507385778000,
    "to": "0x9ae98746eb8a0aeee5ff2b6b15875313a986f103",
    "txHash": "0xd128c976d0d44f66a9d56a239479e7f88e7d414cb23d1200e8d254bc8a57bd0a",
    "txnFee": "0.000489321",
    "txnFeeUsd": "1.10784230057072",
    "type": "Withdraw",
    "valueIn": "0",
    "valueOut": "0.007",
    "wallet": "0x003dc32fe920a4aaeed12dc87e145f030aa753f3",
  },
  {
    "_id": "186018469_3924260134",
    "_rev": "1-3d96a767a2030a25b76a9b4342fce479",
    "blockNumber": "4344965",
    "contractAddress": "",
    "errorCode": "",
    "ethCurrentValue": "0",
    "ethHistoricalPrice": "311.26",
    "fee": "-0.001181334",
    "feeAsset": "ethereum:0x0000000000000000000000000000000000000000:ETH",
    "feeN": -0.001181334,
    "from": "0x003dc32fe920a4aaeed12dc87e145f030aa753f3",
    "importId": "186018469",
    "importIndex": 2,
    "incoming": "0",
    "incomingAsset": "ethereum:0x0000000000000000000000000000000000000000:ETH",
    "incomingN": 0,
    "integration": "ethereum",
    "method": "Confirm",
    "outgoing": "0",
    "outgoingAsset": "ethereum:0x0000000000000000000000000000000000000000:ETH",
    "outgoingN": 0,
    "status": "",
    "timestamp": 1507385513000,
    "to": "0x673f0dec1416803a39d50760c697fb26f4c539b0",
    "txHash": "0xfa2a9819ec02f9a5c2510403a7399b54c6b92dc5d6b498a6b65bc4443bbefc01",
    "txnFee": "0.001181334",
    "txnFeeUsd": "2.6745873900822",
    "type": "Unknown",
    "valueIn": "0",
    "valueOut": "0",
    "wallet": "0x003dc32fe920a4aaeed12dc87e145f030aa753f3",
  },
  {
    "_id": "186018469_3168386733",
    "_rev": "1-89cf23a98b51dc2114feb66afc58bf01",
    "blockNumber": "4344952",
    "contractAddress": "",
    "errorCode": "",
    "ethCurrentValue": "0",
    "ethHistoricalPrice": "311.26",
    "fee": "-0.000536361",
    "feeAsset": "ethereum:0x0000000000000000000000000000000000000000:ETH",
    "feeN": -0.000536361,
    "from": "0x003dc32fe920a4aaeed12dc87e145f030aa753f3",
    "importId": "186018469",
    "importIndex": 1,
    "incoming": "0",
    "incomingAsset": "ethereum:0x0000000000000000000000000000000000000000:ETH",
    "incomingN": 0,
    "integration": "ethereum",
    "method": "Request",
    "outgoing": "0",
    "outgoingAsset": "ethereum:0x0000000000000000000000000000000000000000:ETH",
    "outgoingN": 0,
    "status": "",
    "timestamp": 1507385172000,
    "to": "0x673f0dec1416803a39d50760c697fb26f4c539b0",
    "txHash": "0xc0ef7789377d16670ddef077ca52f54897567d32b3571843c7e0025502d3456b",
    "txnFee": "0.000536361",
    "txnFeeUsd": "1.2143427406067",
    "type": "Unknown",
    "valueIn": "0",
    "valueOut": "0",
    "wallet": "0x003dc32fe920a4aaeed12dc87e145f030aa753f3",
  },
  {
    "_id": "186018469_1619377117",
    "_rev": "1-6435bfc7615596bc7f2a2b6fec29cc1e",
    "blockNumber": "4344914",
    "contractAddress": "",
    "errorCode": "",
    "ethCurrentValue": "1132.01998337566",
    "ethHistoricalPrice": "311.26",
    "feeAsset": "ethereum:0x0000000000000000000000000000000000000000:ETH",
    "from": "0xf98c96b5d10faafc2324847c82305bd5fd7e5ad3",
    "importId": "186018469",
    "importIndex": 0,
    "incoming": "0.5",
    "incomingAsset": "ethereum:0x0000000000000000000000000000000000000000:ETH",
    "incomingN": 0.5,
    "integration": "ethereum",
    "method": "Transfer",
    "outgoing": "0",
    "outgoingAsset": "ethereum:0x0000000000000000000000000000000000000000:ETH",
    "outgoingN": 0,
    "status": "",
    "timestamp": 1507383978000,
    "to": "0x003dc32fe920a4aaeed12dc87e145f030aa753f3",
    "txHash": "0xb41d6819932845278e7c451400f1778a952b35c6358dc51b49436438753f5113",
    "txnFee": "0.000441",
    "txnFeeUsd": "0.998441625337332",
    "type": "Deposit",
    "valueIn": "0.5",
    "valueOut": "0",
    "wallet": "0x003dc32fe920a4aaeed12dc87e145f030aa753f3",
  },
]